<?xml version="1.0" encoding="ISO-8859-1" ?>
<link_info>
   <banner>TMS320C2000 Linker PC v21.6.0.LTS</banner>
   <copyright>Copyright (c) 1996-2018 Texas Instruments Incorporated</copyright>
   <link_time>0x63481a19</link_time>
   <link_errors>0x0</link_errors>
   <output_file>28335_test.out</output_file>
   <entry_point>
      <name>_c_int00</name>
      <address>0xa9fe</address>
   </entry_point>
   <input_file_list>
      <input_file id="fl-2">
         <path>.\source\</path>
         <kind>object</kind>
         <file>Adc.obj</file>
         <name>Adc.obj</name>
      </input_file>
      <input_file id="fl-3">
         <path>.\source\</path>
         <kind>object</kind>
         <file>DSP2833x_ADC_cal.obj</file>
         <name>DSP2833x_ADC_cal.obj</name>
      </input_file>
      <input_file id="fl-4">
         <path>.\source\</path>
         <kind>object</kind>
         <file>DSP2833x_CSMPasswords.obj</file>
         <name>DSP2833x_CSMPasswords.obj</name>
      </input_file>
      <input_file id="fl-5">
         <path>.\source\</path>
         <kind>object</kind>
         <file>DSP2833x_CodeStartBranch.obj</file>
         <name>DSP2833x_CodeStartBranch.obj</name>
      </input_file>
      <input_file id="fl-6">
         <path>.\source\</path>
         <kind>object</kind>
         <file>DSP2833x_CpuTimers.obj</file>
         <name>DSP2833x_CpuTimers.obj</name>
      </input_file>
      <input_file id="fl-7">
         <path>.\source\</path>
         <kind>object</kind>
         <file>DSP2833x_DBGIER.obj</file>
         <name>DSP2833x_DBGIER.obj</name>
      </input_file>
      <input_file id="fl-8">
         <path>.\source\</path>
         <kind>object</kind>
         <file>DSP2833x_DMA.obj</file>
         <name>DSP2833x_DMA.obj</name>
      </input_file>
      <input_file id="fl-9">
         <path>.\source\</path>
         <kind>object</kind>
         <file>DSP2833x_DefaultIsr.obj</file>
         <name>DSP2833x_DefaultIsr.obj</name>
      </input_file>
      <input_file id="fl-a">
         <path>.\source\</path>
         <kind>object</kind>
         <file>DSP2833x_DisInt.obj</file>
         <name>DSP2833x_DisInt.obj</name>
      </input_file>
      <input_file id="fl-b">
         <path>.\source\</path>
         <kind>object</kind>
         <file>DSP2833x_ECan.obj</file>
         <name>DSP2833x_ECan.obj</name>
      </input_file>
      <input_file id="fl-c">
         <path>.\source\</path>
         <kind>object</kind>
         <file>DSP2833x_ECap.obj</file>
         <name>DSP2833x_ECap.obj</name>
      </input_file>
      <input_file id="fl-d">
         <path>.\source\</path>
         <kind>object</kind>
         <file>DSP2833x_EPwm.obj</file>
         <name>DSP2833x_EPwm.obj</name>
      </input_file>
      <input_file id="fl-e">
         <path>.\source\</path>
         <kind>object</kind>
         <file>DSP2833x_EQep.obj</file>
         <name>DSP2833x_EQep.obj</name>
      </input_file>
      <input_file id="fl-f">
         <path>.\source\</path>
         <kind>object</kind>
         <file>DSP2833x_GlobalVariableDefs.obj</file>
         <name>DSP2833x_GlobalVariableDefs.obj</name>
      </input_file>
      <input_file id="fl-10">
         <path>.\source\</path>
         <kind>object</kind>
         <file>DSP2833x_Gpio.obj</file>
         <name>DSP2833x_Gpio.obj</name>
      </input_file>
      <input_file id="fl-11">
         <path>.\source\</path>
         <kind>object</kind>
         <file>DSP2833x_I2C.obj</file>
         <name>DSP2833x_I2C.obj</name>
      </input_file>
      <input_file id="fl-12">
         <path>.\source\</path>
         <kind>object</kind>
         <file>DSP2833x_Mcbsp.obj</file>
         <name>DSP2833x_Mcbsp.obj</name>
      </input_file>
      <input_file id="fl-13">
         <path>.\source\</path>
         <kind>object</kind>
         <file>DSP2833x_MemCopy.obj</file>
         <name>DSP2833x_MemCopy.obj</name>
      </input_file>
      <input_file id="fl-14">
         <path>.\source\</path>
         <kind>object</kind>
         <file>DSP2833x_PieCtrl.obj</file>
         <name>DSP2833x_PieCtrl.obj</name>
      </input_file>
      <input_file id="fl-15">
         <path>.\source\</path>
         <kind>object</kind>
         <file>DSP2833x_PieVect.obj</file>
         <name>DSP2833x_PieVect.obj</name>
      </input_file>
      <input_file id="fl-16">
         <path>.\source\</path>
         <kind>object</kind>
         <file>DSP2833x_Sci.obj</file>
         <name>DSP2833x_Sci.obj</name>
      </input_file>
      <input_file id="fl-17">
         <path>.\source\</path>
         <kind>object</kind>
         <file>DSP2833x_Spi.obj</file>
         <name>DSP2833x_Spi.obj</name>
      </input_file>
      <input_file id="fl-18">
         <path>.\source\</path>
         <kind>object</kind>
         <file>DSP2833x_SysCtrl.obj</file>
         <name>DSP2833x_SysCtrl.obj</name>
      </input_file>
      <input_file id="fl-19">
         <path>.\source\</path>
         <kind>object</kind>
         <file>DSP2833x_Xintf.obj</file>
         <name>DSP2833x_Xintf.obj</name>
      </input_file>
      <input_file id="fl-1a">
         <path>.\source\</path>
         <kind>object</kind>
         <file>DSP2833x_usDelay.obj</file>
         <name>DSP2833x_usDelay.obj</name>
      </input_file>
      <input_file id="fl-1b">
         <path>.\source\</path>
         <kind>object</kind>
         <file>Pelab_EPWM.obj</file>
         <name>Pelab_EPWM.obj</name>
      </input_file>
      <input_file id="fl-1c">
         <path>.\source\</path>
         <kind>object</kind>
         <file>Pelab_Func.obj</file>
         <name>Pelab_Func.obj</name>
      </input_file>
      <input_file id="fl-1d">
         <path>.\source\</path>
         <kind>object</kind>
         <file>Qep.obj</file>
         <name>Qep.obj</name>
      </input_file>
      <input_file id="fl-1e">
         <path>.\source\</path>
         <kind>object</kind>
         <file>RFFT_adc_f32.obj</file>
         <name>RFFT_adc_f32.obj</name>
      </input_file>
      <input_file id="fl-1f">
         <path>.\source\</path>
         <kind>object</kind>
         <file>RFFT_adc_f32u.obj</file>
         <name>RFFT_adc_f32u.obj</name>
      </input_file>
      <input_file id="fl-20">
         <path>.\source\</path>
         <kind>object</kind>
         <file>RFFT_f32.obj</file>
         <name>RFFT_f32.obj</name>
      </input_file>
      <input_file id="fl-21">
         <path>.\source\</path>
         <kind>object</kind>
         <file>RFFT_f32_mag.obj</file>
         <name>RFFT_f32_mag.obj</name>
      </input_file>
      <input_file id="fl-22">
         <path>.\source\</path>
         <kind>object</kind>
         <file>RFFT_f32_phase.obj</file>
         <name>RFFT_f32_phase.obj</name>
      </input_file>
      <input_file id="fl-23">
         <path>.\source\</path>
         <kind>object</kind>
         <file>RFFT_f32_sincostable.obj</file>
         <name>RFFT_f32_sincostable.obj</name>
      </input_file>
      <input_file id="fl-24">
         <path>.\source\</path>
         <kind>object</kind>
         <file>RFFT_f32s_mag.obj</file>
         <name>RFFT_f32s_mag.obj</name>
      </input_file>
      <input_file id="fl-25">
         <path>.\source\</path>
         <kind>object</kind>
         <file>RFFT_f32u.obj</file>
         <name>RFFT_f32u.obj</name>
      </input_file>
      <input_file id="fl-26">
         <path>.\source\</path>
         <kind>object</kind>
         <file>RingBuff.obj</file>
         <name>RingBuff.obj</name>
      </input_file>
      <input_file id="fl-27">
         <path>.\source\</path>
         <kind>object</kind>
         <file>Timer.obj</file>
         <name>Timer.obj</name>
      </input_file>
      <input_file id="fl-28">
         <path>.\source\</path>
         <kind>object</kind>
         <file>dac_easyDSP.obj</file>
         <name>dac_easyDSP.obj</name>
      </input_file>
      <input_file id="fl-29">
         <path>.\source\</path>
         <kind>object</kind>
         <file>easy2833x_sci_v8.5.obj</file>
         <name>easy2833x_sci_v8.5.obj</name>
      </input_file>
      <input_file id="fl-2a">
         <path>.\source\</path>
         <kind>object</kind>
         <file>led.obj</file>
         <name>led.obj</name>
      </input_file>
      <input_file id="fl-2b">
         <path>.\source\</path>
         <kind>object</kind>
         <file>main.obj</file>
         <name>main.obj</name>
      </input_file>
      <input_file id="fl-30">
         <kind>object</kind>
         <file>&lt;internal&gt;</file>
         <name>&lt;internal&gt;</name>
      </input_file>
      <input_file id="fl-3c">
         <path>C:\ti\ccs1100\ccs\tools\compiler\ti-cgt-c2000_21.6.0.LTS\lib\</path>
         <kind>archive</kind>
         <file>rts2800_fpu32.lib</file>
         <name>e_atan2f.c.obj</name>
      </input_file>
      <input_file id="fl-3d">
         <path>C:\ti\ccs1100\ccs\tools\compiler\ti-cgt-c2000_21.6.0.LTS\lib\</path>
         <kind>archive</kind>
         <file>rts2800_fpu32.lib</file>
         <name>e_sqrtf.c.obj</name>
      </input_file>
      <input_file id="fl-3e">
         <path>C:\ti\ccs1100\ccs\tools\compiler\ti-cgt-c2000_21.6.0.LTS\lib\</path>
         <kind>archive</kind>
         <file>rts2800_fpu32.lib</file>
         <name>s_atanf.c.obj</name>
      </input_file>
      <input_file id="fl-3f">
         <path>C:\ti\ccs1100\ccs\tools\compiler\ti-cgt-c2000_21.6.0.LTS\lib\</path>
         <kind>archive</kind>
         <file>rts2800_fpu32.lib</file>
         <name>s_cosf.c.obj</name>
      </input_file>
      <input_file id="fl-40">
         <path>C:\ti\ccs1100\ccs\tools\compiler\ti-cgt-c2000_21.6.0.LTS\lib\</path>
         <kind>archive</kind>
         <file>rts2800_fpu32.lib</file>
         <name>s_sinf.c.obj</name>
      </input_file>
      <input_file id="fl-41">
         <path>C:\ti\ccs1100\ccs\tools\compiler\ti-cgt-c2000_21.6.0.LTS\lib\</path>
         <kind>archive</kind>
         <file>rts2800_fpu32.lib</file>
         <name>boot28.asm.obj</name>
      </input_file>
      <input_file id="fl-42">
         <path>C:\ti\ccs1100\ccs\tools\compiler\ti-cgt-c2000_21.6.0.LTS\lib\</path>
         <kind>archive</kind>
         <file>rts2800_fpu32.lib</file>
         <name>fs_div28.asm.obj</name>
      </input_file>
      <input_file id="fl-43">
         <path>C:\ti\ccs1100\ccs\tools\compiler\ti-cgt-c2000_21.6.0.LTS\lib\</path>
         <kind>archive</kind>
         <file>rts2800_fpu32.lib</file>
         <name>ll_aox28.asm.obj</name>
      </input_file>
      <input_file id="fl-44">
         <path>C:\ti\ccs1100\ccs\tools\compiler\ti-cgt-c2000_21.6.0.LTS\lib\</path>
         <kind>archive</kind>
         <file>rts2800_fpu32.lib</file>
         <name>ll_cmp28.asm.obj</name>
      </input_file>
      <input_file id="fl-45">
         <path>C:\ti\ccs1100\ccs\tools\compiler\ti-cgt-c2000_21.6.0.LTS\lib\</path>
         <kind>archive</kind>
         <file>rts2800_fpu32.lib</file>
         <name>cpy_tbl.c.obj</name>
      </input_file>
      <input_file id="fl-46">
         <path>C:\ti\ccs1100\ccs\tools\compiler\ti-cgt-c2000_21.6.0.LTS\lib\</path>
         <kind>archive</kind>
         <file>rts2800_fpu32.lib</file>
         <name>memcpy.c.obj</name>
      </input_file>
      <input_file id="fl-47">
         <path>C:\ti\ccs1100\ccs\tools\compiler\ti-cgt-c2000_21.6.0.LTS\lib\</path>
         <kind>archive</kind>
         <file>rts2800_fpu32.lib</file>
         <name>pre_init.c.obj</name>
      </input_file>
      <input_file id="fl-48">
         <path>C:\ti\ccs1100\ccs\tools\compiler\ti-cgt-c2000_21.6.0.LTS\lib\</path>
         <kind>archive</kind>
         <file>rts2800_fpu32.lib</file>
         <name>startup.c.obj</name>
      </input_file>
      <input_file id="fl-49">
         <path>C:\ti\ccs1100\ccs\tools\compiler\ti-cgt-c2000_21.6.0.LTS\lib\</path>
         <kind>archive</kind>
         <file>rts2800_fpu32.lib</file>
         <name>exit.c.obj</name>
      </input_file>
      <input_file id="fl-4a">
         <path>C:\ti\ccs1100\ccs\tools\compiler\ti-cgt-c2000_21.6.0.LTS\lib\</path>
         <kind>archive</kind>
         <file>rts2800_fpu32.lib</file>
         <name>_lock.c.obj</name>
      </input_file>
      <input_file id="fl-4b">
         <path>C:\ti\ccs1100\ccs\tools\compiler\ti-cgt-c2000_21.6.0.LTS\lib\</path>
         <kind>archive</kind>
         <file>rts2800_fpu32.lib</file>
         <name>args_main.c.obj</name>
      </input_file>
      <input_file id="fl-4c">
         <path>C:\ti\ccs1100\ccs\tools\compiler\ti-cgt-c2000_21.6.0.LTS\lib\</path>
         <kind>archive</kind>
         <file>rts2800_fpu32.lib</file>
         <name>errno.c.obj</name>
      </input_file>
   </input_file_list>
   <object_component_list>
      <object_component id="oc-59">
         <name>codestart</name>
         <load_address>0x0</load_address>
         <run_address>0x0</run_address>
         <size>0x2</size>
         <input_file_ref idref="fl-5"/>
      </object_component>
      <object_component id="oc-f4">
         <name>ramfuncs</name>
         <load_address>0x8180</load_address>
         <run_address>0x8180</run_address>
         <size>0x4</size>
         <input_file_ref idref="fl-1a"/>
      </object_component>
      <object_component id="oc-1b3">
         <name>.text</name>
         <load_address>0x9000</load_address>
         <run_address>0x9000</run_address>
         <size>0x5ac</size>
         <input_file_ref idref="fl-28"/>
      </object_component>
      <object_component id="oc-146">
         <name>.text:retain</name>
         <load_address>0x95ac</load_address>
         <run_address>0x95ac</run_address>
         <size>0x43c</size>
         <input_file_ref idref="fl-29"/>
      </object_component>
      <object_component id="oc-6f">
         <name>.text:retain</name>
         <load_address>0x99e8</load_address>
         <run_address>0x99e8</run_address>
         <size>0x360</size>
         <input_file_ref idref="fl-9"/>
      </object_component>
      <object_component id="oc-1c3">
         <name>.text</name>
         <load_address>0x9d48</load_address>
         <run_address>0x9d48</run_address>
         <size>0x1f4</size>
         <input_file_ref idref="fl-2"/>
      </object_component>
      <object_component id="oc-1c1">
         <name>.text</name>
         <load_address>0x9f3c</load_address>
         <run_address>0x9f3c</run_address>
         <size>0x15b</size>
         <input_file_ref idref="fl-d"/>
      </object_component>
      <object_component id="oc-1c7">
         <name>.text</name>
         <load_address>0xa097</load_address>
         <run_address>0xa097</run_address>
         <size>0x1</size>
         <input_file_ref idref="fl-1c"/>
      </object_component>
      <object_component id="oc-108">
         <name>.text</name>
         <load_address>0xa098</load_address>
         <run_address>0xa098</run_address>
         <size>0x138</size>
         <input_file_ref idref="fl-1e"/>
      </object_component>
      <object_component id="oc-112">
         <name>.text</name>
         <load_address>0xa1d0</load_address>
         <run_address>0xa1d0</run_address>
         <size>0x11d</size>
         <input_file_ref idref="fl-20"/>
      </object_component>
      <object_component id="oc-1ce">
         <name>.text</name>
         <load_address>0xa2ed</load_address>
         <run_address>0xa2ed</run_address>
         <size>0x118</size>
         <input_file_ref idref="fl-1b"/>
      </object_component>
      <object_component id="oc-1c0">
         <name>.text</name>
         <load_address>0xa405</load_address>
         <run_address>0xa405</run_address>
         <size>0xf8</size>
         <input_file_ref idref="fl-18"/>
      </object_component>
      <object_component id="oc-1b5">
         <name>.text</name>
         <load_address>0xa4fd</load_address>
         <run_address>0xa4fd</run_address>
         <size>0xd2</size>
         <input_file_ref idref="fl-3c"/>
      </object_component>
      <object_component id="oc-1bc">
         <name>.text</name>
         <load_address>0xa5cf</load_address>
         <run_address>0xa5cf</run_address>
         <size>0xca</size>
         <input_file_ref idref="fl-3e"/>
      </object_component>
      <object_component id="oc-1c6">
         <name>.text</name>
         <load_address>0xa699</load_address>
         <run_address>0xa699</run_address>
         <size>0xba</size>
         <input_file_ref idref="fl-1d"/>
      </object_component>
      <object_component id="oc-1b0">
         <name>.text</name>
         <load_address>0xa753</load_address>
         <run_address>0xa753</run_address>
         <size>0x1</size>
         <input_file_ref idref="fl-48"/>
      </object_component>
      <object_component id="oc-10d">
         <name>.text</name>
         <load_address>0xa754</load_address>
         <run_address>0xa754</run_address>
         <size>0x9e</size>
         <input_file_ref idref="fl-1f"/>
      </object_component>
      <object_component id="oc-176">
         <name>.text</name>
         <load_address>0xa7f2</load_address>
         <run_address>0xa7f2</run_address>
         <size>0x88</size>
         <input_file_ref idref="fl-42"/>
      </object_component>
      <object_component id="oc-12b">
         <name>.text</name>
         <load_address>0xa87a</load_address>
         <run_address>0xa87a</run_address>
         <size>0x85</size>
         <input_file_ref idref="fl-25"/>
      </object_component>
      <object_component id="oc-1b6">
         <name>.text</name>
         <load_address>0xa8ff</load_address>
         <run_address>0xa8ff</run_address>
         <size>0x84</size>
         <input_file_ref idref="fl-26"/>
      </object_component>
      <object_component id="oc-1cf">
         <name>.text</name>
         <load_address>0xa983</load_address>
         <run_address>0xa983</run_address>
         <size>0x7b</size>
         <input_file_ref idref="fl-6"/>
      </object_component>
      <object_component id="oc-4b">
         <name>.text</name>
         <load_address>0xa9fe</load_address>
         <run_address>0xa9fe</run_address>
         <size>0x56</size>
         <input_file_ref idref="fl-41"/>
      </object_component>
      <object_component id="oc-126">
         <name>.text</name>
         <load_address>0xaa54</load_address>
         <run_address>0xaa54</run_address>
         <size>0x55</size>
         <input_file_ref idref="fl-24"/>
      </object_component>
      <object_component id="oc-1c4">
         <name>.text</name>
         <load_address>0xaaa9</load_address>
         <run_address>0xaaa9</run_address>
         <size>0x4b</size>
         <input_file_ref idref="fl-29"/>
      </object_component>
      <object_component id="oc-11c">
         <name>.text</name>
         <load_address>0xaaf4</load_address>
         <run_address>0xaaf4</run_address>
         <size>0x49</size>
         <input_file_ref idref="fl-22"/>
      </object_component>
      <object_component id="oc-117">
         <name>.text</name>
         <load_address>0xab3d</load_address>
         <run_address>0xab3d</run_address>
         <size>0x44</size>
         <input_file_ref idref="fl-21"/>
      </object_component>
      <object_component id="oc-1b8">
         <name>.text</name>
         <load_address>0xab81</load_address>
         <run_address>0xab81</run_address>
         <size>0x44</size>
         <input_file_ref idref="fl-2b"/>
      </object_component>
      <object_component id="oc-1be">
         <name>.text</name>
         <load_address>0xabc5</load_address>
         <run_address>0xabc5</run_address>
         <size>0x30</size>
         <input_file_ref idref="fl-14"/>
      </object_component>
      <object_component id="oc-1b2">
         <name>.text</name>
         <load_address>0xabf5</load_address>
         <run_address>0xabf5</run_address>
         <size>0x29</size>
         <input_file_ref idref="fl-49"/>
      </object_component>
      <object_component id="oc-1b4">
         <name>.text</name>
         <load_address>0xac1e</load_address>
         <run_address>0xac1e</run_address>
         <size>0x27</size>
         <input_file_ref idref="fl-3d"/>
      </object_component>
      <object_component id="oc-1c5">
         <name>.text</name>
         <load_address>0xac45</load_address>
         <run_address>0xac45</run_address>
         <size>0x24</size>
         <input_file_ref idref="fl-10"/>
      </object_component>
      <object_component id="oc-1af">
         <name>.text</name>
         <load_address>0xac69</load_address>
         <run_address>0xac69</run_address>
         <size>0x24</size>
         <input_file_ref idref="fl-45"/>
      </object_component>
      <object_component id="oc-1c2">
         <name>.text</name>
         <load_address>0xac8d</load_address>
         <run_address>0xac8d</run_address>
         <size>0x22</size>
         <input_file_ref idref="fl-27"/>
      </object_component>
      <object_component id="oc-1bf">
         <name>.text</name>
         <load_address>0xacaf</load_address>
         <run_address>0xacaf</run_address>
         <size>0x20</size>
         <input_file_ref idref="fl-15"/>
      </object_component>
      <object_component id="oc-180">
         <name>.text</name>
         <load_address>0xaccf</load_address>
         <run_address>0xaccf</run_address>
         <size>0x1e</size>
         <input_file_ref idref="fl-44"/>
      </object_component>
      <object_component id="oc-1b7">
         <name>.text</name>
         <load_address>0xaced</load_address>
         <run_address>0xaced</run_address>
         <size>0x1d</size>
         <input_file_ref idref="fl-46"/>
      </object_component>
      <object_component id="oc-17b">
         <name>.text</name>
         <load_address>0xad0a</load_address>
         <run_address>0xad0a</run_address>
         <size>0x18</size>
         <input_file_ref idref="fl-43"/>
      </object_component>
      <object_component id="oc-1b1">
         <name>.text</name>
         <load_address>0xad22</load_address>
         <run_address>0xad22</run_address>
         <size>0x12</size>
         <input_file_ref idref="fl-4b"/>
      </object_component>
      <object_component id="oc-1c8">
         <name>.text</name>
         <load_address>0xad34</load_address>
         <run_address>0xad34</run_address>
         <size>0x9</size>
         <input_file_ref idref="fl-4a"/>
      </object_component>
      <object_component id="oc-58">
         <name>.text</name>
         <load_address>0xad3d</load_address>
         <run_address>0xad3d</run_address>
         <size>0x8</size>
         <input_file_ref idref="fl-5"/>
      </object_component>
      <object_component id="oc-74">
         <name>.text</name>
         <load_address>0xad45</load_address>
         <run_address>0xad45</run_address>
         <size>0x7</size>
         <input_file_ref idref="fl-a"/>
      </object_component>
      <object_component id="oc-64">
         <name>.text</name>
         <load_address>0xad4c</load_address>
         <run_address>0xad4c</run_address>
         <size>0x3</size>
         <input_file_ref idref="fl-7"/>
      </object_component>
      <object_component id="oc-1ae">
         <name>.text</name>
         <load_address>0xad4f</load_address>
         <run_address>0xad4f</run_address>
         <size>0x2</size>
         <input_file_ref idref="fl-47"/>
      </object_component>
      <object_component id="oc-8e">
         <name>.cinit</name>
         <load_address>0x8000</load_address>
         <run_address>0x8000</run_address>
         <size>0xe8</size>
         <input_file_ref idref="fl-f"/>
      </object_component>
      <object_component id="oc-144">
         <name>.cinit</name>
         <load_address>0x80e8</load_address>
         <run_address>0x80e8</run_address>
         <size>0x66</size>
         <input_file_ref idref="fl-29"/>
      </object_component>
      <object_component id="oc-19a">
         <name>.cinit</name>
         <load_address>0x814e</load_address>
         <run_address>0x814e</run_address>
         <size>0xe</size>
         <input_file_ref idref="fl-49"/>
      </object_component>
      <object_component id="oc-131">
         <name>.cinit</name>
         <load_address>0x815c</load_address>
         <run_address>0x815c</run_address>
         <size>0xc</size>
         <input_file_ref idref="fl-26"/>
      </object_component>
      <object_component id="oc-13d">
         <name>.cinit</name>
         <load_address>0x8168</load_address>
         <run_address>0x8168</run_address>
         <size>0x8</size>
         <input_file_ref idref="fl-28"/>
      </object_component>
      <object_component id="oc-1ba">
         <name>.cinit:__lock</name>
         <load_address>0x8170</load_address>
         <run_address>0x8170</run_address>
         <size>0x5</size>
         <input_file_ref idref="fl-4a"/>
      </object_component>
      <object_component id="oc-1c9">
         <name>.cinit:__unlock</name>
         <load_address>0x8175</load_address>
         <run_address>0x8175</run_address>
         <size>0x5</size>
         <input_file_ref idref="fl-4a"/>
      </object_component>
      <object_component id="oc-1ab">
         <name>.cinit</name>
         <load_address>0x817a</load_address>
         <run_address>0x817a</run_address>
         <size>0x4</size>
         <input_file_ref idref="fl-4c"/>
      </object_component>
      <object_component id="oc-170">
         <name>.stack</name>
         <uninitialized>true</uninitialized>
         <run_address>0x400</run_address>
         <size>0x0</size>
         <input_file_ref idref="fl-41"/>
      </object_component>
      <object_component id="oc-225">
         <name>.stack</name>
         <uninitialized>true</uninitialized>
         <run_address>0x400</run_address>
         <size>0x0</size>
      </object_component>
      <object_component id="oc-5f">
         <name>.ebss</name>
         <uninitialized>true</uninitialized>
         <run_address>0xc180</run_address>
         <size>0x18</size>
         <input_file_ref idref="fl-6"/>
      </object_component>
      <object_component id="oc-8f">
         <name>.ebss</name>
         <uninitialized>true</uninitialized>
         <run_address>0xc100</run_address>
         <size>0x58</size>
         <input_file_ref idref="fl-f"/>
      </object_component>
      <object_component id="oc-1bb">
         <name>.ebss:_data_ptr</name>
         <uninitialized>true</uninitialized>
         <run_address>0xc000</run_address>
         <size>0xc6</size>
         <input_file_ref idref="fl-f"/>
      </object_component>
      <object_component id="oc-132">
         <name>.ebss</name>
         <uninitialized>true</uninitialized>
         <run_address>0xc176</run_address>
         <size>0x3</size>
         <input_file_ref idref="fl-26"/>
      </object_component>
      <object_component id="oc-1bd">
         <name>.ebss:_ezDSP_ringBuffer</name>
         <uninitialized>true</uninitialized>
         <run_address>0xc0c6</run_address>
         <size>0x32</size>
         <input_file_ref idref="fl-26"/>
      </object_component>
      <object_component id="oc-13e">
         <name>.ebss</name>
         <uninitialized>true</uninitialized>
         <run_address>0xc198</run_address>
         <size>0x12</size>
         <input_file_ref idref="fl-28"/>
      </object_component>
      <object_component id="oc-145">
         <name>.ebss</name>
         <uninitialized>true</uninitialized>
         <run_address>0xc158</run_address>
         <size>0x1e</size>
         <input_file_ref idref="fl-29"/>
      </object_component>
      <object_component id="oc-19b">
         <name>.ebss</name>
         <uninitialized>true</uninitialized>
         <run_address>0xc0f8</run_address>
         <size>0x6</size>
         <input_file_ref idref="fl-49"/>
      </object_component>
      <object_component id="oc-1b9">
         <name>.ebss:__lock</name>
         <uninitialized>true</uninitialized>
         <run_address>0xc0fe</run_address>
         <size>0x2</size>
         <input_file_ref idref="fl-4a"/>
      </object_component>
      <object_component id="oc-1d0">
         <name>.ebss:__unlock</name>
         <uninitialized>true</uninitialized>
         <run_address>0xc17a</run_address>
         <size>0x2</size>
         <input_file_ref idref="fl-4a"/>
      </object_component>
      <object_component id="oc-1ac">
         <name>.ebss</name>
         <uninitialized>true</uninitialized>
         <run_address>0xc179</run_address>
         <size>0x1</size>
         <input_file_ref idref="fl-4c"/>
      </object_component>
      <object_component id="oc-1cd">
         <name>.econst:_PieVectTableInit</name>
         <load_address>0xd000</load_address>
         <run_address>0xd000</run_address>
         <size>0x100</size>
         <input_file_ref idref="fl-15"/>
      </object_component>
      <object_component id="oc-156">
         <name>.econst</name>
         <load_address>0xd100</load_address>
         <run_address>0xd100</run_address>
         <size>0xc</size>
         <input_file_ref idref="fl-3c"/>
      </object_component>
      <object_component id="oc-1cc">
         <name>.econst:_aT</name>
         <load_address>0xd10c</load_address>
         <run_address>0xd10c</run_address>
         <size>0xa</size>
         <input_file_ref idref="fl-3e"/>
      </object_component>
      <object_component id="oc-1ca">
         <name>.econst:_atanhi</name>
         <load_address>0xd116</load_address>
         <run_address>0xd116</run_address>
         <size>0x8</size>
         <input_file_ref idref="fl-3e"/>
      </object_component>
      <object_component id="oc-1cb">
         <name>.econst:_atanlo</name>
         <load_address>0xd11e</load_address>
         <run_address>0xd11e</run_address>
         <size>0x8</size>
         <input_file_ref idref="fl-3e"/>
      </object_component>
      <object_component id="oc-161">
         <name>.econst</name>
         <load_address>0xd126</load_address>
         <run_address>0xd126</run_address>
         <size>0x4</size>
         <input_file_ref idref="fl-3e"/>
      </object_component>
      <object_component id="oc-171">
         <name>.reset</name>
         <load_address>0x3fffc0</load_address>
         <run_address>0x3fffc0</run_address>
         <size>0x2</size>
         <input_file_ref idref="fl-41"/>
      </object_component>
      <object_component id="oc-57">
         <name>csm_rsvd</name>
         <load_address>0x33ff80</load_address>
         <run_address>0x33ff80</run_address>
         <size>0x76</size>
         <input_file_ref idref="fl-4"/>
      </object_component>
      <object_component id="oc-56">
         <name>csmpasswds</name>
         <load_address>0x33fff8</load_address>
         <run_address>0x33fff8</run_address>
         <size>0x8</size>
         <input_file_ref idref="fl-4"/>
      </object_component>
      <object_component id="oc-51">
         <name>.adc_cal</name>
         <load_address>0x380080</load_address>
         <run_address>0x380080</run_address>
         <size>0x7</size>
         <input_file_ref idref="fl-3"/>
      </object_component>
      <object_component id="oc-c0">
         <name>PieVectTableFile</name>
         <uninitialized>true</uninitialized>
         <run_address>0xd00</run_address>
         <size>0x100</size>
         <input_file_ref idref="fl-f"/>
      </object_component>
      <object_component id="oc-bc">
         <name>DevEmuRegsFile</name>
         <uninitialized>true</uninitialized>
         <run_address>0x880</run_address>
         <size>0xd0</size>
         <input_file_ref idref="fl-f"/>
      </object_component>
      <object_component id="oc-94">
         <name>FlashRegsFile</name>
         <uninitialized>true</uninitialized>
         <run_address>0xa80</run_address>
         <size>0x8</size>
         <input_file_ref idref="fl-f"/>
      </object_component>
      <object_component id="oc-97">
         <name>CsmRegsFile</name>
         <uninitialized>true</uninitialized>
         <run_address>0xae0</run_address>
         <size>0x10</size>
         <input_file_ref idref="fl-f"/>
      </object_component>
      <object_component id="oc-96">
         <name>AdcMirrorFile</name>
         <uninitialized>true</uninitialized>
         <run_address>0xb00</run_address>
         <size>0x10</size>
         <input_file_ref idref="fl-f"/>
      </object_component>
      <object_component id="oc-9f">
         <name>XintfRegsFile</name>
         <uninitialized>true</uninitialized>
         <run_address>0xb20</run_address>
         <size>0x1e</size>
         <input_file_ref idref="fl-f"/>
      </object_component>
      <object_component id="oc-90">
         <name>CpuTimer0RegsFile</name>
         <uninitialized>true</uninitialized>
         <run_address>0xc00</run_address>
         <size>0x8</size>
         <input_file_ref idref="fl-f"/>
      </object_component>
      <object_component id="oc-91">
         <name>CpuTimer1RegsFile</name>
         <uninitialized>true</uninitialized>
         <run_address>0xc08</run_address>
         <size>0x8</size>
         <input_file_ref idref="fl-f"/>
      </object_component>
      <object_component id="oc-92">
         <name>CpuTimer2RegsFile</name>
         <uninitialized>true</uninitialized>
         <run_address>0xc10</run_address>
         <size>0x8</size>
         <input_file_ref idref="fl-f"/>
      </object_component>
      <object_component id="oc-9d">
         <name>PieCtrlRegsFile</name>
         <uninitialized>true</uninitialized>
         <run_address>0xce0</run_address>
         <size>0x1a</size>
         <input_file_ref idref="fl-f"/>
      </object_component>
      <object_component id="oc-bd">
         <name>DmaRegsFile</name>
         <uninitialized>true</uninitialized>
         <run_address>0x1000</run_address>
         <size>0xe0</size>
         <input_file_ref idref="fl-f"/>
      </object_component>
      <object_component id="oc-af">
         <name>McbspaRegsFile</name>
         <uninitialized>true</uninitialized>
         <run_address>0x5000</run_address>
         <size>0x25</size>
         <input_file_ref idref="fl-f"/>
      </object_component>
      <object_component id="oc-b0">
         <name>McbspbRegsFile</name>
         <uninitialized>true</uninitialized>
         <run_address>0x5040</run_address>
         <size>0x25</size>
         <input_file_ref idref="fl-f"/>
      </object_component>
      <object_component id="oc-b2">
         <name>ECanaRegsFile</name>
         <uninitialized>true</uninitialized>
         <run_address>0x6000</run_address>
         <size>0x34</size>
         <input_file_ref idref="fl-f"/>
      </object_component>
      <object_component id="oc-b4">
         <name>ECanaLAMRegsFile</name>
         <uninitialized>true</uninitialized>
         <run_address>0x6040</run_address>
         <size>0x40</size>
         <input_file_ref idref="fl-f"/>
      </object_component>
      <object_component id="oc-be">
         <name>ECanaMboxesFile</name>
         <uninitialized>true</uninitialized>
         <run_address>0x6100</run_address>
         <size>0x100</size>
         <input_file_ref idref="fl-f"/>
      </object_component>
      <object_component id="oc-b5">
         <name>ECanaMOTSRegsFile</name>
         <uninitialized>true</uninitialized>
         <run_address>0x6080</run_address>
         <size>0x40</size>
         <input_file_ref idref="fl-f"/>
      </object_component>
      <object_component id="oc-b6">
         <name>ECanaMOTORegsFile</name>
         <uninitialized>true</uninitialized>
         <run_address>0x60c0</run_address>
         <size>0x40</size>
         <input_file_ref idref="fl-f"/>
      </object_component>
      <object_component id="oc-b3">
         <name>ECanbRegsFile</name>
         <uninitialized>true</uninitialized>
         <run_address>0x6200</run_address>
         <size>0x34</size>
         <input_file_ref idref="fl-f"/>
      </object_component>
      <object_component id="oc-b7">
         <name>ECanbLAMRegsFile</name>
         <uninitialized>true</uninitialized>
         <run_address>0x6240</run_address>
         <size>0x40</size>
         <input_file_ref idref="fl-f"/>
      </object_component>
      <object_component id="oc-bf">
         <name>ECanbMboxesFile</name>
         <uninitialized>true</uninitialized>
         <run_address>0x6300</run_address>
         <size>0x100</size>
         <input_file_ref idref="fl-f"/>
      </object_component>
      <object_component id="oc-b8">
         <name>ECanbMOTSRegsFile</name>
         <uninitialized>true</uninitialized>
         <run_address>0x6280</run_address>
         <size>0x40</size>
         <input_file_ref idref="fl-f"/>
      </object_component>
      <object_component id="oc-b9">
         <name>ECanbMOTORegsFile</name>
         <uninitialized>true</uninitialized>
         <run_address>0x62c0</run_address>
         <size>0x40</size>
         <input_file_ref idref="fl-f"/>
      </object_component>
      <object_component id="oc-a8">
         <name>EPwm1RegsFile</name>
         <uninitialized>true</uninitialized>
         <run_address>0x6800</run_address>
         <size>0x22</size>
         <input_file_ref idref="fl-f"/>
      </object_component>
      <object_component id="oc-a9">
         <name>EPwm2RegsFile</name>
         <uninitialized>true</uninitialized>
         <run_address>0x6840</run_address>
         <size>0x22</size>
         <input_file_ref idref="fl-f"/>
      </object_component>
      <object_component id="oc-aa">
         <name>EPwm3RegsFile</name>
         <uninitialized>true</uninitialized>
         <run_address>0x6880</run_address>
         <size>0x22</size>
         <input_file_ref idref="fl-f"/>
      </object_component>
      <object_component id="oc-ab">
         <name>EPwm4RegsFile</name>
         <uninitialized>true</uninitialized>
         <run_address>0x68c0</run_address>
         <size>0x22</size>
         <input_file_ref idref="fl-f"/>
      </object_component>
      <object_component id="oc-ac">
         <name>EPwm5RegsFile</name>
         <uninitialized>true</uninitialized>
         <run_address>0x6900</run_address>
         <size>0x22</size>
         <input_file_ref idref="fl-f"/>
      </object_component>
      <object_component id="oc-ad">
         <name>EPwm6RegsFile</name>
         <uninitialized>true</uninitialized>
         <run_address>0x6940</run_address>
         <size>0x22</size>
         <input_file_ref idref="fl-f"/>
      </object_component>
      <object_component id="oc-a0">
         <name>ECap1RegsFile</name>
         <uninitialized>true</uninitialized>
         <run_address>0x6a00</run_address>
         <size>0x20</size>
         <input_file_ref idref="fl-f"/>
      </object_component>
      <object_component id="oc-a1">
         <name>ECap2RegsFile</name>
         <uninitialized>true</uninitialized>
         <run_address>0x6a20</run_address>
         <size>0x20</size>
         <input_file_ref idref="fl-f"/>
      </object_component>
      <object_component id="oc-a2">
         <name>ECap3RegsFile</name>
         <uninitialized>true</uninitialized>
         <run_address>0x6a40</run_address>
         <size>0x20</size>
         <input_file_ref idref="fl-f"/>
      </object_component>
      <object_component id="oc-a3">
         <name>ECap4RegsFile</name>
         <uninitialized>true</uninitialized>
         <run_address>0x6a60</run_address>
         <size>0x20</size>
         <input_file_ref idref="fl-f"/>
      </object_component>
      <object_component id="oc-a4">
         <name>ECap5RegsFile</name>
         <uninitialized>true</uninitialized>
         <run_address>0x6a80</run_address>
         <size>0x20</size>
         <input_file_ref idref="fl-f"/>
      </object_component>
      <object_component id="oc-a5">
         <name>ECap6RegsFile</name>
         <uninitialized>true</uninitialized>
         <run_address>0x6aa0</run_address>
         <size>0x20</size>
         <input_file_ref idref="fl-f"/>
      </object_component>
      <object_component id="oc-ba">
         <name>EQep1RegsFile</name>
         <uninitialized>true</uninitialized>
         <run_address>0x6b00</run_address>
         <size>0x40</size>
         <input_file_ref idref="fl-f"/>
      </object_component>
      <object_component id="oc-bb">
         <name>EQep2RegsFile</name>
         <uninitialized>true</uninitialized>
         <run_address>0x6b40</run_address>
         <size>0x40</size>
         <input_file_ref idref="fl-f"/>
      </object_component>
      <object_component id="oc-b1">
         <name>GpioCtrlRegsFile</name>
         <uninitialized>true</uninitialized>
         <run_address>0x6f80</run_address>
         <size>0x2e</size>
         <input_file_ref idref="fl-f"/>
      </object_component>
      <object_component id="oc-a6">
         <name>GpioDataRegsFile</name>
         <uninitialized>true</uninitialized>
         <run_address>0x6fc0</run_address>
         <size>0x20</size>
         <input_file_ref idref="fl-f"/>
      </object_component>
      <object_component id="oc-95">
         <name>GpioIntRegsFile</name>
         <uninitialized>true</uninitialized>
         <run_address>0x6fe0</run_address>
         <size>0xa</size>
         <input_file_ref idref="fl-f"/>
      </object_component>
      <object_component id="oc-a7">
         <name>SysCtrlRegsFile</name>
         <uninitialized>true</uninitialized>
         <run_address>0x7010</run_address>
         <size>0x20</size>
         <input_file_ref idref="fl-f"/>
      </object_component>
      <object_component id="oc-9b">
         <name>SpiaRegsFile</name>
         <uninitialized>true</uninitialized>
         <run_address>0x7040</run_address>
         <size>0x10</size>
         <input_file_ref idref="fl-f"/>
      </object_component>
      <object_component id="oc-98">
         <name>SciaRegsFile</name>
         <uninitialized>true</uninitialized>
         <run_address>0x7050</run_address>
         <size>0x10</size>
         <input_file_ref idref="fl-f"/>
      </object_component>
      <object_component id="oc-9c">
         <name>XIntruptRegsFile</name>
         <uninitialized>true</uninitialized>
         <run_address>0x7070</run_address>
         <size>0x10</size>
         <input_file_ref idref="fl-f"/>
      </object_component>
      <object_component id="oc-9e">
         <name>AdcRegsFile</name>
         <uninitialized>true</uninitialized>
         <run_address>0x7100</run_address>
         <size>0x1e</size>
         <input_file_ref idref="fl-f"/>
      </object_component>
      <object_component id="oc-99">
         <name>ScibRegsFile</name>
         <uninitialized>true</uninitialized>
         <run_address>0x7750</run_address>
         <size>0x10</size>
         <input_file_ref idref="fl-f"/>
      </object_component>
      <object_component id="oc-9a">
         <name>ScicRegsFile</name>
         <uninitialized>true</uninitialized>
         <run_address>0x7770</run_address>
         <size>0x10</size>
         <input_file_ref idref="fl-f"/>
      </object_component>
      <object_component id="oc-ae">
         <name>I2caRegsFile</name>
         <uninitialized>true</uninitialized>
         <run_address>0x7900</run_address>
         <size>0x22</size>
         <input_file_ref idref="fl-f"/>
      </object_component>
      <object_component id="oc-93">
         <name>CsmPwlFile</name>
         <uninitialized>true</uninitialized>
         <run_address>0x33fff8</run_address>
         <size>0x8</size>
         <input_file_ref idref="fl-f"/>
      </object_component>
      <object_component id="oc-4c">
         <name>.debug_info</name>
         <load_address>0x0</load_address>
         <run_address>0x0</run_address>
         <size>0x1d7a</size>
         <input_file_ref idref="fl-2"/>
      </object_component>
      <object_component id="oc-53">
         <name>.debug_info</name>
         <load_address>0x1d7a</load_address>
         <run_address>0x1d7a</run_address>
         <size>0xf1</size>
         <input_file_ref idref="fl-3"/>
      </object_component>
      <object_component id="oc-5b">
         <name>.debug_info</name>
         <load_address>0x1e6b</load_address>
         <run_address>0x1e6b</run_address>
         <size>0x12f</size>
         <input_file_ref idref="fl-5"/>
      </object_component>
      <object_component id="oc-5e">
         <name>.debug_info</name>
         <load_address>0x1f9a</load_address>
         <run_address>0x1f9a</run_address>
         <size>0x97e</size>
         <input_file_ref idref="fl-6"/>
      </object_component>
      <object_component id="oc-66">
         <name>.debug_info</name>
         <load_address>0x2918</load_address>
         <run_address>0x2918</run_address>
         <size>0xef</size>
         <input_file_ref idref="fl-7"/>
      </object_component>
      <object_component id="oc-69">
         <name>.debug_info</name>
         <load_address>0x2a07</load_address>
         <run_address>0x2a07</run_address>
         <size>0x16f1</size>
         <input_file_ref idref="fl-8"/>
      </object_component>
      <object_component id="oc-6e">
         <name>.debug_info</name>
         <load_address>0x40f8</load_address>
         <run_address>0x40f8</run_address>
         <size>0x3af2</size>
         <input_file_ref idref="fl-9"/>
      </object_component>
      <object_component id="oc-76">
         <name>.debug_info</name>
         <load_address>0x7bea</load_address>
         <run_address>0x7bea</run_address>
         <size>0xf5</size>
         <input_file_ref idref="fl-a"/>
      </object_component>
      <object_component id="oc-79">
         <name>.debug_info</name>
         <load_address>0x7cdf</load_address>
         <run_address>0x7cdf</run_address>
         <size>0x5d58</size>
         <input_file_ref idref="fl-b"/>
      </object_component>
      <object_component id="oc-7e">
         <name>.debug_info</name>
         <load_address>0xda37</load_address>
         <run_address>0xda37</run_address>
         <size>0x1b66</size>
         <input_file_ref idref="fl-c"/>
      </object_component>
      <object_component id="oc-83">
         <name>.debug_info</name>
         <load_address>0xf59d</load_address>
         <run_address>0xf59d</run_address>
         <size>0x41d4</size>
         <input_file_ref idref="fl-d"/>
      </object_component>
      <object_component id="oc-88">
         <name>.debug_info</name>
         <load_address>0x13771</load_address>
         <run_address>0x13771</run_address>
         <size>0x1b66</size>
         <input_file_ref idref="fl-e"/>
      </object_component>
      <object_component id="oc-8d">
         <name>.debug_info</name>
         <load_address>0x152d7</load_address>
         <run_address>0x152d7</run_address>
         <size>0x139c5</size>
         <input_file_ref idref="fl-f"/>
      </object_component>
      <object_component id="oc-c2">
         <name>.debug_info</name>
         <load_address>0x28c9c</load_address>
         <run_address>0x28c9c</run_address>
         <size>0x1d5d</size>
         <input_file_ref idref="fl-10"/>
      </object_component>
      <object_component id="oc-c7">
         <name>.debug_info</name>
         <load_address>0x2a9f9</load_address>
         <run_address>0x2a9f9</run_address>
         <size>0x1b65</size>
         <input_file_ref idref="fl-11"/>
      </object_component>
      <object_component id="oc-cc">
         <name>.debug_info</name>
         <load_address>0x2c55e</load_address>
         <run_address>0x2c55e</run_address>
         <size>0x4981</size>
         <input_file_ref idref="fl-12"/>
      </object_component>
      <object_component id="oc-d1">
         <name>.debug_info</name>
         <load_address>0x30edf</load_address>
         <run_address>0x30edf</run_address>
         <size>0x331</size>
         <input_file_ref idref="fl-13"/>
      </object_component>
      <object_component id="oc-d6">
         <name>.debug_info</name>
         <load_address>0x31210</load_address>
         <run_address>0x31210</run_address>
         <size>0xb26</size>
         <input_file_ref idref="fl-14"/>
      </object_component>
      <object_component id="oc-db">
         <name>.debug_info</name>
         <load_address>0x31d36</load_address>
         <run_address>0x31d36</run_address>
         <size>0x228a</size>
         <input_file_ref idref="fl-15"/>
      </object_component>
      <object_component id="oc-e0">
         <name>.debug_info</name>
         <load_address>0x33fc0</load_address>
         <run_address>0x33fc0</run_address>
         <size>0x1b65</size>
         <input_file_ref idref="fl-16"/>
      </object_component>
      <object_component id="oc-e5">
         <name>.debug_info</name>
         <load_address>0x35b25</load_address>
         <run_address>0x35b25</run_address>
         <size>0x1b65</size>
         <input_file_ref idref="fl-17"/>
      </object_component>
      <object_component id="oc-ea">
         <name>.debug_info</name>
         <load_address>0x3768a</load_address>
         <run_address>0x3768a</run_address>
         <size>0x202a</size>
         <input_file_ref idref="fl-18"/>
      </object_component>
      <object_component id="oc-ef">
         <name>.debug_info</name>
         <load_address>0x396b4</load_address>
         <run_address>0x396b4</run_address>
         <size>0x20d0</size>
         <input_file_ref idref="fl-19"/>
      </object_component>
      <object_component id="oc-f6">
         <name>.debug_info</name>
         <load_address>0x3b784</load_address>
         <run_address>0x3b784</run_address>
         <size>0xf1</size>
         <input_file_ref idref="fl-1a"/>
      </object_component>
      <object_component id="oc-f9">
         <name>.debug_info</name>
         <load_address>0x3b875</load_address>
         <run_address>0x3b875</run_address>
         <size>0x21f4</size>
         <input_file_ref idref="fl-1b"/>
      </object_component>
      <object_component id="oc-fe">
         <name>.debug_info</name>
         <load_address>0x3da69</load_address>
         <run_address>0x3da69</run_address>
         <size>0x37d</size>
         <input_file_ref idref="fl-1c"/>
      </object_component>
      <object_component id="oc-103">
         <name>.debug_info</name>
         <load_address>0x3dde6</load_address>
         <run_address>0x3dde6</run_address>
         <size>0x3d74</size>
         <input_file_ref idref="fl-1d"/>
      </object_component>
      <object_component id="oc-10a">
         <name>.debug_info</name>
         <load_address>0x41b5a</load_address>
         <run_address>0x41b5a</run_address>
         <size>0x1b1</size>
         <input_file_ref idref="fl-1e"/>
      </object_component>
      <object_component id="oc-10f">
         <name>.debug_info</name>
         <load_address>0x41d0b</load_address>
         <run_address>0x41d0b</run_address>
         <size>0x17b</size>
         <input_file_ref idref="fl-1f"/>
      </object_component>
      <object_component id="oc-114">
         <name>.debug_info</name>
         <load_address>0x41e86</load_address>
         <run_address>0x41e86</run_address>
         <size>0x199</size>
         <input_file_ref idref="fl-20"/>
      </object_component>
      <object_component id="oc-119">
         <name>.debug_info</name>
         <load_address>0x4201f</load_address>
         <run_address>0x4201f</run_address>
         <size>0xf6</size>
         <input_file_ref idref="fl-21"/>
      </object_component>
      <object_component id="oc-11e">
         <name>.debug_info</name>
         <load_address>0x42115</load_address>
         <run_address>0x42115</run_address>
         <size>0x108</size>
         <input_file_ref idref="fl-22"/>
      </object_component>
      <object_component id="oc-121">
         <name>.debug_info</name>
         <load_address>0x4221d</load_address>
         <run_address>0x4221d</run_address>
         <size>0x452</size>
         <input_file_ref idref="fl-23"/>
      </object_component>
      <object_component id="oc-128">
         <name>.debug_info</name>
         <load_address>0x4266f</load_address>
         <run_address>0x4266f</run_address>
         <size>0xf8</size>
         <input_file_ref idref="fl-24"/>
      </object_component>
      <object_component id="oc-12d">
         <name>.debug_info</name>
         <load_address>0x42767</load_address>
         <run_address>0x42767</run_address>
         <size>0x167</size>
         <input_file_ref idref="fl-25"/>
      </object_component>
      <object_component id="oc-130">
         <name>.debug_info</name>
         <load_address>0x428ce</load_address>
         <run_address>0x428ce</run_address>
         <size>0x6ab</size>
         <input_file_ref idref="fl-26"/>
      </object_component>
      <object_component id="oc-137">
         <name>.debug_info</name>
         <load_address>0x42f79</load_address>
         <run_address>0x42f79</run_address>
         <size>0xfc0</size>
         <input_file_ref idref="fl-27"/>
      </object_component>
      <object_component id="oc-13c">
         <name>.debug_info</name>
         <load_address>0x43f39</load_address>
         <run_address>0x43f39</run_address>
         <size>0x2d1c</size>
         <input_file_ref idref="fl-28"/>
      </object_component>
      <object_component id="oc-143">
         <name>.debug_info</name>
         <load_address>0x46c55</load_address>
         <run_address>0x46c55</run_address>
         <size>0x50ba</size>
         <input_file_ref idref="fl-29"/>
      </object_component>
      <object_component id="oc-14b">
         <name>.debug_info</name>
         <load_address>0x4bd0f</load_address>
         <run_address>0x4bd0f</run_address>
         <size>0x1b5c</size>
         <input_file_ref idref="fl-2a"/>
      </object_component>
      <object_component id="oc-150">
         <name>.debug_info</name>
         <load_address>0x4d86b</load_address>
         <run_address>0x4d86b</run_address>
         <size>0x12e1</size>
         <input_file_ref idref="fl-2b"/>
      </object_component>
      <object_component id="oc-155">
         <name>.debug_info</name>
         <load_address>0x4eb4c</load_address>
         <run_address>0x4eb4c</run_address>
         <size>0x517</size>
         <input_file_ref idref="fl-3c"/>
      </object_component>
      <object_component id="oc-15b">
         <name>.debug_info</name>
         <load_address>0x4f063</load_address>
         <run_address>0x4f063</run_address>
         <size>0x3db</size>
         <input_file_ref idref="fl-3d"/>
      </object_component>
      <object_component id="oc-160">
         <name>.debug_info</name>
         <load_address>0x4f43e</load_address>
         <run_address>0x4f43e</run_address>
         <size>0x4ef</size>
         <input_file_ref idref="fl-3e"/>
      </object_component>
      <object_component id="oc-166">
         <name>.debug_info</name>
         <load_address>0x4f92d</load_address>
         <run_address>0x4f92d</run_address>
         <size>0x349</size>
         <input_file_ref idref="fl-3f"/>
      </object_component>
      <object_component id="oc-16b">
         <name>.debug_info</name>
         <load_address>0x4fc76</load_address>
         <run_address>0x4fc76</run_address>
         <size>0x349</size>
         <input_file_ref idref="fl-40"/>
      </object_component>
      <object_component id="oc-172">
         <name>.debug_info</name>
         <load_address>0x4ffbf</load_address>
         <run_address>0x4ffbf</run_address>
         <size>0x173</size>
         <input_file_ref idref="fl-41"/>
      </object_component>
      <object_component id="oc-177">
         <name>.debug_info</name>
         <load_address>0x50132</load_address>
         <run_address>0x50132</run_address>
         <size>0x114</size>
         <input_file_ref idref="fl-42"/>
      </object_component>
      <object_component id="oc-17c">
         <name>.debug_info</name>
         <load_address>0x50246</load_address>
         <run_address>0x50246</run_address>
         <size>0x176</size>
         <input_file_ref idref="fl-43"/>
      </object_component>
      <object_component id="oc-181">
         <name>.debug_info</name>
         <load_address>0x503bc</load_address>
         <run_address>0x503bc</run_address>
         <size>0x14e</size>
         <input_file_ref idref="fl-44"/>
      </object_component>
      <object_component id="oc-185">
         <name>.debug_info</name>
         <load_address>0x5050a</load_address>
         <run_address>0x5050a</run_address>
         <size>0x561</size>
         <input_file_ref idref="fl-45"/>
      </object_component>
      <object_component id="oc-18a">
         <name>.debug_info</name>
         <load_address>0x50a6b</load_address>
         <run_address>0x50a6b</run_address>
         <size>0x43a</size>
         <input_file_ref idref="fl-46"/>
      </object_component>
      <object_component id="oc-18f">
         <name>.debug_info</name>
         <load_address>0x50ea5</load_address>
         <run_address>0x50ea5</run_address>
         <size>0x3ad</size>
         <input_file_ref idref="fl-47"/>
      </object_component>
      <object_component id="oc-194">
         <name>.debug_info</name>
         <load_address>0x51252</load_address>
         <run_address>0x51252</run_address>
         <size>0x3aa</size>
         <input_file_ref idref="fl-48"/>
      </object_component>
      <object_component id="oc-199">
         <name>.debug_info</name>
         <load_address>0x515fc</load_address>
         <run_address>0x515fc</run_address>
         <size>0x544</size>
         <input_file_ref idref="fl-49"/>
      </object_component>
      <object_component id="oc-1a0">
         <name>.debug_info</name>
         <load_address>0x51b40</load_address>
         <run_address>0x51b40</run_address>
         <size>0x4cc</size>
         <input_file_ref idref="fl-4a"/>
      </object_component>
      <object_component id="oc-1a5">
         <name>.debug_info</name>
         <load_address>0x5200c</load_address>
         <run_address>0x5200c</run_address>
         <size>0x467</size>
         <input_file_ref idref="fl-4b"/>
      </object_component>
      <object_component id="oc-1aa">
         <name>.debug_info</name>
         <load_address>0x52473</load_address>
         <run_address>0x52473</run_address>
         <size>0x1c6</size>
         <input_file_ref idref="fl-4c"/>
      </object_component>
      <object_component id="oc-226">
         <name>.debug_info</name>
         <load_address>0x52639</load_address>
         <run_address>0x52639</run_address>
         <size>0x9c</size>
      </object_component>
      <object_component id="oc-4d">
         <name>.debug_frame</name>
         <load_address>0x0</load_address>
         <run_address>0x0</run_address>
         <size>0x88</size>
         <input_file_ref idref="fl-2"/>
      </object_component>
      <object_component id="oc-60">
         <name>.debug_frame</name>
         <load_address>0x88</load_address>
         <run_address>0x88</run_address>
         <size>0x5c</size>
         <input_file_ref idref="fl-6"/>
      </object_component>
      <object_component id="oc-6a">
         <name>.debug_frame</name>
         <load_address>0xe4</load_address>
         <run_address>0xe4</run_address>
         <size>0x28</size>
         <input_file_ref idref="fl-8"/>
      </object_component>
      <object_component id="oc-70">
         <name>.debug_frame</name>
         <load_address>0x10c</load_address>
         <run_address>0x10c</run_address>
         <size>0xa94</size>
         <input_file_ref idref="fl-9"/>
      </object_component>
      <object_component id="oc-7a">
         <name>.debug_frame</name>
         <load_address>0xba0</load_address>
         <run_address>0xba0</run_address>
         <size>0x28</size>
         <input_file_ref idref="fl-b"/>
      </object_component>
      <object_component id="oc-7f">
         <name>.debug_frame</name>
         <load_address>0xbc8</load_address>
         <run_address>0xbc8</run_address>
         <size>0x28</size>
         <input_file_ref idref="fl-c"/>
      </object_component>
      <object_component id="oc-84">
         <name>.debug_frame</name>
         <load_address>0xbf0</load_address>
         <run_address>0xbf0</run_address>
         <size>0x118</size>
         <input_file_ref idref="fl-d"/>
      </object_component>
      <object_component id="oc-89">
         <name>.debug_frame</name>
         <load_address>0xd08</load_address>
         <run_address>0xd08</run_address>
         <size>0x28</size>
         <input_file_ref idref="fl-e"/>
      </object_component>
      <object_component id="oc-c3">
         <name>.debug_frame</name>
         <load_address>0xd30</load_address>
         <run_address>0xd30</run_address>
         <size>0x40</size>
         <input_file_ref idref="fl-10"/>
      </object_component>
      <object_component id="oc-c8">
         <name>.debug_frame</name>
         <load_address>0xd70</load_address>
         <run_address>0xd70</run_address>
         <size>0x28</size>
         <input_file_ref idref="fl-11"/>
      </object_component>
      <object_component id="oc-cd">
         <name>.debug_frame</name>
         <load_address>0xd98</load_address>
         <run_address>0xd98</run_address>
         <size>0x28</size>
         <input_file_ref idref="fl-12"/>
      </object_component>
      <object_component id="oc-d2">
         <name>.debug_frame</name>
         <load_address>0xdc0</load_address>
         <run_address>0xdc0</run_address>
         <size>0x28</size>
         <input_file_ref idref="fl-13"/>
      </object_component>
      <object_component id="oc-d7">
         <name>.debug_frame</name>
         <load_address>0xde8</load_address>
         <run_address>0xde8</run_address>
         <size>0x58</size>
         <input_file_ref idref="fl-14"/>
      </object_component>
      <object_component id="oc-dc">
         <name>.debug_frame</name>
         <load_address>0xe40</load_address>
         <run_address>0xe40</run_address>
         <size>0x44</size>
         <input_file_ref idref="fl-15"/>
      </object_component>
      <object_component id="oc-e1">
         <name>.debug_frame</name>
         <load_address>0xe84</load_address>
         <run_address>0xe84</run_address>
         <size>0x28</size>
         <input_file_ref idref="fl-16"/>
      </object_component>
      <object_component id="oc-e6">
         <name>.debug_frame</name>
         <load_address>0xeac</load_address>
         <run_address>0xeac</run_address>
         <size>0x28</size>
         <input_file_ref idref="fl-17"/>
      </object_component>
      <object_component id="oc-eb">
         <name>.debug_frame</name>
         <load_address>0xed4</load_address>
         <run_address>0xed4</run_address>
         <size>0xc0</size>
         <input_file_ref idref="fl-18"/>
      </object_component>
      <object_component id="oc-f0">
         <name>.debug_frame</name>
         <load_address>0xf94</load_address>
         <run_address>0xf94</run_address>
         <size>0x28</size>
         <input_file_ref idref="fl-19"/>
      </object_component>
      <object_component id="oc-fa">
         <name>.debug_frame</name>
         <load_address>0xfbc</load_address>
         <run_address>0xfbc</run_address>
         <size>0xd0</size>
         <input_file_ref idref="fl-1b"/>
      </object_component>
      <object_component id="oc-ff">
         <name>.debug_frame</name>
         <load_address>0x108c</load_address>
         <run_address>0x108c</run_address>
         <size>0x40</size>
         <input_file_ref idref="fl-1c"/>
      </object_component>
      <object_component id="oc-104">
         <name>.debug_frame</name>
         <load_address>0x10cc</load_address>
         <run_address>0x10cc</run_address>
         <size>0x58</size>
         <input_file_ref idref="fl-1d"/>
      </object_component>
      <object_component id="oc-122">
         <name>.debug_frame</name>
         <load_address>0x1124</load_address>
         <run_address>0x1124</run_address>
         <size>0x28</size>
         <input_file_ref idref="fl-23"/>
      </object_component>
      <object_component id="oc-133">
         <name>.debug_frame</name>
         <load_address>0x114c</load_address>
         <run_address>0x114c</run_address>
         <size>0xc8</size>
         <input_file_ref idref="fl-26"/>
      </object_component>
      <object_component id="oc-138">
         <name>.debug_frame</name>
         <load_address>0x1214</load_address>
         <run_address>0x1214</run_address>
         <size>0x40</size>
         <input_file_ref idref="fl-27"/>
      </object_component>
      <object_component id="oc-13f">
         <name>.debug_frame</name>
         <load_address>0x1254</load_address>
         <run_address>0x1254</run_address>
         <size>0xc4</size>
         <input_file_ref idref="fl-28"/>
      </object_component>
      <object_component id="oc-147">
         <name>.debug_frame</name>
         <load_address>0x1318</load_address>
         <run_address>0x1318</run_address>
         <size>0x154</size>
         <input_file_ref idref="fl-29"/>
      </object_component>
      <object_component id="oc-14c">
         <name>.debug_frame</name>
         <load_address>0x146c</load_address>
         <run_address>0x146c</run_address>
         <size>0x28</size>
         <input_file_ref idref="fl-2a"/>
      </object_component>
      <object_component id="oc-151">
         <name>.debug_frame</name>
         <load_address>0x1494</load_address>
         <run_address>0x1494</run_address>
         <size>0x40</size>
         <input_file_ref idref="fl-2b"/>
      </object_component>
      <object_component id="oc-157">
         <name>.debug_frame</name>
         <load_address>0x14d4</load_address>
         <run_address>0x14d4</run_address>
         <size>0x44</size>
         <input_file_ref idref="fl-3c"/>
      </object_component>
      <object_component id="oc-15c">
         <name>.debug_frame</name>
         <load_address>0x1518</load_address>
         <run_address>0x1518</run_address>
         <size>0x44</size>
         <input_file_ref idref="fl-3d"/>
      </object_component>
      <object_component id="oc-162">
         <name>.debug_frame</name>
         <load_address>0x155c</load_address>
         <run_address>0x155c</run_address>
         <size>0x6c</size>
         <input_file_ref idref="fl-3e"/>
      </object_component>
      <object_component id="oc-167">
         <name>.debug_frame</name>
         <load_address>0x15c8</load_address>
         <run_address>0x15c8</run_address>
         <size>0x28</size>
         <input_file_ref idref="fl-3f"/>
      </object_component>
      <object_component id="oc-16c">
         <name>.debug_frame</name>
         <load_address>0x15f0</load_address>
         <run_address>0x15f0</run_address>
         <size>0x28</size>
         <input_file_ref idref="fl-40"/>
      </object_component>
      <object_component id="oc-186">
         <name>.debug_frame</name>
         <load_address>0x1618</load_address>
         <run_address>0x1618</run_address>
         <size>0x60</size>
         <input_file_ref idref="fl-45"/>
      </object_component>
      <object_component id="oc-18b">
         <name>.debug_frame</name>
         <load_address>0x1678</load_address>
         <run_address>0x1678</run_address>
         <size>0x40</size>
         <input_file_ref idref="fl-46"/>
      </object_component>
      <object_component id="oc-190">
         <name>.debug_frame</name>
         <load_address>0x16b8</load_address>
         <run_address>0x16b8</run_address>
         <size>0x40</size>
         <input_file_ref idref="fl-47"/>
      </object_component>
      <object_component id="oc-195">
         <name>.debug_frame</name>
         <load_address>0x16f8</load_address>
         <run_address>0x16f8</run_address>
         <size>0x40</size>
         <input_file_ref idref="fl-48"/>
      </object_component>
      <object_component id="oc-19c">
         <name>.debug_frame</name>
         <load_address>0x1738</load_address>
         <run_address>0x1738</run_address>
         <size>0x60</size>
         <input_file_ref idref="fl-49"/>
      </object_component>
      <object_component id="oc-1a1">
         <name>.debug_frame</name>
         <load_address>0x1798</load_address>
         <run_address>0x1798</run_address>
         <size>0x70</size>
         <input_file_ref idref="fl-4a"/>
      </object_component>
      <object_component id="oc-1a6">
         <name>.debug_frame</name>
         <load_address>0x1808</load_address>
         <run_address>0x1808</run_address>
         <size>0x40</size>
         <input_file_ref idref="fl-4b"/>
      </object_component>
      <object_component id="oc-4e">
         <name>.debug_line</name>
         <load_address>0x0</load_address>
         <run_address>0x0</run_address>
         <size>0xf3</size>
         <input_file_ref idref="fl-2"/>
      </object_component>
      <object_component id="oc-52">
         <name>.debug_line</name>
         <load_address>0xf3</load_address>
         <run_address>0xf3</run_address>
         <size>0x50</size>
         <input_file_ref idref="fl-3"/>
      </object_component>
      <object_component id="oc-5a">
         <name>.debug_line</name>
         <load_address>0x143</load_address>
         <run_address>0x143</run_address>
         <size>0x68</size>
         <input_file_ref idref="fl-5"/>
      </object_component>
      <object_component id="oc-61">
         <name>.debug_line</name>
         <load_address>0x1ab</load_address>
         <run_address>0x1ab</run_address>
         <size>0x8f</size>
         <input_file_ref idref="fl-6"/>
      </object_component>
      <object_component id="oc-65">
         <name>.debug_line</name>
         <load_address>0x23a</load_address>
         <run_address>0x23a</run_address>
         <size>0x4e</size>
         <input_file_ref idref="fl-7"/>
      </object_component>
      <object_component id="oc-6b">
         <name>.debug_line</name>
         <load_address>0x288</load_address>
         <run_address>0x288</run_address>
         <size>0x39</size>
         <input_file_ref idref="fl-8"/>
      </object_component>
      <object_component id="oc-71">
         <name>.debug_line</name>
         <load_address>0x2c1</load_address>
         <run_address>0x2c1</run_address>
         <size>0x764</size>
         <input_file_ref idref="fl-9"/>
      </object_component>
      <object_component id="oc-75">
         <name>.debug_line</name>
         <load_address>0xa25</load_address>
         <run_address>0xa25</run_address>
         <size>0x52</size>
         <input_file_ref idref="fl-a"/>
      </object_component>
      <object_component id="oc-7b">
         <name>.debug_line</name>
         <load_address>0xa77</load_address>
         <run_address>0xa77</run_address>
         <size>0x3a</size>
         <input_file_ref idref="fl-b"/>
      </object_component>
      <object_component id="oc-80">
         <name>.debug_line</name>
         <load_address>0xab1</load_address>
         <run_address>0xab1</run_address>
         <size>0x3a</size>
         <input_file_ref idref="fl-c"/>
      </object_component>
      <object_component id="oc-85">
         <name>.debug_line</name>
         <load_address>0xaeb</load_address>
         <run_address>0xaeb</run_address>
         <size>0x1ad</size>
         <input_file_ref idref="fl-d"/>
      </object_component>
      <object_component id="oc-8a">
         <name>.debug_line</name>
         <load_address>0xc98</load_address>
         <run_address>0xc98</run_address>
         <size>0x3a</size>
         <input_file_ref idref="fl-e"/>
      </object_component>
      <object_component id="oc-c4">
         <name>.debug_line</name>
         <load_address>0xcd2</load_address>
         <run_address>0xcd2</run_address>
         <size>0x63</size>
         <input_file_ref idref="fl-10"/>
      </object_component>
      <object_component id="oc-c9">
         <name>.debug_line</name>
         <load_address>0xd35</load_address>
         <run_address>0xd35</run_address>
         <size>0x39</size>
         <input_file_ref idref="fl-11"/>
      </object_component>
      <object_component id="oc-ce">
         <name>.debug_line</name>
         <load_address>0xd6e</load_address>
         <run_address>0xd6e</run_address>
         <size>0x3b</size>
         <input_file_ref idref="fl-12"/>
      </object_component>
      <object_component id="oc-d3">
         <name>.debug_line</name>
         <load_address>0xda9</load_address>
         <run_address>0xda9</run_address>
         <size>0x3d</size>
         <input_file_ref idref="fl-13"/>
      </object_component>
      <object_component id="oc-d8">
         <name>.debug_line</name>
         <load_address>0xde6</load_address>
         <run_address>0xde6</run_address>
         <size>0x99</size>
         <input_file_ref idref="fl-14"/>
      </object_component>
      <object_component id="oc-dd">
         <name>.debug_line</name>
         <load_address>0xe7f</load_address>
         <run_address>0xe7f</run_address>
         <size>0x6f</size>
         <input_file_ref idref="fl-15"/>
      </object_component>
      <object_component id="oc-e2">
         <name>.debug_line</name>
         <load_address>0xeee</load_address>
         <run_address>0xeee</run_address>
         <size>0x39</size>
         <input_file_ref idref="fl-16"/>
      </object_component>
      <object_component id="oc-e7">
         <name>.debug_line</name>
         <load_address>0xf27</load_address>
         <run_address>0xf27</run_address>
         <size>0x39</size>
         <input_file_ref idref="fl-17"/>
      </object_component>
      <object_component id="oc-ec">
         <name>.debug_line</name>
         <load_address>0xf60</load_address>
         <run_address>0xf60</run_address>
         <size>0x14c</size>
         <input_file_ref idref="fl-18"/>
      </object_component>
      <object_component id="oc-f1">
         <name>.debug_line</name>
         <load_address>0x10ac</load_address>
         <run_address>0x10ac</run_address>
         <size>0x3b</size>
         <input_file_ref idref="fl-19"/>
      </object_component>
      <object_component id="oc-f5">
         <name>.debug_line</name>
         <load_address>0x10e7</load_address>
         <run_address>0x10e7</run_address>
         <size>0x4f</size>
         <input_file_ref idref="fl-1a"/>
      </object_component>
      <object_component id="oc-fb">
         <name>.debug_line</name>
         <load_address>0x1136</load_address>
         <run_address>0x1136</run_address>
         <size>0xee</size>
         <input_file_ref idref="fl-1b"/>
      </object_component>
      <object_component id="oc-100">
         <name>.debug_line</name>
         <load_address>0x1224</load_address>
         <run_address>0x1224</run_address>
         <size>0x48</size>
         <input_file_ref idref="fl-1c"/>
      </object_component>
      <object_component id="oc-105">
         <name>.debug_line</name>
         <load_address>0x126c</load_address>
         <run_address>0x126c</run_address>
         <size>0xb1</size>
         <input_file_ref idref="fl-1d"/>
      </object_component>
      <object_component id="oc-109">
         <name>.debug_line</name>
         <load_address>0x131d</load_address>
         <run_address>0x131d</run_address>
         <size>0x134</size>
         <input_file_ref idref="fl-1e"/>
      </object_component>
      <object_component id="oc-10e">
         <name>.debug_line</name>
         <load_address>0x1451</load_address>
         <run_address>0x1451</run_address>
         <size>0xc1</size>
         <input_file_ref idref="fl-1f"/>
      </object_component>
      <object_component id="oc-113">
         <name>.debug_line</name>
         <load_address>0x1512</load_address>
         <run_address>0x1512</run_address>
         <size>0x12a</size>
         <input_file_ref idref="fl-20"/>
      </object_component>
      <object_component id="oc-118">
         <name>.debug_line</name>
         <load_address>0x163c</load_address>
         <run_address>0x163c</run_address>
         <size>0x7a</size>
         <input_file_ref idref="fl-21"/>
      </object_component>
      <object_component id="oc-11d">
         <name>.debug_line</name>
         <load_address>0x16b6</load_address>
         <run_address>0x16b6</run_address>
         <size>0x80</size>
         <input_file_ref idref="fl-22"/>
      </object_component>
      <object_component id="oc-123">
         <name>.debug_line</name>
         <load_address>0x1736</load_address>
         <run_address>0x1736</run_address>
         <size>0x41</size>
         <input_file_ref idref="fl-23"/>
      </object_component>
      <object_component id="oc-127">
         <name>.debug_line</name>
         <load_address>0x1777</load_address>
         <run_address>0x1777</run_address>
         <size>0x85</size>
         <input_file_ref idref="fl-24"/>
      </object_component>
      <object_component id="oc-12c">
         <name>.debug_line</name>
         <load_address>0x17fc</load_address>
         <run_address>0x17fc</run_address>
         <size>0xb8</size>
         <input_file_ref idref="fl-25"/>
      </object_component>
      <object_component id="oc-134">
         <name>.debug_line</name>
         <load_address>0x18b4</load_address>
         <run_address>0x18b4</run_address>
         <size>0x108</size>
         <input_file_ref idref="fl-26"/>
      </object_component>
      <object_component id="oc-139">
         <name>.debug_line</name>
         <load_address>0x19bc</load_address>
         <run_address>0x19bc</run_address>
         <size>0x53</size>
         <input_file_ref idref="fl-27"/>
      </object_component>
      <object_component id="oc-140">
         <name>.debug_line</name>
         <load_address>0x1a0f</load_address>
         <run_address>0x1a0f</run_address>
[...]
         <object_component_ref idref="oc-a9"/>
      </symbol>
      <symbol id="sm-306">
         <name>_ECanaMboxes</name>
         <value>0x6100</value>
         <object_component_ref idref="oc-be"/>
      </symbol>
      <symbol id="sm-307">
         <name>_ECap3Regs</name>
         <value>0x6a40</value>
         <object_component_ref idref="oc-a2"/>
      </symbol>
      <symbol id="sm-308">
         <name>_ECanaMOTORegs</name>
         <value>0x60c0</value>
         <object_component_ref idref="oc-b6"/>
      </symbol>
      <symbol id="sm-309">
         <name>_EPwm3Regs</name>
         <value>0x6880</value>
         <object_component_ref idref="oc-aa"/>
      </symbol>
      <symbol id="sm-30a">
         <name>_dac_data2</name>
         <value>0xc106</value>
         <object_component_ref idref="oc-8f"/>
      </symbol>
      <symbol id="sm-30b">
         <name>_dac_data3</name>
         <value>0xc107</value>
         <object_component_ref idref="oc-8f"/>
      </symbol>
      <symbol id="sm-30c">
         <name>_dac_data0</name>
         <value>0xc104</value>
         <object_component_ref idref="oc-8f"/>
      </symbol>
      <symbol id="sm-30d">
         <name>_dac_data1</name>
         <value>0xc105</value>
         <object_component_ref idref="oc-8f"/>
      </symbol>
      <symbol id="sm-30e">
         <name>_CntSequenceTime</name>
         <value>0xc126</value>
         <object_component_ref idref="oc-8f"/>
      </symbol>
      <symbol id="sm-30f">
         <name>_ECanbLAMRegs</name>
         <value>0x6240</value>
         <object_component_ref idref="oc-b7"/>
      </symbol>
      <symbol id="sm-310">
         <name>_I2caRegs</name>
         <value>0x7900</value>
         <object_component_ref idref="oc-ae"/>
      </symbol>
      <symbol id="sm-31c">
         <name>_InitGpio</name>
         <value>0xac45</value>
         <object_component_ref idref="oc-1c5"/>
      </symbol>
      <symbol id="sm-344">
         <name>_InitPieCtrl</name>
         <value>0xabc5</value>
         <object_component_ref idref="oc-1be"/>
      </symbol>
      <symbol id="sm-346">
         <name>_EnableInterrupts</name>
         <value>0xabe4</value>
         <object_component_ref idref="oc-1be"/>
      </symbol>
      <symbol id="sm-357">
         <name>_PieVectTableInit</name>
         <value>0xd000</value>
         <object_component_ref idref="oc-1cd"/>
      </symbol>
      <symbol id="sm-358">
         <name>_InitPieVectTable</name>
         <value>0xacaf</value>
         <object_component_ref idref="oc-1bf"/>
      </symbol>
      <symbol id="sm-380">
         <name>_InitPll</name>
         <value>0xa420</value>
         <object_component_ref idref="oc-1c0"/>
      </symbol>
      <symbol id="sm-382">
         <name>_DisableDog</name>
         <value>0xa418</value>
         <object_component_ref idref="oc-1c0"/>
      </symbol>
      <symbol id="sm-384">
         <name>_InitPeripheralClocks</name>
         <value>0xa471</value>
         <object_component_ref idref="oc-1c0"/>
      </symbol>
      <symbol id="sm-386">
         <name>_CsmUnlock</name>
         <value>0xa4cc</value>
         <object_component_ref idref="oc-1c0"/>
      </symbol>
      <symbol id="sm-388">
         <name>_ServiceDog</name>
         <value>0xa40e</value>
         <object_component_ref idref="oc-1c0"/>
      </symbol>
      <symbol id="sm-38a">
         <name>_InitSysCtrl</name>
         <value>0xa405</value>
         <object_component_ref idref="oc-1c0"/>
      </symbol>
      <symbol id="sm-3a0">
         <name>_DSP28x_usDelay</name>
         <value>0x8180</value>
         <object_component_ref idref="oc-f4"/>
      </symbol>
      <symbol id="sm-3ac">
         <name>_InitCC</name>
         <value>0xa30b</value>
         <object_component_ref idref="oc-1ce"/>
      </symbol>
      <symbol id="sm-3ae">
         <name>_InitAQ</name>
         <value>0xa327</value>
         <object_component_ref idref="oc-1ce"/>
      </symbol>
      <symbol id="sm-3b0">
         <name>_InitET</name>
         <value>0xa381</value>
         <object_component_ref idref="oc-1ce"/>
      </symbol>
      <symbol id="sm-3b2">
         <name>_InitDB</name>
         <value>0xa36f</value>
         <object_component_ref idref="oc-1ce"/>
      </symbol>
      <symbol id="sm-3b4">
         <name>_InitTZ</name>
         <value>0xa3e0</value>
         <object_component_ref idref="oc-1ce"/>
      </symbol>
      <symbol id="sm-3b6">
         <name>_InitTB</name>
         <value>0xa2ed</value>
         <object_component_ref idref="oc-1ce"/>
      </symbol>
      <symbol id="sm-3c3">
         <name>_InitParameter</name>
         <value>0xa097</value>
         <object_component_ref idref="oc-1c7"/>
      </symbol>
      <symbol id="sm-3d0">
         <name>_Init_eQEP1</name>
         <value>0xa699</value>
         <object_component_ref idref="oc-1c6"/>
      </symbol>
      <symbol id="sm-3d2">
         <name>_Init_eQEP2</name>
         <value>0xa6f8</value>
         <object_component_ref idref="oc-1c6"/>
      </symbol>
      <symbol id="sm-400">
         <name>_rfft_adc_f32_Stages4andUp</name>
         <value>0xa128</value>
         <object_component_ref idref="oc-108"/>
      </symbol>
      <symbol id="sm-401">
         <name>_RFFT_adc_f32</name>
         <value>0xa098</value>
         <object_component_ref idref="oc-108"/>
      </symbol>
      <symbol id="sm-418">
         <name>_RFFT_adc_f32u</name>
         <value>0xa754</value>
         <object_component_ref idref="oc-10d"/>
      </symbol>
      <symbol id="sm-444">
         <name>_rfft_f32_Stages1and2and3andBitReverse</name>
         <value>0xa1d9</value>
         <object_component_ref idref="oc-112"/>
      </symbol>
      <symbol id="sm-445">
         <name>_rfft_f32_Stages4andUp</name>
         <value>0xa245</value>
         <object_component_ref idref="oc-112"/>
      </symbol>
      <symbol id="sm-446">
         <name>_RFFT_f32</name>
         <value>0xa1d0</value>
         <object_component_ref idref="oc-112"/>
      </symbol>
      <symbol id="sm-454">
         <name>_RFFT_f32_mag</name>
         <value>0xab3d</value>
         <object_component_ref idref="oc-117"/>
      </symbol>
      <symbol id="sm-463">
         <name>_RFFT_f32_phase</name>
         <value>0xaaf4</value>
         <object_component_ref idref="oc-11c"/>
      </symbol>
      <symbol id="sm-47b">
         <name>_RFFT_f32s_mag</name>
         <value>0xaa54</value>
         <object_component_ref idref="oc-126"/>
      </symbol>
      <symbol id="sm-491">
         <name>_RFFT_f32u</name>
         <value>0xa87a</value>
         <object_component_ref idref="oc-12b"/>
      </symbol>
      <symbol id="sm-492">
         <name>_rfft_f32u_Stages1and2and3andBitReverse</name>
         <value>0xa883</value>
         <object_component_ref idref="oc-12b"/>
      </symbol>
      <symbol id="sm-4b2">
         <name>_GetSizeRing</name>
         <value>0xa96f</value>
         <object_component_ref idref="oc-1b6"/>
      </symbol>
      <symbol id="sm-4b4">
         <name>_ezDSP_nStartPos</name>
         <value>0xc176</value>
         <object_component_ref idref="oc-132"/>
      </symbol>
      <symbol id="sm-4b5">
         <name>_ReadRing</name>
         <value>0xa955</value>
         <object_component_ref idref="oc-1b6"/>
      </symbol>
      <symbol id="sm-4b7">
         <name>_ezDSP_ringBuffer</name>
         <value>0xc0c6</value>
         <object_component_ref idref="oc-1bd"/>
      </symbol>
      <symbol id="sm-4b8">
         <name>_ezDSP_nMaxBuffSize</name>
         <value>0xc178</value>
         <object_component_ref idref="oc-132"/>
      </symbol>
      <symbol id="sm-4b9">
         <name>_ExtractRing</name>
         <value>0xa941</value>
         <object_component_ref idref="oc-1b6"/>
      </symbol>
      <symbol id="sm-4bb">
         <name>_IsRingEmpty</name>
         <value>0xa97b</value>
         <object_component_ref idref="oc-1b6"/>
      </symbol>
      <symbol id="sm-4bd">
         <name>_ezDSP_nEndPos</name>
         <value>0xc177</value>
         <object_component_ref idref="oc-132"/>
      </symbol>
      <symbol id="sm-4be">
         <name>_AddRing</name>
         <value>0xa915</value>
         <object_component_ref idref="oc-1b6"/>
      </symbol>
      <symbol id="sm-4c0">
         <name>_ResetRing</name>
         <value>0xa8ff</value>
         <object_component_ref idref="oc-1b6"/>
      </symbol>
      <symbol id="sm-4cd">
         <name>_Timer_Init</name>
         <value>0xac8d</value>
         <object_component_ref idref="oc-1c2"/>
      </symbol>
      <symbol id="sm-4e2">
         <name>_dac_configuration</name>
         <value>0xc19a</value>
         <object_component_ref idref="oc-13e"/>
      </symbol>
      <symbol id="sm-4e3">
         <name>_OutputDAC</name>
         <value>0x94d4</value>
         <object_component_ref idref="oc-1b3"/>
      </symbol>
      <symbol id="sm-4e5">
         <name>_Set_DA_Offset</name>
         <value>0x9463</value>
         <object_component_ref idref="oc-1b3"/>
      </symbol>
      <symbol id="sm-4e7">
         <name>_Init_Code</name>
         <value>0x9000</value>
         <object_component_ref idref="oc-1b3"/>
      </symbol>
      <symbol id="sm-4e9">
         <name>_dac_setup</name>
         <value>0x9499</value>
         <object_component_ref idref="oc-1b3"/>
      </symbol>
      <symbol id="sm-4eb">
         <name>_Set_DA_Code</name>
         <value>0x944d</value>
         <object_component_ref idref="oc-1b3"/>
      </symbol>
      <symbol id="sm-4ed">
         <name>_dac_temp</name>
         <value>0xc198</value>
         <object_component_ref idref="oc-13e"/>
      </symbol>
      <symbol id="sm-4ee">
         <name>_DACTXBUF</name>
         <value>0xc199</value>
         <object_component_ref idref="oc-13e"/>
      </symbol>
      <symbol id="sm-4ef">
         <name>_Set_DA_Scale</name>
         <value>0x947e</value>
         <object_component_ref idref="oc-1b3"/>
      </symbol>
      <symbol id="sm-553">
         <name>_ezDSP_uOECount</name>
         <value>0xc160</value>
         <object_component_ref idref="oc-145"/>
      </symbol>
      <symbol id="sm-554">
         <name>_ezDSP_uBlockSize</name>
         <value>0xc169</value>
         <object_component_ref idref="oc-145"/>
      </symbol>
      <symbol id="sm-555">
         <name>_ezDSP_uPECount</name>
         <value>0xc161</value>
         <object_component_ref idref="oc-145"/>
      </symbol>
      <symbol id="sm-556">
         <name>_ezDSP_ulData</name>
         <value>0xc16e</value>
         <object_component_ref idref="oc-145"/>
      </symbol>
      <symbol id="sm-557">
         <name>_ezDSP_uBlockIndex</name>
         <value>0xc16a</value>
         <object_component_ref idref="oc-145"/>
      </symbol>
      <symbol id="sm-558">
         <name>_ezDSP_uChksum</name>
         <value>0xc166</value>
         <object_component_ref idref="oc-145"/>
      </symbol>
      <symbol id="sm-559">
         <name>_ezDSP_uData</name>
         <value>0xc165</value>
         <object_component_ref idref="oc-145"/>
      </symbol>
      <symbol id="sm-55a">
         <name>_ezDSP_DSP</name>
         <value>0xc158</value>
         <object_component_ref idref="oc-145"/>
      </symbol>
      <symbol id="sm-55b">
         <name>_easy_TXINT_ISR</name>
         <value>0x99a3</value>
         <object_component_ref idref="oc-146"/>
      </symbol>
      <symbol id="sm-55d">
         <name>_ezDSP_uBRKDTCount</name>
         <value>0xc15e</value>
         <object_component_ref idref="oc-145"/>
      </symbol>
      <symbol id="sm-55e">
         <name>_ezDSP_uState</name>
         <value>0xc164</value>
         <object_component_ref idref="oc-145"/>
      </symbol>
      <symbol id="sm-55f">
         <name>_ezDSP_ullData</name>
         <value>0xc172</value>
         <object_component_ref idref="oc-145"/>
      </symbol>
      <symbol id="sm-560">
         <name>_ezDSP_uWrongISRCount</name>
         <value>0xc162</value>
         <object_component_ref idref="oc-145"/>
      </symbol>
      <symbol id="sm-561">
         <name>_ezDSP_uRead16BPossible</name>
         <value>0xc15b</value>
         <object_component_ref idref="oc-145"/>
      </symbol>
      <symbol id="sm-562">
         <name>_ezDSP_uFECount</name>
         <value>0xc15f</value>
         <object_component_ref idref="oc-145"/>
      </symbol>
      <symbol id="sm-563">
         <name>_ezDSP_uAddrRdCnt</name>
         <value>0xc167</value>
         <object_component_ref idref="oc-145"/>
      </symbol>
      <symbol id="sm-564">
         <name>_ezDSP_uRead8BPossible</name>
         <value>0xc15c</value>
         <object_component_ref idref="oc-145"/>
      </symbol>
      <symbol id="sm-565">
         <name>_ezDSP_fFloat</name>
         <value>0xc16c</value>
         <object_component_ref idref="oc-145"/>
      </symbol>
      <symbol id="sm-566">
         <name>_easy_RXINT_ISR</name>
         <value>0x95ac</value>
         <object_component_ref idref="oc-146"/>
      </symbol>
      <symbol id="sm-568">
         <name>_ezDSP_ucRx</name>
         <value>0xc163</value>
         <object_component_ref idref="oc-145"/>
      </symbol>
      <symbol id="sm-569">
         <name>_ezDSP_uChkSumCalculated</name>
         <value>0xc16b</value>
         <object_component_ref idref="oc-145"/>
      </symbol>
      <symbol id="sm-56a">
         <name>_ezDSP_uBlockTransfer</name>
         <value>0xc15d</value>
         <object_component_ref idref="oc-145"/>
      </symbol>
      <symbol id="sm-56b">
         <name>_ezDSP_ulAddr</name>
         <value>0xc170</value>
         <object_component_ref idref="oc-145"/>
      </symbol>
      <symbol id="sm-56c">
         <name>_ezDSP_uDataRdCnt</name>
         <value>0xc168</value>
         <object_component_ref idref="oc-145"/>
      </symbol>
      <symbol id="sm-56d">
         <name>_ezDSP_Version_SCI</name>
         <value>0xc159</value>
         <object_component_ref idref="oc-145"/>
      </symbol>
      <symbol id="sm-56e">
         <name>_ezDSP_SW_Reset</name>
         <value>0xc15a</value>
         <object_component_ref idref="oc-145"/>
      </symbol>
      <symbol id="sm-56f">
         <name>_easyDSP_SCI_Init</name>
         <value>0xaaa9</value>
         <object_component_ref idref="oc-1c4"/>
      </symbol>
      <symbol id="sm-586">
         <name>_main</name>
         <value>0xab81</value>
         <object_component_ref idref="oc-1b8"/>
      </symbol>
      <symbol id="sm-5b6">
         <name>_atan2f</name>
         <value>0xa4fd</value>
         <object_component_ref idref="oc-1b5"/>
      </symbol>
      <symbol id="sm-5b8">
         <name>_atan2</name>
         <value>0xa4fd</value>
         <object_component_ref idref="oc-1b5"/>
      </symbol>
      <symbol id="sm-5c8">
         <name>_sqrtf</name>
         <value>0xac1e</value>
         <object_component_ref idref="oc-1b4"/>
      </symbol>
      <symbol id="sm-5ca">
         <name>_sqrt</name>
         <value>0xac1e</value>
         <object_component_ref idref="oc-1b4"/>
      </symbol>
      <symbol id="sm-5ef">
         <name>_atan</name>
         <value>0xa5cf</value>
         <object_component_ref idref="oc-1bc"/>
      </symbol>
      <symbol id="sm-5f0">
         <name>_atanf</name>
         <value>0xa5cf</value>
         <object_component_ref idref="oc-1bc"/>
      </symbol>
      <symbol id="sm-61e">
         <name>_c_int00</name>
         <value>0xa9fe</value>
         <object_component_ref idref="oc-4b"/>
      </symbol>
      <symbol id="sm-61f">
         <name>__stack</name>
         <value>0x400</value>
         <object_component_ref idref="oc-170"/>
      </symbol>
      <symbol id="sm-630">
         <name>FS$$DIV</name>
         <value>0xa7f2</value>
         <object_component_ref idref="oc-176"/>
      </symbol>
      <symbol id="sm-63c">
         <name>LL$$AND</name>
         <value>0xad0a</value>
         <object_component_ref idref="oc-17b"/>
      </symbol>
      <symbol id="sm-63d">
         <name>LL$$OR</name>
         <value>0xad12</value>
         <object_component_ref idref="oc-17b"/>
      </symbol>
      <symbol id="sm-63e">
         <name>LL$$XOR</name>
         <value>0xad1a</value>
         <object_component_ref idref="oc-17b"/>
      </symbol>
      <symbol id="sm-64c">
         <name>ULL$$CMP</name>
         <value>0xace1</value>
         <object_component_ref idref="oc-180"/>
      </symbol>
      <symbol id="sm-64d">
         <name>LL$$CMP</name>
         <value>0xaccf</value>
         <object_component_ref idref="oc-180"/>
      </symbol>
      <symbol id="sm-65c">
         <name>_copy_in</name>
         <value>0xac69</value>
         <object_component_ref idref="oc-1af"/>
      </symbol>
      <symbol id="sm-66e">
         <name>_memcpy</name>
         <value>0xaced</value>
         <object_component_ref idref="oc-1b7"/>
      </symbol>
      <symbol id="sm-67b">
         <name>__system_pre_init</name>
         <value>0xad4f</value>
         <object_component_ref idref="oc-1ae"/>
      </symbol>
      <symbol id="sm-689">
         <name>__system_post_cinit</name>
         <value>0xa753</value>
         <object_component_ref idref="oc-1b0"/>
      </symbol>
      <symbol id="sm-69e">
         <name>C$$EXIT</name>
         <value>0xabf5</value>
         <object_component_ref idref="oc-1b2"/>
      </symbol>
      <symbol id="sm-69f">
         <name>_exit</name>
         <value>0xabf7</value>
         <object_component_ref idref="oc-1b2"/>
      </symbol>
      <symbol id="sm-6a1">
         <name>___TI_cleanup_ptr</name>
         <value>0xc0fa</value>
         <object_component_ref idref="oc-19b"/>
      </symbol>
      <symbol id="sm-6a2">
         <name>___TI_enable_exit_profile_output</name>
         <value>0xc0f8</value>
         <object_component_ref idref="oc-19b"/>
      </symbol>
      <symbol id="sm-6a3">
         <name>_abort</name>
         <value>0xabf5</value>
         <object_component_ref idref="oc-1b2"/>
      </symbol>
      <symbol id="sm-6a5">
         <name>___TI_dtors_ptr</name>
         <value>0xc0fc</value>
         <object_component_ref idref="oc-19b"/>
      </symbol>
      <symbol id="sm-6b9">
         <name>__unlock</name>
         <value>0xc17a</value>
         <object_component_ref idref="oc-1d0"/>
      </symbol>
      <symbol id="sm-6ba">
         <name>__lock</name>
         <value>0xc0fe</value>
         <object_component_ref idref="oc-1b9"/>
      </symbol>
      <symbol id="sm-6bb">
         <name>__register_lock</name>
         <value>0xad38</value>
         <object_component_ref idref="oc-1c8"/>
      </symbol>
      <symbol id="sm-6bd">
         <name>__nop</name>
         <value>0xad3c</value>
         <object_component_ref idref="oc-1c8"/>
      </symbol>
      <symbol id="sm-6bf">
         <name>__register_unlock</name>
         <value>0xad34</value>
         <object_component_ref idref="oc-1c8"/>
      </symbol>
      <symbol id="sm-6cf">
         <name>__args_main</name>
         <value>0xad22</value>
         <object_component_ref idref="oc-1b1"/>
      </symbol>
      <symbol id="sm-6da">
         <name>_errno</name>
         <value>0xc179</value>
         <object_component_ref idref="oc-1ac"/>
      </symbol>
   </symbol_table>
   <title>Link successful</title>
</link_info>
