******************************************************************************
             TMS320C2000 Linker PC v21.6.0                     
******************************************************************************
>> Linked Fri Oct 14 13:35:46 2022

OUTPUT FILE NAME:   <28335_form.out>
ENTRY POINT SYMBOL: "_c_int00"  address: 0000ab1a


MEMORY CONFIGURATION

         name            origin    length      used     unused   attr    fill
----------------------  --------  ---------  --------  --------  ----  --------
PAGE 0:
  BEGIN                 00000000   00000002  00000002  00000000  RWIX
  BOOT_RSVD             00000002   0000004e  00000000  0000004e  RWIX
  RAMM0                 00000050   000003b0  00000000  000003b0  RWIX
  RAML0                 00008000   00001000  00000184  00000e7c  RWIX
  RAML1                 00009000   00003000  00001e71  0000118f  RWIX
  ZONE7A                00200000   0000fc00  00000000  0000fc00  RWIX
  CSM_RSVD              0033ff80   00000076  00000000  00000076  RWIX
  CSM_PWL               0033fff8   00000008  00000000  00000008  RWIX
  ADC_CAL               00380080   00000009  00000007  00000002  RWIX
  IQTABLES              003fe000   00000b50  00000000  00000b50  RWIX
  IQTABLES2             003feb50   0000008c  00000000  0000008c  RWIX
  FPUTABLES             003febdc   000006a0  00000000  000006a0  RWIX
  BOOTROM               003ff27c   00000d44  00000000  00000d44  RWIX
  RESET                 003fffc0   00000002  00000000  00000002  RWIX

PAGE 1:
  RAMM1                 00000400   00000400  00000300  00000100  RWIX
  DEV_EMU               00000880   00000180  000000d0  000000b0  RWIX
  FLASH_REGS            00000a80   00000060  00000008  00000058  RWIX
  CSM                   00000ae0   00000010  00000010  00000000  RWIX
  ADC_MIRROR            00000b00   00000010  00000010  00000000  RWIX
  XINTF                 00000b20   00000020  0000001e  00000002  RWIX
  CPU_TIMER0            00000c00   00000008  00000008  00000000  RWIX
  CPU_TIMER1            00000c08   00000008  00000008  00000000  RWIX
  CPU_TIMER2            00000c10   00000008  00000008  00000000  RWIX
  PIE_CTRL              00000ce0   00000020  0000001a  00000006  RWIX
  PIE_VECT              00000d00   00000100  00000100  00000000  RWIX
  DMA                   00001000   00000200  000000e0  00000120  RWIX
  MCBSPA                00005000   00000040  00000025  0000001b  RWIX
  MCBSPB                00005040   00000040  00000025  0000001b  RWIX
  ECANA                 00006000   00000040  00000034  0000000c  RWIX
  ECANA_LAM             00006040   00000040  00000040  00000000  RWIX
  ECANA_MOTS            00006080   00000040  00000040  00000000  RWIX
  ECANA_MOTO            000060c0   00000040  00000040  00000000  RWIX
  ECANA_MBOX            00006100   00000100  00000100  00000000  RWIX
  ECANB                 00006200   00000040  00000034  0000000c  RWIX
  ECANB_LAM             00006240   00000040  00000040  00000000  RWIX
  ECANB_MOTS            00006280   00000040  00000040  00000000  RWIX
  ECANB_MOTO            000062c0   00000040  00000040  00000000  RWIX
  ECANB_MBOX            00006300   00000100  00000100  00000000  RWIX
  EPWM1                 00006800   00000022  00000022  00000000  RWIX
  EPWM2                 00006840   00000022  00000022  00000000  RWIX
  EPWM3                 00006880   00000022  00000022  00000000  RWIX
  EPWM4                 000068c0   00000022  00000022  00000000  RWIX
  EPWM5                 00006900   00000022  00000022  00000000  RWIX
  EPWM6                 00006940   00000022  00000022  00000000  RWIX
  ECAP1                 00006a00   00000020  00000020  00000000  RWIX
  ECAP2                 00006a20   00000020  00000020  00000000  RWIX
  ECAP3                 00006a40   00000020  00000020  00000000  RWIX
  ECAP4                 00006a60   00000020  00000020  00000000  RWIX
  ECAP5                 00006a80   00000020  00000020  00000000  RWIX
  ECAP6                 00006aa0   00000020  00000020  00000000  RWIX
  EQEP1                 00006b00   00000040  00000040  00000000  RWIX
  EQEP2                 00006b40   00000040  00000040  00000000  RWIX
  GPIOCTRL              00006f80   00000040  0000002e  00000012  RWIX
  GPIODAT               00006fc0   00000020  00000020  00000000  RWIX
  GPIOINT               00006fe0   00000020  0000000a  00000016  RWIX
  SYSTEM                00007010   00000020  00000020  00000000  RWIX
  SPIA                  00007040   00000010  00000010  00000000  RWIX
  SCIA                  00007050   00000010  00000010  00000000  RWIX
  XINTRUPT              00007070   00000010  00000010  00000000  RWIX
  ADC                   00007100   00000020  0000001e  00000002  RWIX
  SCIB                  00007750   00000010  00000010  00000000  RWIX
  SCIC                  00007770   00000010  00000010  00000000  RWIX
  I2CA                  00007900   00000040  00000022  0000001e  RWIX
  RAML4                 0000c000   00001000  000001aa  00000e56  RWIX
  RAML5                 0000d000   00001000  0000012a  00000ed6  RWIX
  RAML6                 0000e000   00001000  00000000  00001000  RWIX
  RAML7                 0000f000   00001000  00000000  00001000  RWIX
  ZONE7B                0020fc00   00000400  00000000  00000400  RWIX
  CSM_PWL               0033fff8   00000008  00000008  00000000  RWIX
  PARTID                00380090   00000001  00000000  00000001  RWIX


SECTION ALLOCATION MAP

 output                                  attributes/
section   page    origin      length       input sections
--------  ----  ----------  ----------   ----------------
codestart 
*          0    00000000    00000002     
                  00000000    00000002     DSP2833x_CodeStartBranch.obj (codestart)

.cinit     0    00008000    00000180     
                  00008000    000000e8     DSP2833x_GlobalVariableDefs.obj (.cinit)
                  000080e8    00000066     easy2833x_sci_v8.5.obj (.cinit)
                  0000814e    0000000e     rts2800_fpu32.lib : exit.c.obj (.cinit)
                  0000815c    0000000c     RingBuff.obj (.cinit)
                  00008168    00000008     dac_easyDSP.obj (.cinit)
                  00008170    00000005     rts2800_fpu32.lib : _lock.c.obj (.cinit:__lock)
                  00008175    00000005                       : _lock.c.obj (.cinit:__unlock)
                  0000817a    00000004                       : errno.c.obj (.cinit)
                  0000817e    00000002     --HOLE-- [fill = 0]

ramfuncs   0    00008180    00000004     
                  00008180    00000004     DSP2833x_usDelay.obj (ramfuncs)

.text      0    00009000    00001e71     
                  00009000    000005ac     dac_easyDSP.obj (.text)
                  000095ac    0000043c     easy2833x_sci_v8.5.obj (.text:retain)
                  000099e8    00000360     DSP2833x_DefaultIsr.obj (.text:retain)
                  00009d48    000001f4     Adc.obj (.text)
                  00009f3c    0000015b     DSP2833x_EPwm.obj (.text)
                  0000a097    00000001     Pelab_Func.obj (.text)
                  0000a098    00000138     RFFT_adc_f32.obj (.text)
                  0000a1d0    0000011d     RFFT_f32.obj (.text)
                  0000a2ed    0000011c     DSP2833x_ECan.obj (.text)
                  0000a409    00000118     Pelab_EPWM.obj (.text)
                  0000a521    000000f8     DSP2833x_SysCtrl.obj (.text)
                  0000a619    000000d2     rts2800_fpu32.lib : e_atan2f.c.obj (.text)
                  0000a6eb    000000ca                       : s_atanf.c.obj (.text)
                  0000a7b5    000000ba     Qep.obj (.text)
                  0000a86f    00000001     rts2800_fpu32.lib : startup.c.obj (.text)
                  0000a870    0000009e     RFFT_adc_f32u.obj (.text)
                  0000a90e    00000088     rts2800_fpu32.lib : fs_div28.asm.obj (.text)
                  0000a996    00000085     RFFT_f32u.obj (.text)
                  0000aa1b    00000084     RingBuff.obj (.text)
                  0000aa9f    0000007b     DSP2833x_CpuTimers.obj (.text)
                  0000ab1a    00000056     rts2800_fpu32.lib : boot28.asm.obj (.text)
                  0000ab70    00000055     RFFT_f32s_mag.obj (.text)
                  0000abc5    0000004b     easy2833x_sci_v8.5.obj (.text)
                  0000ac10    00000049     RFFT_f32_phase.obj (.text)
                  0000ac59    00000048     main.obj (.text)
                  0000aca1    00000044     RFFT_f32_mag.obj (.text)
                  0000ace5    00000030     DSP2833x_PieCtrl.obj (.text)
                  0000ad15    00000029     rts2800_fpu32.lib : exit.c.obj (.text)
                  0000ad3e    00000027                       : e_sqrtf.c.obj (.text)
                  0000ad65    00000024     DSP2833x_Gpio.obj (.text)
                  0000ad89    00000024     rts2800_fpu32.lib : cpy_tbl.c.obj (.text)
                  0000adad    00000022     Timer.obj (.text)
                  0000adcf    00000020     DSP2833x_PieVect.obj (.text)
                  0000adef    0000001e     rts2800_fpu32.lib : ll_cmp28.asm.obj (.text)
                  0000ae0d    0000001d                       : memcpy.c.obj (.text)
                  0000ae2a    00000018                       : ll_aox28.asm.obj (.text)
                  0000ae42    00000012                       : args_main.c.obj (.text)
                  0000ae54    00000009                       : _lock.c.obj (.text)
                  0000ae5d    00000008     DSP2833x_CodeStartBranch.obj (.text)
                  0000ae65    00000007     DSP2833x_DisInt.obj (.text)
                  0000ae6c    00000003     DSP2833x_DBGIER.obj (.text)
                  0000ae6f    00000002     rts2800_fpu32.lib : pre_init.c.obj (.text)

.pinit     0    00008000    00000000     UNINITIALIZED

.stack     1    00000400    00000300     UNINITIALIZED
                  00000400    00000300     --HOLE--

DevEmuRegsFile 
*          1    00000880    000000d0     UNINITIALIZED
                  00000880    000000d0     DSP2833x_GlobalVariableDefs.obj (DevEmuRegsFile)

FlashRegsFile 
*          1    00000a80    00000008     UNINITIALIZED
                  00000a80    00000008     DSP2833x_GlobalVariableDefs.obj (FlashRegsFile)

CsmRegsFile 
*          1    00000ae0    00000010     UNINITIALIZED
                  00000ae0    00000010     DSP2833x_GlobalVariableDefs.obj (CsmRegsFile)

AdcMirrorFile 
*          1    00000b00    00000010     UNINITIALIZED
                  00000b00    00000010     DSP2833x_GlobalVariableDefs.obj (AdcMirrorFile)

XintfRegsFile 
*          1    00000b20    0000001e     UNINITIALIZED
                  00000b20    0000001e     DSP2833x_GlobalVariableDefs.obj (XintfRegsFile)

CpuTimer0RegsFile 
*          1    00000c00    00000008     UNINITIALIZED
                  00000c00    00000008     DSP2833x_GlobalVariableDefs.obj (CpuTimer0RegsFile)

CpuTimer1RegsFile 
*          1    00000c08    00000008     UNINITIALIZED
                  00000c08    00000008     DSP2833x_GlobalVariableDefs.obj (CpuTimer1RegsFile)

CpuTimer2RegsFile 
*          1    00000c10    00000008     UNINITIALIZED
                  00000c10    00000008     DSP2833x_GlobalVariableDefs.obj (CpuTimer2RegsFile)

PieCtrlRegsFile 
*          1    00000ce0    0000001a     UNINITIALIZED
                  00000ce0    0000001a     DSP2833x_GlobalVariableDefs.obj (PieCtrlRegsFile)

ECanaMOTSRegsFile 
*          1    00006080    00000040     UNINITIALIZED
                  00006080    00000040     DSP2833x_GlobalVariableDefs.obj (ECanaMOTSRegsFile)

ECanaMOTORegsFile 
*          1    000060c0    00000040     UNINITIALIZED
                  000060c0    00000040     DSP2833x_GlobalVariableDefs.obj (ECanaMOTORegsFile)

ECanbMOTSRegsFile 
*          1    00006280    00000040     UNINITIALIZED
                  00006280    00000040     DSP2833x_GlobalVariableDefs.obj (ECanbMOTSRegsFile)

ECanbMOTORegsFile 
*          1    000062c0    00000040     UNINITIALIZED
                  000062c0    00000040     DSP2833x_GlobalVariableDefs.obj (ECanbMOTORegsFile)

.ebss      1    0000c000    000001aa     UNINITIALIZED
                  0000c000    000000c6     DSP2833x_GlobalVariableDefs.obj (.ebss:_data_ptr)
                  0000c0c6    00000032     RingBuff.obj (.ebss:_ezDSP_ringBuffer)
                  0000c0f8    00000006     rts2800_fpu32.lib : exit.c.obj (.ebss)
                  0000c0fe    00000002                       : _lock.c.obj (.ebss:__lock)
                  0000c100    00000058     DSP2833x_GlobalVariableDefs.obj (.ebss)
                  0000c158    0000001e     easy2833x_sci_v8.5.obj (.ebss)
                  0000c176    00000003     RingBuff.obj (.ebss)
                  0000c179    00000001     rts2800_fpu32.lib : errno.c.obj (.ebss)
                  0000c17a    00000002                       : _lock.c.obj (.ebss:__unlock)
                  0000c17c    00000004     --HOLE--
                  0000c180    00000018     DSP2833x_CpuTimers.obj (.ebss)
                  0000c198    00000012     dac_easyDSP.obj (.ebss)

.econst    1    0000d000    0000012a     
                  0000d000    00000100     DSP2833x_PieVect.obj (.econst:_PieVectTableInit)
                  0000d100    0000000c     rts2800_fpu32.lib : e_atan2f.c.obj (.econst)
                  0000d10c    0000000a                       : s_atanf.c.obj (.econst:_aT)
                  0000d116    00000008                       : s_atanf.c.obj (.econst:_atanhi)
                  0000d11e    00000008                       : s_atanf.c.obj (.econst:_atanlo)
                  0000d126    00000004                       : s_atanf.c.obj (.econst)

.reset     0    003fffc0    00000002     DSECT
                  003fffc0    00000002     rts2800_fpu32.lib : boot28.asm.obj (.reset)

csm_rsvd   0    0033ff80    00000076     DSECT
                  0033ff80    00000076     DSP2833x_CSMPasswords.obj (csm_rsvd)

csmpasswds 
*          0    0033fff8    00000008     DSECT
                  0033fff8    00000008     DSP2833x_CSMPasswords.obj (csmpasswds)

.adc_cal   0    00380080    00000007     NOLOAD SECTION
                  00380080    00000007     DSP2833x_ADC_cal.obj (.adc_cal)

PieVectTableFile 
*          1    00000d00    00000100     UNINITIALIZED
                  00000d00    00000100     DSP2833x_GlobalVariableDefs.obj (PieVectTableFile)

DmaRegsFile 
*          1    00001000    000000e0     UNINITIALIZED
                  00001000    000000e0     DSP2833x_GlobalVariableDefs.obj (DmaRegsFile)

McbspaRegsFile 
*          1    00005000    00000025     UNINITIALIZED
                  00005000    00000025     DSP2833x_GlobalVariableDefs.obj (McbspaRegsFile)

McbspbRegsFile 
*          1    00005040    00000025     UNINITIALIZED
                  00005040    00000025     DSP2833x_GlobalVariableDefs.obj (McbspbRegsFile)

ECanaRegsFile 
*          1    00006000    00000034     UNINITIALIZED
                  00006000    00000034     DSP2833x_GlobalVariableDefs.obj (ECanaRegsFile)

ECanaLAMRegsFile 
*          1    00006040    00000040     UNINITIALIZED
                  00006040    00000040     DSP2833x_GlobalVariableDefs.obj (ECanaLAMRegsFile)

ECanaMboxesFile 
*          1    00006100    00000100     UNINITIALIZED
                  00006100    00000100     DSP2833x_GlobalVariableDefs.obj (ECanaMboxesFile)

ECanbRegsFile 
*          1    00006200    00000034     UNINITIALIZED
                  00006200    00000034     DSP2833x_GlobalVariableDefs.obj (ECanbRegsFile)

ECanbLAMRegsFile 
*          1    00006240    00000040     UNINITIALIZED
                  00006240    00000040     DSP2833x_GlobalVariableDefs.obj (ECanbLAMRegsFile)

ECanbMboxesFile 
*          1    00006300    00000100     UNINITIALIZED
                  00006300    00000100     DSP2833x_GlobalVariableDefs.obj (ECanbMboxesFile)

EPwm1RegsFile 
*          1    00006800    00000022     UNINITIALIZED
                  00006800    00000022     DSP2833x_GlobalVariableDefs.obj (EPwm1RegsFile)

EPwm2RegsFile 
*          1    00006840    00000022     UNINITIALIZED
                  00006840    00000022     DSP2833x_GlobalVariableDefs.obj (EPwm2RegsFile)

EPwm3RegsFile 
*          1    00006880    00000022     UNINITIALIZED
                  00006880    00000022     DSP2833x_GlobalVariableDefs.obj (EPwm3RegsFile)

EPwm4RegsFile 
*          1    000068c0    00000022     UNINITIALIZED
                  000068c0    00000022     DSP2833x_GlobalVariableDefs.obj (EPwm4RegsFile)

EPwm5RegsFile 
*          1    00006900    00000022     UNINITIALIZED
                  00006900    00000022     DSP2833x_GlobalVariableDefs.obj (EPwm5RegsFile)

EPwm6RegsFile 
*          1    00006940    00000022     UNINITIALIZED
                  00006940    00000022     DSP2833x_GlobalVariableDefs.obj (EPwm6RegsFile)

ECap1RegsFile 
*          1    00006a00    00000020     UNINITIALIZED
                  00006a00    00000020     DSP2833x_GlobalVariableDefs.obj (ECap1RegsFile)

ECap2RegsFile 
*          1    00006a20    00000020     UNINITIALIZED
                  00006a20    00000020     DSP2833x_GlobalVariableDefs.obj (ECap2RegsFile)

ECap3RegsFile 
*          1    00006a40    00000020     UNINITIALIZED
                  00006a40    00000020     DSP2833x_GlobalVariableDefs.obj (ECap3RegsFile)

ECap4RegsFile 
*          1    00006a60    00000020     UNINITIALIZED
                  00006a60    00000020     DSP2833x_GlobalVariableDefs.obj (ECap4RegsFile)

ECap5RegsFile 
*          1    00006a80    00000020     UNINITIALIZED
                  00006a80    00000020     DSP2833x_GlobalVariableDefs.obj (ECap5RegsFile)

ECap6RegsFile 
*          1    00006aa0    00000020     UNINITIALIZED
                  00006aa0    00000020     DSP2833x_GlobalVariableDefs.obj (ECap6RegsFile)

EQep1RegsFile 
*          1    00006b00    00000040     UNINITIALIZED
                  00006b00    00000040     DSP2833x_GlobalVariableDefs.obj (EQep1RegsFile)

EQep2RegsFile 
*          1    00006b40    00000040     UNINITIALIZED
                  00006b40    00000040     DSP2833x_GlobalVariableDefs.obj (EQep2RegsFile)

GpioCtrlRegsFile 
*          1    00006f80    0000002e     UNINITIALIZED
                  00006f80    0000002e     DSP2833x_GlobalVariableDefs.obj (GpioCtrlRegsFile)

GpioDataRegsFile 
*          1    00006fc0    00000020     UNINITIALIZED
                  00006fc0    00000020     DSP2833x_GlobalVariableDefs.obj (GpioDataRegsFile)

GpioIntRegsFile 
*          1    00006fe0    0000000a     UNINITIALIZED
                  00006fe0    0000000a     DSP2833x_GlobalVariableDefs.obj (GpioIntRegsFile)

SysCtrlRegsFile 
*          1    00007010    00000020     UNINITIALIZED
                  00007010    00000020     DSP2833x_GlobalVariableDefs.obj (SysCtrlRegsFile)

SpiaRegsFile 
*          1    00007040    00000010     UNINITIALIZED
                  00007040    00000010     DSP2833x_GlobalVariableDefs.obj (SpiaRegsFile)

SciaRegsFile 
*          1    00007050    00000010     UNINITIALIZED
                  00007050    00000010     DSP2833x_GlobalVariableDefs.obj (SciaRegsFile)

XIntruptRegsFile 
*          1    00007070    00000010     UNINITIALIZED
                  00007070    00000010     DSP2833x_GlobalVariableDefs.obj (XIntruptRegsFile)

AdcRegsFile 
*          1    00007100    0000001e     UNINITIALIZED
                  00007100    0000001e     DSP2833x_GlobalVariableDefs.obj (AdcRegsFile)

ScibRegsFile 
*          1    00007750    00000010     UNINITIALIZED
                  00007750    00000010     DSP2833x_GlobalVariableDefs.obj (ScibRegsFile)

ScicRegsFile 
*          1    00007770    00000010     UNINITIALIZED
                  00007770    00000010     DSP2833x_GlobalVariableDefs.obj (ScicRegsFile)

I2caRegsFile 
*          1    00007900    00000022     UNINITIALIZED
                  00007900    00000022     DSP2833x_GlobalVariableDefs.obj (I2caRegsFile)

CsmPwlFile 
*          1    0033fff8    00000008     UNINITIALIZED
                  0033fff8    00000008     DSP2833x_GlobalVariableDefs.obj (CsmPwlFile)

MODULE SUMMARY

       Module                            code   initialized data   uninitialized data
       ------                            ----   ----------------   ------------------
    .\source\
       DSP2833x_GlobalVariableDefs.obj   0      232                2964              
       dac_easyDSP.obj                   1452   8                  18                
       easy2833x_sci_v8.5.obj            1159   102                30                
       DSP2833x_DefaultIsr.obj           864    0                  0                 
       Adc.obj                           500    0                  0                 
       DSP2833x_EPwm.obj                 347    0                  0                 
       RFFT_adc_f32.obj                  312    0                  0                 
       DSP2833x_PieVect.obj              32     256                0                 
       RFFT_f32.obj                      285    0                  0                 
       DSP2833x_ECan.obj                 284    0                  0                 
       Pelab_EPWM.obj                    280    0                  0                 
       DSP2833x_SysCtrl.obj              248    0                  0                 
       RingBuff.obj                      132    12                 53                
       Qep.obj                           186    0                  0                 
       RFFT_adc_f32u.obj                 158    0                  0                 
       DSP2833x_CpuTimers.obj            123    0                  24                
       RFFT_f32u.obj                     133    0                  0                 
       RFFT_f32s_mag.obj                 85     0                  0                 
       RFFT_f32_phase.obj                73     0                  0                 
       main.obj                          72     0                  0                 
       RFFT_f32_mag.obj                  68     0                  0                 
       DSP2833x_PieCtrl.obj              48     0                  0                 
       DSP2833x_Gpio.obj                 36     0                  0                 
       Timer.obj                         34     0                  0                 
       DSP2833x_CodeStartBranch.obj      10     0                  0                 
       DSP2833x_ADC_cal.obj              7      0                  0                 
       DSP2833x_DisInt.obj               7      0                  0                 
       DSP2833x_usDelay.obj              4      0                  0                 
       DSP2833x_DBGIER.obj               3      0                  0                 
       Pelab_Func.obj                    1      0                  0                 
    +--+---------------------------------+------+------------------+--------------------+
       Total:                            6943   610                3089              
                                                                                     
    C:\ti\ccs1100\ccs\tools\compiler\ti-cgt-c2000_21.6.0.LTS\lib\rts2800_fpu32.lib
       s_atanf.c.obj                     202    30                 0                 
       e_atan2f.c.obj                    210    12                 0                 
       fs_div28.asm.obj                  136    0                  0                 
       boot28.asm.obj                    86     0                  0                 
       exit.c.obj                        41     14                 6                 
       e_sqrtf.c.obj                     39     0                  0                 
       cpy_tbl.c.obj                     36     0                  0                 
       ll_cmp28.asm.obj                  30     0                  0                 
       memcpy.c.obj                      29     0                  0                 
       ll_aox28.asm.obj                  24     0                  0                 
       _lock.c.obj                       9      10                 4                 
       args_main.c.obj                   18     0                  0                 
       errno.c.obj                       0      4                  1                 
       pre_init.c.obj                    2      0                  0                 
       startup.c.obj                     1      0                  0                 
    +--+---------------------------------+------+------------------+--------------------+
       Total:                            863    70                 11                
                                                                                     
       Stack:                            0      0                  768               
    +--+---------------------------------+------+------------------+--------------------+
       Grand Total:                      7806   680                3868              


GLOBAL DATA SYMBOLS: SORTED BY DATA PAGE

address     data page           name
--------    ----------------    ----
00000400      10 (00000400)     __stack

00000880      22 (00000880)     _DevEmuRegs

00000a80      2a (00000a80)     _FlashRegs

00000ae0      2b (00000ac0)     _CsmRegs

00000b00      2c (00000b00)     _AdcMirror
00000b20      2c (00000b00)     _XintfRegs

00000c00      30 (00000c00)     _CpuTimer0Regs
00000c08      30 (00000c00)     _CpuTimer1Regs
00000c10      30 (00000c00)     _CpuTimer2Regs

00000ce0      33 (00000cc0)     _PieCtrlRegs

00000d00      34 (00000d00)     _PieVectTable

00001000      40 (00001000)     _DmaRegs

00005000     140 (00005000)     _McbspaRegs

00005040     141 (00005040)     _McbspbRegs

00006000     180 (00006000)     _ECanaRegs

00006040     181 (00006040)     _ECanaLAMRegs

00006080     182 (00006080)     _ECanaMOTSRegs

000060c0     183 (000060c0)     _ECanaMOTORegs

00006100     184 (00006100)     _ECanaMboxes

00006200     188 (00006200)     _ECanbRegs

00006240     189 (00006240)     _ECanbLAMRegs

00006280     18a (00006280)     _ECanbMOTSRegs

000062c0     18b (000062c0)     _ECanbMOTORegs

00006300     18c (00006300)     _ECanbMboxes

00006800     1a0 (00006800)     _EPwm1Regs

00006840     1a1 (00006840)     _EPwm2Regs

00006880     1a2 (00006880)     _EPwm3Regs

000068c0     1a3 (000068c0)     _EPwm4Regs

00006900     1a4 (00006900)     _EPwm5Regs

00006940     1a5 (00006940)     _EPwm6Regs

00006a00     1a8 (00006a00)     _ECap1Regs
00006a20     1a8 (00006a00)     _ECap2Regs

00006a40     1a9 (00006a40)     _ECap3Regs
00006a60     1a9 (00006a40)     _ECap4Regs

00006a80     1aa (00006a80)     _ECap5Regs
00006aa0     1aa (00006a80)     _ECap6Regs

00006b00     1ac (00006b00)     _EQep1Regs

00006b40     1ad (00006b40)     _EQep2Regs

00006f80     1be (00006f80)     _GpioCtrlRegs

00006fc0     1bf (00006fc0)     _GpioDataRegs
00006fe0     1bf (00006fc0)     _GpioIntRegs

00007010     1c0 (00007000)     _SysCtrlRegs

00007040     1c1 (00007040)     _SpiaRegs
00007050     1c1 (00007040)     _SciaRegs
00007070     1c1 (00007040)     _XIntruptRegs

00007100     1c4 (00007100)     _AdcRegs

00007750     1dd (00007740)     _ScibRegs
00007770     1dd (00007740)     _ScicRegs

00007900     1e4 (00007900)     _I2caRegs

0000c000     300 (0000c000)     _data_ptr

0000c0c6     303 (0000c0c0)     _ezDSP_ringBuffer
0000c0f8     303 (0000c0c0)     ___TI_enable_exit_profile_output
0000c0fa     303 (0000c0c0)     ___TI_cleanup_ptr
0000c0fc     303 (0000c0c0)     ___TI_dtors_ptr
0000c0fe     303 (0000c0c0)     __lock

0000c100     304 (0000c100)     _DA_Code_ch0
0000c101     304 (0000c100)     _DA_Code_ch1
0000c102     304 (0000c100)     _DA_Code_ch2
0000c103     304 (0000c100)     _DA_Code_ch3
0000c104     304 (0000c100)     _dac_data0
0000c105     304 (0000c100)     _dac_data1
0000c106     304 (0000c100)     _dac_data2
0000c107     304 (0000c100)     _dac_data3
0000c108     304 (0000c100)     _yH
0000c10a     304 (0000c100)     _yL
0000c10c     304 (0000c100)     _CalGain
0000c10e     304 (0000c100)     _CalOffset
0000c110     304 (0000c100)     _CalGainError
0000c112     304 (0000c100)     _CalOffsetError
0000c114     304 (0000c100)     _Cal_Offset_Chk
0000c116     304 (0000c100)     _A1OffsetSum
0000c118     304 (0000c100)     _A2OffsetSum
0000c11a     304 (0000c100)     _A3OffsetSum
0000c11c     304 (0000c100)     _A4OffsetSum
0000c11e     304 (0000c100)     _A1OffsetCal
0000c120     304 (0000c100)     _A2OffsetCal
0000c122     304 (0000c100)     _A3OffsetCal
0000c124     304 (0000c100)     _A4OffsetCal
0000c126     304 (0000c100)     _CntSequenceTime
0000c128     304 (0000c100)     _DA_Data_ch0
0000c12a     304 (0000c100)     _DA_Data_ch1
0000c12c     304 (0000c100)     _DA_Data_ch2
0000c12e     304 (0000c100)     _DA_Data_ch3
0000c130     304 (0000c100)     _DA_ScaleIn_ch0
0000c132     304 (0000c100)     _DA_ScaleIn_ch1
0000c134     304 (0000c100)     _DA_ScaleIn_ch2
0000c136     304 (0000c100)     _DA_ScaleIn_ch3
0000c138     304 (0000c100)     _DA_Offset_ch0
0000c13a     304 (0000c100)     _DA_Offset_ch1
0000c13c     304 (0000c100)     _DA_Offset_ch2
0000c13e     304 (0000c100)     _DA_Offset_ch3

0000c140     305 (0000c140)     _DA_Scale_ch0
0000c142     305 (0000c140)     _DA_Scale_ch1
0000c144     305 (0000c140)     _DA_Scale_ch2
0000c146     305 (0000c140)     _DA_Scale_ch3
0000c148     305 (0000c140)     _DA_Mid_ch0
0000c14a     305 (0000c140)     _DA_Mid_ch1
0000c14c     305 (0000c140)     _DA_Mid_ch2
0000c14e     305 (0000c140)     _DA_Mid_ch3
0000c150     305 (0000c140)     _fdummy
0000c152     305 (0000c140)     _CMP1
0000c154     305 (0000c140)     _CMP2
0000c156     305 (0000c140)     _CMP3
0000c158     305 (0000c140)     _ezDSP_DSP
0000c159     305 (0000c140)     _ezDSP_Version_SCI
0000c15a     305 (0000c140)     _ezDSP_SW_Reset
0000c15b     305 (0000c140)     _ezDSP_uRead16BPossible
0000c15c     305 (0000c140)     _ezDSP_uRead8BPossible
0000c15d     305 (0000c140)     _ezDSP_uBlockTransfer
0000c15e     305 (0000c140)     _ezDSP_uBRKDTCount
0000c15f     305 (0000c140)     _ezDSP_uFECount
0000c160     305 (0000c140)     _ezDSP_uOECount
0000c161     305 (0000c140)     _ezDSP_uPECount
0000c162     305 (0000c140)     _ezDSP_uWrongISRCount
0000c163     305 (0000c140)     _ezDSP_ucRx
0000c164     305 (0000c140)     _ezDSP_uState
0000c165     305 (0000c140)     _ezDSP_uData
0000c166     305 (0000c140)     _ezDSP_uChksum
0000c167     305 (0000c140)     _ezDSP_uAddrRdCnt
0000c168     305 (0000c140)     _ezDSP_uDataRdCnt
0000c169     305 (0000c140)     _ezDSP_uBlockSize
0000c16a     305 (0000c140)     _ezDSP_uBlockIndex
0000c16b     305 (0000c140)     _ezDSP_uChkSumCalculated
0000c16c     305 (0000c140)     _ezDSP_fFloat
0000c16e     305 (0000c140)     _ezDSP_ulData
0000c170     305 (0000c140)     _ezDSP_ulAddr
0000c172     305 (0000c140)     _ezDSP_ullData
0000c176     305 (0000c140)     _ezDSP_nStartPos
0000c177     305 (0000c140)     _ezDSP_nEndPos
0000c178     305 (0000c140)     _ezDSP_nMaxBuffSize
0000c179     305 (0000c140)     _errno
0000c17a     305 (0000c140)     __unlock

0000c180     306 (0000c180)     _CpuTimer0
0000c188     306 (0000c180)     _CpuTimer1
0000c190     306 (0000c180)     _CpuTimer2
0000c198     306 (0000c180)     _dac_temp
0000c199     306 (0000c180)     _DACTXBUF
0000c19a     306 (0000c180)     _dac_configuration

0000d000     340 (0000d000)     _PieVectTableInit

0033fff8    cfff (0033ffc0)     _CsmPwl


GLOBAL SYMBOLS: SORTED ALPHABETICALLY BY Name 

page  address   name                                   
----  -------   ----                                   
0     00009000  .text                                  
0     0000ad15  C$$EXIT                                
0     0000a90e  FS$$DIV                                
0     0000ae2a  LL$$AND                                
0     0000adef  LL$$CMP                                
0     0000ae32  LL$$OR                                 
0     0000ae3a  LL$$XOR                                
0     0000ae01  ULL$$CMP                               
1     0000c11e  _A1OffsetCal                           
1     0000c116  _A1OffsetSum                           
1     0000c120  _A2OffsetCal                           
1     0000c118  _A2OffsetSum                           
1     0000c122  _A3OffsetCal                           
1     0000c11a  _A3OffsetSum                           
1     0000c124  _A4OffsetCal                           
1     0000c11c  _A4OffsetSum                           
0     00009ace  _ADCINT_ISR                            
0     00380080  _ADC_cal                               
1     00000b00  _AdcMirror                             
1     00007100  _AdcRegs                               
0     0000aa31  _AddRing                               
1     0000c152  _CMP1                                  
1     0000c154  _CMP2                                  
1     0000c156  _CMP3                                  
1     0000c10c  _CalGain                               
1     0000c110  _CalGainError                          
1     0000c10e  _CalOffset                             
1     0000c112  _CalOffsetError                        
1     0000c114  _Cal_Offset_Chk                        
0     00009f3b  _CalculateADC                          
0     00009e6b  _CalculateADCOffset                    
0     00009db4  _CalibrateADC                          
1     0000c126  _CntSequenceTime                       
0     0000aae0  _ConfigCpuTimer                        
1     0000c180  _CpuTimer0                             
1     00000c00  _CpuTimer0Regs                         
1     0000c188  _CpuTimer1                             
1     00000c08  _CpuTimer1Regs                         
1     0000c190  _CpuTimer2                             
1     00000c10  _CpuTimer2Regs                         
1     0033fff8  _CsmPwl                                
1     00000ae0  _CsmRegs                               
0     0000a5e8  _CsmUnlock                             
1     0000c199  _DACTXBUF                              
0     000099fc  _DATALOG_ISR                           
1     0000c100  _DA_Code_ch0                           
1     0000c101  _DA_Code_ch1                           
1     0000c102  _DA_Code_ch2                           
1     0000c103  _DA_Code_ch3                           
1     0000c128  _DA_Data_ch0                           
1     0000c12a  _DA_Data_ch1                           
1     0000c12c  _DA_Data_ch2                           
1     0000c12e  _DA_Data_ch3                           
1     0000c148  _DA_Mid_ch0                            
1     0000c14a  _DA_Mid_ch1                            
1     0000c14c  _DA_Mid_ch2                            
1     0000c14e  _DA_Mid_ch3                            
1     0000c138  _DA_Offset_ch0                         
1     0000c13a  _DA_Offset_ch1                         
1     0000c13c  _DA_Offset_ch2                         
1     0000c13e  _DA_Offset_ch3                         
1     0000c130  _DA_ScaleIn_ch0                        
1     0000c132  _DA_ScaleIn_ch1                        
1     0000c134  _DA_ScaleIn_ch2                        
1     0000c136  _DA_ScaleIn_ch3                        
1     0000c140  _DA_Scale_ch0                          
1     0000c142  _DA_Scale_ch1                          
1     0000c144  _DA_Scale_ch2                          
1     0000c146  _DA_Scale_ch3                          
0     00009c3a  _DINTCH1_ISR                           
0     00009c44  _DINTCH2_ISR                           
0     00009c4e  _DINTCH3_ISR                           
0     00009c58  _DINTCH4_ISR                           
0     00009c62  _DINTCH5_ISR                           
0     00009c6c  _DINTCH6_ISR                           
0     0000ae65  _DSP28x_DisableInt                     
0     0000ae69  _DSP28x_RestoreInt                     
0     00008180  _DSP28x_usDelay                        
1     00000880  _DevEmuRegs                            
0     0000a534  _DisableDog                            
1     00001000  _DmaRegs                               
0     00009cc6  _ECAN0INTA_ISR                         
0     00009cda  _ECAN0INTB_ISR                         
0     00009cd0  _ECAN1INTA_ISR                         
0     00009ce4  _ECAN1INTB_ISR                         
0     00009ba0  _ECAP1_INT_ISR                         
0     00009baa  _ECAP2_INT_ISR                         
0     00009bb4  _ECAP3_INT_ISR                         
0     00009bbe  _ECAP4_INT_ISR                         
0     00009bc8  _ECAP5_INT_ISR                         
0     00009bd2  _ECAP6_INT_ISR                         
1     00006040  _ECanaLAMRegs                          
1     000060c0  _ECanaMOTORegs                         
1     00006080  _ECanaMOTSRegs                         
1     00006100  _ECanaMboxes                           
1     00006000  _ECanaRegs                             
1     00006240  _ECanbLAMRegs                          
1     000062c0  _ECanbMOTORegs                         
1     00006280  _ECanbMOTSRegs                         
1     00006300  _ECanbMboxes                           
1     00006200  _ECanbRegs                             
1     00006a00  _ECap1Regs                             
1     00006a20  _ECap2Regs                             
1     00006a40  _ECap3Regs                             
1     00006a60  _ECap4Regs                             
1     00006a80  _ECap5Regs                             
1     00006aa0  _ECap6Regs                             
0     00009a10  _EMUINT_ISR                            
0     00009b5d  _EPWM1_INT_ISR                         
0     00009b1e  _EPWM1_TZINT_ISR                       
0     00009b6e  _EPWM2_INT_ISR                         
0     00009b2b  _EPWM2_TZINT_ISR                       
0     00009b78  _EPWM3_INT_ISR                         
0     00009b35  _EPWM3_TZINT_ISR                       
0     00009b82  _EPWM4_INT_ISR                         
0     00009b3f  _EPWM4_TZINT_ISR                       
0     00009b8c  _EPWM5_INT_ISR                         
0     00009b49  _EPWM5_TZINT_ISR                       
0     00009b96  _EPWM6_INT_ISR                         
0     00009b53  _EPWM6_TZINT_ISR                       
1     00006800  _EPwm1Regs                             
1     00006840  _EPwm2Regs                             
1     00006880  _EPwm3Regs                             
1     000068c0  _EPwm4Regs                             
1     00006900  _EPwm5Regs                             
1     00006940  _EPwm6Regs                             
0     00009bdc  _EQEP1_INT_ISR                         
0     00009bed  _EQEP2_INT_ISR                         
1     00006b00  _EQep1Regs                             
1     00006b40  _EQep2Regs                             
0     0000ad04  _EnableInterrupts                      
0     0000aa5d  _ExtractRing                           
1     00000a80  _FlashRegs                             
0     0000aa8b  _GetSizeRing                           
1     00006f80  _GpioCtrlRegs                          
1     00006fc0  _GpioDataRegs                          
1     00006fe0  _GpioIntRegs                           
0     00009c76  _I2CINT1A_ISR                          
0     00009c80  _I2CINT2A_ISR                          
1     00007900  _I2caRegs                              
0     00009a24  _ILLEGAL_ISR                           
0     000099e8  _INT13_ISR                             
0     000099f2  _INT14_ISR                             
0     0000a443  _InitAQ                                
0     00009d48  _InitAdc                               
0     0000a427  _InitCC                                
0     0000aa9f  _InitCpuTimers                         
0     0000a48b  _InitDB                                
0     0000a2ed  _InitECan                              
0     0000a3e6  _InitECanGpio                          
0     0000a2f0  _InitECana                             
0     0000a3e9  _InitECanaGpio                         
0     0000a36b  _InitECanb                             
0     0000a3f9  _InitECanbGpio                         
0     00009f3c  _InitEPWM                              
0     00009fdd  _InitEPwm1Gpio                         
0     00009fef  _InitEPwm2Gpio                         
0     0000a001  _InitEPwm3Gpio                         
0     0000a015  _InitEPwm4Gpio                         
0     0000a029  _InitEPwm5Gpio                         
0     0000a03b  _InitEPwm6Gpio                         
0     00009fd0  _InitEPwmGpio                          
0     0000a04d  _InitEPwmSyncGpio                      
0     0000a49d  _InitET                                
0     0000ad65  _InitGpio                              
0     0000a097  _InitParameter                         
0     0000a58d  _InitPeripheralClocks                  
0     0000ace5  _InitPieCtrl                           
0     0000adcf  _InitPieVectTable                      
0     0000a53c  _InitPll                               
0     0000a521  _InitSysCtrl                           
0     0000a409  _InitTB                                
0     0000a4fc  _InitTZ                                
0     0000a061  _InitTzGpio                            
0     00009000  _Init_Code                             
0     0000a7b5  _Init_eQEP1                            
0     0000a814  _Init_eQEP2                            
0     0000aa97  _IsRingEmpty                           
0     00009d2a  _LUF_ISR                               
0     00009d20  _LVF_ISR                               
0     00009c26  _MRINTA_ISR                            
0     00009c12  _MRINTB_ISR                            
0     00009c30  _MXINTA_ISR                            
0     00009c1c  _MXINTB_ISR                            
1     00005000  _McbspaRegs                            
1     00005040  _McbspbRegs                            
0     00009a1a  _NMI_ISR                               
0     000094d4  _OutputDAC                             
0     00009d34  _PIE_RESERVED                          
1     00000ce0  _PieCtrlRegs                           
1     00000d00  _PieVectTable                          
1     0000d000  _PieVectTableInit                      
0     0000a098  _RFFT_adc_f32                          
0     0000a870  _RFFT_adc_f32u                         
0     0000a1d0  _RFFT_f32                              
0     0000aca1  _RFFT_f32_mag                          
0     0000ac10  _RFFT_f32_phase                        
0     0000ab70  _RFFT_f32s_mag                         
0     0000a996  _RFFT_f32u                             
0     00009a06  _RTOSINT_ISR                           
0     0000aa71  _ReadRing                              
0     0000aa1b  _ResetRing                             
0     00009c9e  _SCIRXINTA_ISR                         
0     00009cb2  _SCIRXINTB_ISR                         
0     00009c8a  _SCIRXINTC_ISR                         
0     00009ca8  _SCITXINTA_ISR                         
0     00009cbc  _SCITXINTB_ISR                         
0     00009c94  _SCITXINTC_ISR                         
0     00009aa6  _SEQ1INT_ISR                           
0     00009ab0  _SEQ2INT_ISR                           
0     00009bfe  _SPIRXINTA_ISR                         
0     00009c08  _SPITXINTA_ISR                         
1     00007050  _SciaRegs                              
1     00007750  _ScibRegs                              
1     00007770  _ScicRegs                              
0     0000a52a  _ServiceDog                            
0     0000ae6c  _SetDBGIER                             
0     0000944d  _Set_DA_Code                           
0     00009463  _Set_DA_Offset                         
0     0000947e  _Set_DA_Scale                          
1     00007040  _SpiaRegs                              
1     00007010  _SysCtrlRegs                           
0     00009b03  _TINT0_ISR                             
0     0000adad  _Timer_Init                            
0     00009a88  _USER10_ISR                            
0     00009a92  _USER11_ISR                            
0     00009a9c  _USER12_ISR                            
0     00009a2e  _USER1_ISR                             
0     00009a38  _USER2_ISR                             
0     00009a42  _USER3_ISR                             
0     00009a4c  _USER4_ISR                             
0     00009a56  _USER5_ISR                             
0     00009a60  _USER6_ISR                             
0     00009a6a  _USER7_ISR                             
0     00009a74  _USER8_ISR                             
0     00009a7e  _USER9_ISR                             
0     00009b14  _WAKEINT_ISR                           
0     00009aba  _XINT1_ISR                             
0     00009ac4  _XINT2_ISR                             
0     00009cee  _XINT3_ISR                             
0     00009cf8  _XINT4_ISR                             
0     00009d02  _XINT5_ISR                             
0     00009d0c  _XINT6_ISR                             
0     00009d16  _XINT7_ISR                             
1     00007070  _XIntruptRegs                          
1     00000b20  _XintfRegs                             
1     00000700  __STACK_END                            
abs   00000300  __STACK_SIZE                           
1     0000c0fa  ___TI_cleanup_ptr                      
1     0000c0fc  ___TI_dtors_ptr                        
1     0000c0f8  ___TI_enable_exit_profile_output       
abs   ffffffff  ___TI_pprof_out_hndl                   
abs   ffffffff  ___TI_prof_data_size                   
abs   ffffffff  ___TI_prof_data_start                  
abs   ffffffff  ___binit__                             
abs   ffffffff  ___c_args__                            
0     00008000  ___cinit__                             
0     0000ae71  ___etext__                             
abs   ffffffff  ___pinit__                             
0     00009000  ___text__                              
0     0000ae42  __args_main                            
1     0000c0fe  __lock                                 
0     0000ae5c  __nop                                  
0     0000ae58  __register_lock                        
0     0000ae54  __register_unlock                      
1     00000400  __stack                                
0     0000a86f  __system_post_cinit                    
0     0000ae6f  __system_pre_init                      
1     0000c17a  __unlock                               
0     0000ad15  _abort                                 
0     0000a6eb  _atan                                  
0     0000a619  _atan2                                 
0     0000a619  _atan2f                                
0     0000a6eb  _atanf                                 
0     0000ab1a  _c_int00                               
0     0000ad89  _copy_in                               
1     0000c19a  _dac_configuration                     
1     0000c104  _dac_data0                             
1     0000c105  _dac_data1                             
1     0000c106  _dac_data2                             
1     0000c107  _dac_data3                             
0     00009499  _dac_setup                             
1     0000c198  _dac_temp                              
1     0000c000  _data_ptr                              
0     0000abc5  _easyDSP_SCI_Init                      
0     000095ac  _easy_RXINT_ISR                        
0     000099a3  _easy_TXINT_ISR                        
1     0000c179  _errno                                 
0     0000ad17  _exit                                  
1     0000c158  _ezDSP_DSP                             
1     0000c15a  _ezDSP_SW_Reset                        
1     0000c159  _ezDSP_Version_SCI                     
1     0000c16c  _ezDSP_fFloat                          
1     0000c177  _ezDSP_nEndPos                         
1     0000c178  _ezDSP_nMaxBuffSize                    
1     0000c176  _ezDSP_nStartPos                       
1     0000c0c6  _ezDSP_ringBuffer                      
1     0000c167  _ezDSP_uAddrRdCnt                      
1     0000c15e  _ezDSP_uBRKDTCount                     
1     0000c16a  _ezDSP_uBlockIndex                     
1     0000c169  _ezDSP_uBlockSize                      
1     0000c15d  _ezDSP_uBlockTransfer                  
1     0000c16b  _ezDSP_uChkSumCalculated               
1     0000c166  _ezDSP_uChksum                         
1     0000c165  _ezDSP_uData                           
1     0000c168  _ezDSP_uDataRdCnt                      
1     0000c15f  _ezDSP_uFECount                        
1     0000c160  _ezDSP_uOECount                        
1     0000c161  _ezDSP_uPECount                        
1     0000c15b  _ezDSP_uRead16BPossible                
1     0000c15c  _ezDSP_uRead8BPossible                 
1     0000c164  _ezDSP_uState                          
1     0000c162  _ezDSP_uWrongISRCount                  
1     0000c163  _ezDSP_ucRx                            
1     0000c170  _ezDSP_ulAddr                          
1     0000c16e  _ezDSP_ulData                          
1     0000c172  _ezDSP_ullData                         
1     0000c150  _fdummy                                
0     0000ac59  _main                                  
0     0000ae0d  _memcpy                                
0     0000a128  _rfft_adc_f32_Stages4andUp             
0     0000a1d9  _rfft_f32_Stages1and2and3andBitReverse 
0     0000a245  _rfft_f32_Stages4andUp                 
0     0000a99f  _rfft_f32u_Stages1and2and3andBitReverse
0     00009d3e  _rsvd_ISR                              
0     0000ad3e  _sqrt                                  
0     0000ad3e  _sqrtf                                 
1     0000c108  _yH                                    
1     0000c10a  _yL                                    
abs   ffffffff  binit                                  
0     00008000  cinit                                  
0     00000000  code_start                             
0     0000ae71  etext                                  
abs   ffffffff  pinit                                  


GLOBAL SYMBOLS: SORTED BY Symbol Address 

page  address   name                                   
----  -------   ----                                   
0     00000000  code_start                             
0     00008000  ___cinit__                             
0     00008000  cinit                                  
0     00008180  _DSP28x_usDelay                        
0     00009000  .text                                  
0     00009000  _Init_Code                             
0     00009000  ___text__                              
0     0000944d  _Set_DA_Code                           
0     00009463  _Set_DA_Offset                         
0     0000947e  _Set_DA_Scale                          
0     00009499  _dac_setup                             
0     000094d4  _OutputDAC                             
0     000095ac  _easy_RXINT_ISR                        
0     000099a3  _easy_TXINT_ISR                        
0     000099e8  _INT13_ISR                             
0     000099f2  _INT14_ISR                             
0     000099fc  _DATALOG_ISR                           
0     00009a06  _RTOSINT_ISR                           
0     00009a10  _EMUINT_ISR                            
0     00009a1a  _NMI_ISR                               
0     00009a24  _ILLEGAL_ISR                           
0     00009a2e  _USER1_ISR                             
0     00009a38  _USER2_ISR                             
0     00009a42  _USER3_ISR                             
0     00009a4c  _USER4_ISR                             
0     00009a56  _USER5_ISR                             
0     00009a60  _USER6_ISR                             
0     00009a6a  _USER7_ISR                             
0     00009a74  _USER8_ISR                             
0     00009a7e  _USER9_ISR                             
0     00009a88  _USER10_ISR                            
0     00009a92  _USER11_ISR                            
0     00009a9c  _USER12_ISR                            
0     00009aa6  _SEQ1INT_ISR                           
0     00009ab0  _SEQ2INT_ISR                           
0     00009aba  _XINT1_ISR                             
0     00009ac4  _XINT2_ISR                             
0     00009ace  _ADCINT_ISR                            
0     00009b03  _TINT0_ISR                             
0     00009b14  _WAKEINT_ISR                           
0     00009b1e  _EPWM1_TZINT_ISR                       
0     00009b2b  _EPWM2_TZINT_ISR                       
0     00009b35  _EPWM3_TZINT_ISR                       
0     00009b3f  _EPWM4_TZINT_ISR                       
0     00009b49  _EPWM5_TZINT_ISR                       
0     00009b53  _EPWM6_TZINT_ISR                       
0     00009b5d  _EPWM1_INT_ISR                         
0     00009b6e  _EPWM2_INT_ISR                         
0     00009b78  _EPWM3_INT_ISR                         
0     00009b82  _EPWM4_INT_ISR                         
0     00009b8c  _EPWM5_INT_ISR                         
0     00009b96  _EPWM6_INT_ISR                         
0     00009ba0  _ECAP1_INT_ISR                         
0     00009baa  _ECAP2_INT_ISR                         
0     00009bb4  _ECAP3_INT_ISR                         
0     00009bbe  _ECAP4_INT_ISR                         
0     00009bc8  _ECAP5_INT_ISR                         
0     00009bd2  _ECAP6_INT_ISR                         
0     00009bdc  _EQEP1_INT_ISR                         
0     00009bed  _EQEP2_INT_ISR                         
0     00009bfe  _SPIRXINTA_ISR                         
0     00009c08  _SPITXINTA_ISR                         
0     00009c12  _MRINTB_ISR                            
0     00009c1c  _MXINTB_ISR                            
0     00009c26  _MRINTA_ISR                            
0     00009c30  _MXINTA_ISR                            
0     00009c3a  _DINTCH1_ISR                           
0     00009c44  _DINTCH2_ISR                           
0     00009c4e  _DINTCH3_ISR                           
0     00009c58  _DINTCH4_ISR                           
0     00009c62  _DINTCH5_ISR                           
0     00009c6c  _DINTCH6_ISR                           
0     00009c76  _I2CINT1A_ISR                          
0     00009c80  _I2CINT2A_ISR                          
0     00009c8a  _SCIRXINTC_ISR                         
0     00009c94  _SCITXINTC_ISR                         
0     00009c9e  _SCIRXINTA_ISR                         
0     00009ca8  _SCITXINTA_ISR                         
0     00009cb2  _SCIRXINTB_ISR                         
0     00009cbc  _SCITXINTB_ISR                         
0     00009cc6  _ECAN0INTA_ISR                         
0     00009cd0  _ECAN1INTA_ISR                         
0     00009cda  _ECAN0INTB_ISR                         
0     00009ce4  _ECAN1INTB_ISR                         
0     00009cee  _XINT3_ISR                             
0     00009cf8  _XINT4_ISR                             
0     00009d02  _XINT5_ISR                             
0     00009d0c  _XINT6_ISR                             
0     00009d16  _XINT7_ISR                             
0     00009d20  _LVF_ISR                               
0     00009d2a  _LUF_ISR                               
0     00009d34  _PIE_RESERVED                          
0     00009d3e  _rsvd_ISR                              
0     00009d48  _InitAdc                               
0     00009db4  _CalibrateADC                          
0     00009e6b  _CalculateADCOffset                    
0     00009f3b  _CalculateADC                          
0     00009f3c  _InitEPWM                              
0     00009fd0  _InitEPwmGpio                          
0     00009fdd  _InitEPwm1Gpio                         
0     00009fef  _InitEPwm2Gpio                         
0     0000a001  _InitEPwm3Gpio                         
0     0000a015  _InitEPwm4Gpio                         
0     0000a029  _InitEPwm5Gpio                         
0     0000a03b  _InitEPwm6Gpio                         
0     0000a04d  _InitEPwmSyncGpio                      
0     0000a061  _InitTzGpio                            
0     0000a097  _InitParameter                         
0     0000a098  _RFFT_adc_f32                          
0     0000a128  _rfft_adc_f32_Stages4andUp             
0     0000a1d0  _RFFT_f32                              
0     0000a1d9  _rfft_f32_Stages1and2and3andBitReverse 
0     0000a245  _rfft_f32_Stages4andUp                 
0     0000a2ed  _InitECan                              
0     0000a2f0  _InitECana                             
0     0000a36b  _InitECanb                             
0     0000a3e6  _InitECanGpio                          
0     0000a3e9  _InitECanaGpio                         
0     0000a3f9  _InitECanbGpio                         
0     0000a409  _InitTB                                
0     0000a427  _InitCC                                
0     0000a443  _InitAQ                                
0     0000a48b  _InitDB                                
0     0000a49d  _InitET                                
0     0000a4fc  _InitTZ                                
0     0000a521  _InitSysCtrl                           
0     0000a52a  _ServiceDog                            
0     0000a534  _DisableDog                            
0     0000a53c  _InitPll                               
0     0000a58d  _InitPeripheralClocks                  
0     0000a5e8  _CsmUnlock                             
0     0000a619  _atan2                                 
0     0000a619  _atan2f                                
0     0000a6eb  _atan                                  
0     0000a6eb  _atanf                                 
0     0000a7b5  _Init_eQEP1                            
0     0000a814  _Init_eQEP2                            
0     0000a86f  __system_post_cinit                    
0     0000a870  _RFFT_adc_f32u                         
0     0000a90e  FS$$DIV                                
0     0000a996  _RFFT_f32u                             
0     0000a99f  _rfft_f32u_Stages1and2and3andBitReverse
0     0000aa1b  _ResetRing                             
0     0000aa31  _AddRing                               
0     0000aa5d  _ExtractRing                           
0     0000aa71  _ReadRing                              
0     0000aa8b  _GetSizeRing                           
0     0000aa97  _IsRingEmpty                           
0     0000aa9f  _InitCpuTimers                         
0     0000aae0  _ConfigCpuTimer                        
0     0000ab1a  _c_int00                               
0     0000ab70  _RFFT_f32s_mag                         
0     0000abc5  _easyDSP_SCI_Init                      
0     0000ac10  _RFFT_f32_phase                        
0     0000ac59  _main                                  
0     0000aca1  _RFFT_f32_mag                          
0     0000ace5  _InitPieCtrl                           
0     0000ad04  _EnableInterrupts                      
0     0000ad15  C$$EXIT                                
0     0000ad15  _abort                                 
0     0000ad17  _exit                                  
0     0000ad3e  _sqrt                                  
0     0000ad3e  _sqrtf                                 
0     0000ad65  _InitGpio                              
0     0000ad89  _copy_in                               
0     0000adad  _Timer_Init                            
0     0000adcf  _InitPieVectTable                      
0     0000adef  LL$$CMP                                
0     0000ae01  ULL$$CMP                               
0     0000ae0d  _memcpy                                
0     0000ae2a  LL$$AND                                
0     0000ae32  LL$$OR                                 
0     0000ae3a  LL$$XOR                                
0     0000ae42  __args_main                            
0     0000ae54  __register_unlock                      
0     0000ae58  __register_lock                        
0     0000ae5c  __nop                                  
0     0000ae65  _DSP28x_DisableInt                     
0     0000ae69  _DSP28x_RestoreInt                     
0     0000ae6c  _SetDBGIER                             
0     0000ae6f  __system_pre_init                      
0     0000ae71  ___etext__                             
0     0000ae71  etext                                  
0     00380080  _ADC_cal                               
1     00000400  __stack                                
1     00000700  __STACK_END                            
1     00000880  _DevEmuRegs                            
1     00000a80  _FlashRegs                             
1     00000ae0  _CsmRegs                               
1     00000b00  _AdcMirror                             
1     00000b20  _XintfRegs                             
1     00000c00  _CpuTimer0Regs                         
1     00000c08  _CpuTimer1Regs                         
1     00000c10  _CpuTimer2Regs                         
1     00000ce0  _PieCtrlRegs                           
1     00000d00  _PieVectTable                          
1     00001000  _DmaRegs                               
1     00005000  _McbspaRegs                            
1     00005040  _McbspbRegs                            
1     00006000  _ECanaRegs                             
1     00006040  _ECanaLAMRegs                          
1     00006080  _ECanaMOTSRegs                         
1     000060c0  _ECanaMOTORegs                         
1     00006100  _ECanaMboxes                           
1     00006200  _ECanbRegs                             
1     00006240  _ECanbLAMRegs                          
1     00006280  _ECanbMOTSRegs                         
1     000062c0  _ECanbMOTORegs                         
1     00006300  _ECanbMboxes                           
1     00006800  _EPwm1Regs                             
1     00006840  _EPwm2Regs                             
1     00006880  _EPwm3Regs                             
1     000068c0  _EPwm4Regs                             
1     00006900  _EPwm5Regs                             
1     00006940  _EPwm6Regs                             
1     00006a00  _ECap1Regs                             
1     00006a20  _ECap2Regs                             
1     00006a40  _ECap3Regs                             
1     00006a60  _ECap4Regs                             
1     00006a80  _ECap5Regs                             
1     00006aa0  _ECap6Regs                             
1     00006b00  _EQep1Regs                             
1     00006b40  _EQep2Regs                             
1     00006f80  _GpioCtrlRegs                          
1     00006fc0  _GpioDataRegs                          
1     00006fe0  _GpioIntRegs                           
1     00007010  _SysCtrlRegs                           
1     00007040  _SpiaRegs                              
1     00007050  _SciaRegs                              
1     00007070  _XIntruptRegs                          
1     00007100  _AdcRegs                               
1     00007750  _ScibRegs                              
1     00007770  _ScicRegs                              
1     00007900  _I2caRegs                              
1     0000c000  _data_ptr                              
1     0000c0c6  _ezDSP_ringBuffer                      
1     0000c0f8  ___TI_enable_exit_profile_output       
1     0000c0fa  ___TI_cleanup_ptr                      
1     0000c0fc  ___TI_dtors_ptr                        
1     0000c0fe  __lock                                 
1     0000c100  _DA_Code_ch0                           
1     0000c101  _DA_Code_ch1                           
1     0000c102  _DA_Code_ch2                           
1     0000c103  _DA_Code_ch3                           
1     0000c104  _dac_data0                             
1     0000c105  _dac_data1                             
1     0000c106  _dac_data2                             
1     0000c107  _dac_data3                             
1     0000c108  _yH                                    
1     0000c10a  _yL                                    
1     0000c10c  _CalGain                               
1     0000c10e  _CalOffset                             
1     0000c110  _CalGainError                          
1     0000c112  _CalOffsetError                        
1     0000c114  _Cal_Offset_Chk                        
1     0000c116  _A1OffsetSum                           
1     0000c118  _A2OffsetSum                           
1     0000c11a  _A3OffsetSum                           
1     0000c11c  _A4OffsetSum                           
1     0000c11e  _A1OffsetCal                           
1     0000c120  _A2OffsetCal                           
1     0000c122  _A3OffsetCal                           
1     0000c124  _A4OffsetCal                           
1     0000c126  _CntSequenceTime                       
1     0000c128  _DA_Data_ch0                           
1     0000c12a  _DA_Data_ch1                           
1     0000c12c  _DA_Data_ch2                           
1     0000c12e  _DA_Data_ch3                           
1     0000c130  _DA_ScaleIn_ch0                        
1     0000c132  _DA_ScaleIn_ch1                        
1     0000c134  _DA_ScaleIn_ch2                        
1     0000c136  _DA_ScaleIn_ch3                        
1     0000c138  _DA_Offset_ch0                         
1     0000c13a  _DA_Offset_ch1                         
1     0000c13c  _DA_Offset_ch2                         
1     0000c13e  _DA_Offset_ch3                         
1     0000c140  _DA_Scale_ch0                          
1     0000c142  _DA_Scale_ch1                          
1     0000c144  _DA_Scale_ch2                          
1     0000c146  _DA_Scale_ch3                          
1     0000c148  _DA_Mid_ch0                            
1     0000c14a  _DA_Mid_ch1                            
1     0000c14c  _DA_Mid_ch2                            
1     0000c14e  _DA_Mid_ch3                            
1     0000c150  _fdummy                                
1     0000c152  _CMP1                                  
1     0000c154  _CMP2                                  
1     0000c156  _CMP3                                  
1     0000c158  _ezDSP_DSP                             
1     0000c159  _ezDSP_Version_SCI                     
1     0000c15a  _ezDSP_SW_Reset                        
1     0000c15b  _ezDSP_uRead16BPossible                
1     0000c15c  _ezDSP_uRead8BPossible                 
1     0000c15d  _ezDSP_uBlockTransfer                  
1     0000c15e  _ezDSP_uBRKDTCount                     
1     0000c15f  _ezDSP_uFECount                        
1     0000c160  _ezDSP_uOECount                        
1     0000c161  _ezDSP_uPECount                        
1     0000c162  _ezDSP_uWrongISRCount                  
1     0000c163  _ezDSP_ucRx                            
1     0000c164  _ezDSP_uState                          
1     0000c165  _ezDSP_uData                           
1     0000c166  _ezDSP_uChksum                         
1     0000c167  _ezDSP_uAddrRdCnt                      
1     0000c168  _ezDSP_uDataRdCnt                      
1     0000c169  _ezDSP_uBlockSize                      
1     0000c16a  _ezDSP_uBlockIndex                     
1     0000c16b  _ezDSP_uChkSumCalculated               
1     0000c16c  _ezDSP_fFloat                          
1     0000c16e  _ezDSP_ulData                          
1     0000c170  _ezDSP_ulAddr                          
1     0000c172  _ezDSP_ullData                         
1     0000c176  _ezDSP_nStartPos                       
1     0000c177  _ezDSP_nEndPos                         
1     0000c178  _ezDSP_nMaxBuffSize                    
1     0000c179  _errno                                 
1     0000c17a  __unlock                               
1     0000c180  _CpuTimer0                             
1     0000c188  _CpuTimer1                             
1     0000c190  _CpuTimer2                             
1     0000c198  _dac_temp                              
1     0000c199  _DACTXBUF                              
1     0000c19a  _dac_configuration                     
1     0000d000  _PieVectTableInit                      
1     0033fff8  _CsmPwl                                
abs   00000300  __STACK_SIZE                           
abs   ffffffff  ___TI_pprof_out_hndl                   
abs   ffffffff  ___TI_prof_data_size                   
abs   ffffffff  ___TI_prof_data_start                  
abs   ffffffff  ___binit__                             
abs   ffffffff  ___c_args__                            
abs   ffffffff  ___pinit__                             
abs   ffffffff  binit                                  
abs   ffffffff  pinit                                  

[334 symbols]
