<?xml version="1.0" encoding="ISO-8859-1" ?>
<link_info>
   <banner>TMS320C2000 Linker PC v22.6.3.LTS</banner>
   <copyright>Copyright (c) 1996-2018 Texas Instruments Incorporated</copyright>
   <link_time>0x698e8219</link_time>
   <link_errors>0x0</link_errors>
   <output_file>PFC800_V1.out</output_file>
   <entry_point>
      <name>_c_int00</name>
      <address>0xb5df</address>
   </entry_point>
   <input_file_list>
      <input_file id="fl-2">
         <path>.\source\</path>
         <kind>object</kind>
         <file>Adc.obj</file>
         <name>Adc.obj</name>
      </input_file>
      <input_file id="fl-3">
         <path>.\source\</path>
         <kind>object</kind>
         <file>DSP2833x_ADC_cal.obj</file>
         <name>DSP2833x_ADC_cal.obj</name>
      </input_file>
      <input_file id="fl-4">
         <path>.\source\</path>
         <kind>object</kind>
         <file>DSP2833x_CSMPasswords.obj</file>
         <name>DSP2833x_CSMPasswords.obj</name>
      </input_file>
      <input_file id="fl-5">
         <path>.\source\</path>
         <kind>object</kind>
         <file>DSP2833x_CodeStartBranch.obj</file>
         <name>DSP2833x_CodeStartBranch.obj</name>
      </input_file>
      <input_file id="fl-6">
         <path>.\source\</path>
         <kind>object</kind>
         <file>DSP2833x_CpuTimers.obj</file>
         <name>DSP2833x_CpuTimers.obj</name>
      </input_file>
      <input_file id="fl-7">
         <path>.\source\</path>
         <kind>object</kind>
         <file>DSP2833x_DBGIER.obj</file>
         <name>DSP2833x_DBGIER.obj</name>
      </input_file>
      <input_file id="fl-8">
         <path>.\source\</path>
         <kind>object</kind>
         <file>DSP2833x_DMA.obj</file>
         <name>DSP2833x_DMA.obj</name>
      </input_file>
      <input_file id="fl-9">
         <path>.\source\</path>
         <kind>object</kind>
         <file>DSP2833x_DefaultIsr.obj</file>
         <name>DSP2833x_DefaultIsr.obj</name>
      </input_file>
      <input_file id="fl-a">
         <path>.\source\</path>
         <kind>object</kind>
         <file>DSP2833x_DisInt.obj</file>
         <name>DSP2833x_DisInt.obj</name>
      </input_file>
      <input_file id="fl-b">
         <path>.\source\</path>
         <kind>object</kind>
         <file>DSP2833x_ECan.obj</file>
         <name>DSP2833x_ECan.obj</name>
      </input_file>
      <input_file id="fl-c">
         <path>.\source\</path>
         <kind>object</kind>
         <file>DSP2833x_ECap.obj</file>
         <name>DSP2833x_ECap.obj</name>
      </input_file>
      <input_file id="fl-d">
         <path>.\source\</path>
         <kind>object</kind>
         <file>DSP2833x_EPwm.obj</file>
         <name>DSP2833x_EPwm.obj</name>
      </input_file>
      <input_file id="fl-e">
         <path>.\source\</path>
         <kind>object</kind>
         <file>DSP2833x_EQep.obj</file>
         <name>DSP2833x_EQep.obj</name>
      </input_file>
      <input_file id="fl-f">
         <path>.\source\</path>
         <kind>object</kind>
         <file>DSP2833x_GlobalVariableDefs.obj</file>
         <name>DSP2833x_GlobalVariableDefs.obj</name>
      </input_file>
      <input_file id="fl-10">
         <path>.\source\</path>
         <kind>object</kind>
         <file>DSP2833x_Gpio.obj</file>
         <name>DSP2833x_Gpio.obj</name>
      </input_file>
      <input_file id="fl-11">
         <path>.\source\</path>
         <kind>object</kind>
         <file>DSP2833x_I2C.obj</file>
         <name>DSP2833x_I2C.obj</name>
      </input_file>
      <input_file id="fl-12">
         <path>.\source\</path>
         <kind>object</kind>
         <file>DSP2833x_Mcbsp.obj</file>
         <name>DSP2833x_Mcbsp.obj</name>
      </input_file>
      <input_file id="fl-13">
         <path>.\source\</path>
         <kind>object</kind>
         <file>DSP2833x_MemCopy.obj</file>
         <name>DSP2833x_MemCopy.obj</name>
      </input_file>
      <input_file id="fl-14">
         <path>.\source\</path>
         <kind>object</kind>
         <file>DSP2833x_PieCtrl.obj</file>
         <name>DSP2833x_PieCtrl.obj</name>
      </input_file>
      <input_file id="fl-15">
         <path>.\source\</path>
         <kind>object</kind>
         <file>DSP2833x_PieVect.obj</file>
         <name>DSP2833x_PieVect.obj</name>
      </input_file>
      <input_file id="fl-16">
         <path>.\source\</path>
         <kind>object</kind>
         <file>DSP2833x_Sci.obj</file>
         <name>DSP2833x_Sci.obj</name>
      </input_file>
      <input_file id="fl-17">
         <path>.\source\</path>
         <kind>object</kind>
         <file>DSP2833x_Spi.obj</file>
         <name>DSP2833x_Spi.obj</name>
      </input_file>
      <input_file id="fl-18">
         <path>.\source\</path>
         <kind>object</kind>
         <file>DSP2833x_SysCtrl.obj</file>
         <name>DSP2833x_SysCtrl.obj</name>
      </input_file>
      <input_file id="fl-19">
         <path>.\source\</path>
         <kind>object</kind>
         <file>DSP2833x_Xintf.obj</file>
         <name>DSP2833x_Xintf.obj</name>
      </input_file>
      <input_file id="fl-1a">
         <path>.\source\</path>
         <kind>object</kind>
         <file>DSP2833x_usDelay.obj</file>
         <name>DSP2833x_usDelay.obj</name>
      </input_file>
      <input_file id="fl-1b">
         <path>.\source\</path>
         <kind>object</kind>
         <file>Pelab_EPWM.obj</file>
         <name>Pelab_EPWM.obj</name>
      </input_file>
      <input_file id="fl-1c">
         <path>.\source\</path>
         <kind>object</kind>
         <file>Pelab_Func.obj</file>
         <name>Pelab_Func.obj</name>
      </input_file>
      <input_file id="fl-1d">
         <path>.\source\</path>
         <kind>object</kind>
         <file>Qep.obj</file>
         <name>Qep.obj</name>
      </input_file>
      <input_file id="fl-1e">
         <path>.\source\</path>
         <kind>object</kind>
         <file>RFFT_adc_f32.obj</file>
         <name>RFFT_adc_f32.obj</name>
      </input_file>
      <input_file id="fl-1f">
         <path>.\source\</path>
         <kind>object</kind>
         <file>RFFT_adc_f32u.obj</file>
         <name>RFFT_adc_f32u.obj</name>
      </input_file>
      <input_file id="fl-20">
         <path>.\source\</path>
         <kind>object</kind>
         <file>RFFT_f32.obj</file>
         <name>RFFT_f32.obj</name>
      </input_file>
      <input_file id="fl-21">
         <path>.\source\</path>
         <kind>object</kind>
         <file>RFFT_f32_mag.obj</file>
         <name>RFFT_f32_mag.obj</name>
      </input_file>
      <input_file id="fl-22">
         <path>.\source\</path>
         <kind>object</kind>
         <file>RFFT_f32_phase.obj</file>
         <name>RFFT_f32_phase.obj</name>
      </input_file>
      <input_file id="fl-23">
         <path>.\source\</path>
         <kind>object</kind>
         <file>RFFT_f32_sincostable.obj</file>
         <name>RFFT_f32_sincostable.obj</name>
      </input_file>
      <input_file id="fl-24">
         <path>.\source\</path>
         <kind>object</kind>
         <file>RFFT_f32s_mag.obj</file>
         <name>RFFT_f32s_mag.obj</name>
      </input_file>
      <input_file id="fl-25">
         <path>.\source\</path>
         <kind>object</kind>
         <file>RFFT_f32u.obj</file>
         <name>RFFT_f32u.obj</name>
      </input_file>
      <input_file id="fl-26">
         <path>.\source\</path>
         <kind>object</kind>
         <file>RingBuff.obj</file>
         <name>RingBuff.obj</name>
      </input_file>
      <input_file id="fl-27">
         <path>.\source\</path>
         <kind>object</kind>
         <file>Timer.obj</file>
         <name>Timer.obj</name>
      </input_file>
      <input_file id="fl-28">
         <path>.\source\</path>
         <kind>object</kind>
         <file>dac_easyDSP.obj</file>
         <name>dac_easyDSP.obj</name>
      </input_file>
      <input_file id="fl-29">
         <path>.\source\</path>
         <kind>object</kind>
         <file>easy2833x_sci_v8.5.obj</file>
         <name>easy2833x_sci_v8.5.obj</name>
      </input_file>
      <input_file id="fl-2a">
         <path>.\source\</path>
         <kind>object</kind>
         <file>led.obj</file>
         <name>led.obj</name>
      </input_file>
      <input_file id="fl-2b">
         <path>.\source\</path>
         <kind>object</kind>
         <file>main.obj</file>
         <name>main.obj</name>
      </input_file>
      <input_file id="fl-30">
         <kind>object</kind>
         <file>&lt;internal&gt;</file>
         <name>&lt;internal&gt;</name>
      </input_file>
      <input_file id="fl-3c">
         <path>C:\ti\ccs2041\ccs\tools\compiler\ti-cgt-c2000_22.6.3.LTS\lib\</path>
         <kind>archive</kind>
         <file>rts2800_fpu32.lib</file>
         <name>e_atan2f.c.obj</name>
      </input_file>
      <input_file id="fl-3d">
         <path>C:\ti\ccs2041\ccs\tools\compiler\ti-cgt-c2000_22.6.3.LTS\lib\</path>
         <kind>archive</kind>
         <file>rts2800_fpu32.lib</file>
         <name>e_sqrtf.c.obj</name>
      </input_file>
      <input_file id="fl-3e">
         <path>C:\ti\ccs2041\ccs\tools\compiler\ti-cgt-c2000_22.6.3.LTS\lib\</path>
         <kind>archive</kind>
         <file>rts2800_fpu32.lib</file>
         <name>s_atanf.c.obj</name>
      </input_file>
      <input_file id="fl-3f">
         <path>C:\ti\ccs2041\ccs\tools\compiler\ti-cgt-c2000_22.6.3.LTS\lib\</path>
         <kind>archive</kind>
         <file>rts2800_fpu32.lib</file>
         <name>s_cosf.c.obj</name>
      </input_file>
      <input_file id="fl-40">
         <path>C:\ti\ccs2041\ccs\tools\compiler\ti-cgt-c2000_22.6.3.LTS\lib\</path>
         <kind>archive</kind>
         <file>rts2800_fpu32.lib</file>
         <name>s_sinf.c.obj</name>
      </input_file>
      <input_file id="fl-41">
         <path>C:\ti\ccs2041\ccs\tools\compiler\ti-cgt-c2000_22.6.3.LTS\lib\</path>
         <kind>archive</kind>
         <file>rts2800_fpu32.lib</file>
         <name>boot28.asm.obj</name>
      </input_file>
      <input_file id="fl-42">
         <path>C:\ti\ccs2041\ccs\tools\compiler\ti-cgt-c2000_22.6.3.LTS\lib\</path>
         <kind>archive</kind>
         <file>rts2800_fpu32.lib</file>
         <name>fs_div28.asm.obj</name>
      </input_file>
      <input_file id="fl-43">
         <path>C:\ti\ccs2041\ccs\tools\compiler\ti-cgt-c2000_22.6.3.LTS\lib\</path>
         <kind>archive</kind>
         <file>rts2800_fpu32.lib</file>
         <name>ll_aox28.asm.obj</name>
      </input_file>
      <input_file id="fl-44">
         <path>C:\ti\ccs2041\ccs\tools\compiler\ti-cgt-c2000_22.6.3.LTS\lib\</path>
         <kind>archive</kind>
         <file>rts2800_fpu32.lib</file>
         <name>ll_cmp28.asm.obj</name>
      </input_file>
      <input_file id="fl-45">
         <path>C:\ti\ccs2041\ccs\tools\compiler\ti-cgt-c2000_22.6.3.LTS\lib\</path>
         <kind>archive</kind>
         <file>rts2800_fpu32.lib</file>
         <name>cpy_tbl.c.obj</name>
      </input_file>
      <input_file id="fl-46">
         <path>C:\ti\ccs2041\ccs\tools\compiler\ti-cgt-c2000_22.6.3.LTS\lib\</path>
         <kind>archive</kind>
         <file>rts2800_fpu32.lib</file>
         <name>memcpy.c.obj</name>
      </input_file>
      <input_file id="fl-47">
         <path>C:\ti\ccs2041\ccs\tools\compiler\ti-cgt-c2000_22.6.3.LTS\lib\</path>
         <kind>archive</kind>
         <file>rts2800_fpu32.lib</file>
         <name>pre_init.c.obj</name>
      </input_file>
      <input_file id="fl-48">
         <path>C:\ti\ccs2041\ccs\tools\compiler\ti-cgt-c2000_22.6.3.LTS\lib\</path>
         <kind>archive</kind>
         <file>rts2800_fpu32.lib</file>
         <name>startup.c.obj</name>
      </input_file>
      <input_file id="fl-49">
         <path>C:\ti\ccs2041\ccs\tools\compiler\ti-cgt-c2000_22.6.3.LTS\lib\</path>
         <kind>archive</kind>
         <file>rts2800_fpu32.lib</file>
         <name>exit.c.obj</name>
      </input_file>
      <input_file id="fl-4a">
         <path>C:\ti\ccs2041\ccs\tools\compiler\ti-cgt-c2000_22.6.3.LTS\lib\</path>
         <kind>archive</kind>
         <file>rts2800_fpu32.lib</file>
         <name>_lock.c.obj</name>
      </input_file>
      <input_file id="fl-4b">
         <path>C:\ti\ccs2041\ccs\tools\compiler\ti-cgt-c2000_22.6.3.LTS\lib\</path>
         <kind>archive</kind>
         <file>rts2800_fpu32.lib</file>
         <name>args_main.c.obj</name>
      </input_file>
      <input_file id="fl-4c">
         <path>C:\ti\ccs2041\ccs\tools\compiler\ti-cgt-c2000_22.6.3.LTS\lib\</path>
         <kind>archive</kind>
         <file>rts2800_fpu32.lib</file>
         <name>errno.c.obj</name>
      </input_file>
   </input_file_list>
   <object_component_list>
      <object_component id="oc-59">
         <name>codestart</name>
         <load_address>0x0</load_address>
         <run_address>0x0</run_address>
         <size>0x2</size>
         <input_file_ref idref="fl-5"/>
      </object_component>
      <object_component id="oc-f4">
         <name>ramfuncs</name>
         <load_address>0x8372</load_address>
         <run_address>0x8372</run_address>
         <size>0x4</size>
         <input_file_ref idref="fl-1a"/>
      </object_component>
      <object_component id="oc-1b3">
         <name>.text</name>
         <load_address>0x9000</load_address>
         <run_address>0x9000</run_address>
         <size>0xba5</size>
         <input_file_ref idref="fl-1c"/>
      </object_component>
      <object_component id="oc-1b4">
         <name>.text</name>
         <load_address>0x9ba5</load_address>
         <run_address>0x9ba5</run_address>
         <size>0x5e8</size>
         <input_file_ref idref="fl-28"/>
      </object_component>
      <object_component id="oc-146">
         <name>.text:retain</name>
         <load_address>0xa18d</load_address>
         <run_address>0xa18d</run_address>
         <size>0x43c</size>
         <input_file_ref idref="fl-29"/>
      </object_component>
      <object_component id="oc-6f">
         <name>.text:retain</name>
         <load_address>0xa5c9</load_address>
         <run_address>0xa5c9</run_address>
         <size>0x364</size>
         <input_file_ref idref="fl-9"/>
      </object_component>
      <object_component id="oc-1c6">
         <name>.text</name>
         <load_address>0xa92d</load_address>
         <run_address>0xa92d</run_address>
         <size>0x1f0</size>
         <input_file_ref idref="fl-2"/>
      </object_component>
      <object_component id="oc-1c4">
         <name>.text</name>
         <load_address>0xab1d</load_address>
         <run_address>0xab1d</run_address>
         <size>0x141</size>
         <input_file_ref idref="fl-d"/>
      </object_component>
      <object_component id="oc-108">
         <name>.text</name>
         <load_address>0xac5e</load_address>
         <run_address>0xac5e</run_address>
         <size>0x138</size>
         <input_file_ref idref="fl-1e"/>
      </object_component>
      <object_component id="oc-1cf">
         <name>.text</name>
         <load_address>0xad96</load_address>
         <run_address>0xad96</run_address>
         <size>0x126</size>
         <input_file_ref idref="fl-1b"/>
      </object_component>
      <object_component id="oc-112">
         <name>.text</name>
         <load_address>0xaebc</load_address>
         <run_address>0xaebc</run_address>
         <size>0x11d</size>
         <input_file_ref idref="fl-20"/>
      </object_component>
      <object_component id="oc-1c3">
         <name>.text</name>
         <load_address>0xafd9</load_address>
         <run_address>0xafd9</run_address>
         <size>0xf7</size>
         <input_file_ref idref="fl-18"/>
      </object_component>
      <object_component id="oc-1b6">
         <name>.text</name>
         <load_address>0xb0d0</load_address>
         <run_address>0xb0d0</run_address>
         <size>0xd2</size>
         <input_file_ref idref="fl-3c"/>
      </object_component>
      <object_component id="oc-1bf">
         <name>.text</name>
         <load_address>0xb1a2</load_address>
         <run_address>0xb1a2</run_address>
         <size>0xca</size>
         <input_file_ref idref="fl-3e"/>
      </object_component>
      <object_component id="oc-10d">
         <name>.text</name>
         <load_address>0xb26c</load_address>
         <run_address>0xb26c</run_address>
         <size>0x9e</size>
         <input_file_ref idref="fl-1f"/>
      </object_component>
      <object_component id="oc-176">
         <name>.text</name>
         <load_address>0xb30a</load_address>
         <run_address>0xb30a</run_address>
         <size>0x88</size>
         <input_file_ref idref="fl-42"/>
      </object_component>
      <object_component id="oc-12b">
         <name>.text</name>
         <load_address>0xb392</load_address>
         <run_address>0xb392</run_address>
         <size>0x85</size>
         <input_file_ref idref="fl-25"/>
      </object_component>
      <object_component id="oc-1b7">
         <name>.text</name>
         <load_address>0xb417</load_address>
         <run_address>0xb417</run_address>
         <size>0x84</size>
         <input_file_ref idref="fl-26"/>
      </object_component>
      <object_component id="oc-1d0">
         <name>.text</name>
         <load_address>0xb49b</load_address>
         <run_address>0xb49b</run_address>
         <size>0x7b</size>
         <input_file_ref idref="fl-6"/>
      </object_component>
      <object_component id="oc-1bd">
         <name>.text</name>
         <load_address>0xb516</load_address>
         <run_address>0xb516</run_address>
         <size>0x66</size>
         <input_file_ref idref="fl-40"/>
      </object_component>
      <object_component id="oc-1bc">
         <name>.text</name>
         <load_address>0xb57c</load_address>
         <run_address>0xb57c</run_address>
         <size>0x63</size>
         <input_file_ref idref="fl-3f"/>
      </object_component>
      <object_component id="oc-4b">
         <name>.text</name>
         <load_address>0xb5df</load_address>
         <run_address>0xb5df</run_address>
         <size>0x56</size>
         <input_file_ref idref="fl-41"/>
      </object_component>
      <object_component id="oc-126">
         <name>.text</name>
         <load_address>0xb635</load_address>
         <run_address>0xb635</run_address>
         <size>0x55</size>
         <input_file_ref idref="fl-24"/>
      </object_component>
      <object_component id="oc-1c7">
         <name>.text</name>
         <load_address>0xb68a</load_address>
         <run_address>0xb68a</run_address>
         <size>0x4b</size>
         <input_file_ref idref="fl-29"/>
      </object_component>
      <object_component id="oc-11c">
         <name>.text</name>
         <load_address>0xb6d5</load_address>
         <run_address>0xb6d5</run_address>
         <size>0x49</size>
         <input_file_ref idref="fl-22"/>
      </object_component>
      <object_component id="oc-1b9">
         <name>.text</name>
         <load_address>0xb71e</load_address>
         <run_address>0xb71e</run_address>
         <size>0x49</size>
         <input_file_ref idref="fl-2b"/>
      </object_component>
      <object_component id="oc-117">
         <name>.text</name>
         <load_address>0xb767</load_address>
         <run_address>0xb767</run_address>
         <size>0x44</size>
         <input_file_ref idref="fl-21"/>
      </object_component>
      <object_component id="oc-1c1">
         <name>.text</name>
         <load_address>0xb7ab</load_address>
         <run_address>0xb7ab</run_address>
         <size>0x30</size>
         <input_file_ref idref="fl-14"/>
      </object_component>
      <object_component id="oc-1b2">
         <name>.text</name>
         <load_address>0xb7db</load_address>
         <run_address>0xb7db</run_address>
         <size>0x29</size>
         <input_file_ref idref="fl-49"/>
      </object_component>
      <object_component id="oc-1b5">
         <name>.text</name>
         <load_address>0xb804</load_address>
         <run_address>0xb804</run_address>
         <size>0x27</size>
         <input_file_ref idref="fl-3d"/>
      </object_component>
      <object_component id="oc-1c8">
         <name>.text</name>
         <load_address>0xb82b</load_address>
         <run_address>0xb82b</run_address>
         <size>0x24</size>
         <input_file_ref idref="fl-10"/>
      </object_component>
      <object_component id="oc-1af">
         <name>.text</name>
         <load_address>0xb84f</load_address>
         <run_address>0xb84f</run_address>
         <size>0x24</size>
         <input_file_ref idref="fl-45"/>
      </object_component>
      <object_component id="oc-1c5">
         <name>.text</name>
         <load_address>0xb873</load_address>
         <run_address>0xb873</run_address>
         <size>0x22</size>
         <input_file_ref idref="fl-27"/>
      </object_component>
      <object_component id="oc-1c2">
         <name>.text</name>
         <load_address>0xb895</load_address>
         <run_address>0xb895</run_address>
         <size>0x20</size>
         <input_file_ref idref="fl-15"/>
      </object_component>
      <object_component id="oc-180">
         <name>.text</name>
         <load_address>0xb8b5</load_address>
         <run_address>0xb8b5</run_address>
         <size>0x1e</size>
         <input_file_ref idref="fl-44"/>
      </object_component>
      <object_component id="oc-1b8">
         <name>.text</name>
         <load_address>0xb8d3</load_address>
         <run_address>0xb8d3</run_address>
         <size>0x1d</size>
         <input_file_ref idref="fl-46"/>
      </object_component>
      <object_component id="oc-17b">
         <name>.text</name>
         <load_address>0xb8f0</load_address>
         <run_address>0xb8f0</run_address>
         <size>0x18</size>
         <input_file_ref idref="fl-43"/>
      </object_component>
      <object_component id="oc-1b1">
         <name>.text</name>
         <load_address>0xb908</load_address>
         <run_address>0xb908</run_address>
         <size>0x12</size>
         <input_file_ref idref="fl-4b"/>
      </object_component>
      <object_component id="oc-1c9">
         <name>.text</name>
         <load_address>0xb91a</load_address>
         <run_address>0xb91a</run_address>
         <size>0x9</size>
         <input_file_ref idref="fl-4a"/>
      </object_component>
      <object_component id="oc-58">
         <name>.text</name>
         <load_address>0xb923</load_address>
         <run_address>0xb923</run_address>
         <size>0x8</size>
         <input_file_ref idref="fl-5"/>
      </object_component>
      <object_component id="oc-74">
         <name>.text</name>
         <load_address>0xb92b</load_address>
         <run_address>0xb92b</run_address>
         <size>0x7</size>
         <input_file_ref idref="fl-a"/>
      </object_component>
      <object_component id="oc-64">
         <name>.text</name>
         <load_address>0xb932</load_address>
         <run_address>0xb932</run_address>
         <size>0x3</size>
         <input_file_ref idref="fl-7"/>
      </object_component>
      <object_component id="oc-1ae">
         <name>.text</name>
         <load_address>0xb935</load_address>
         <run_address>0xb935</run_address>
         <size>0x2</size>
         <input_file_ref idref="fl-47"/>
      </object_component>
      <object_component id="oc-1b0">
         <name>.text</name>
         <load_address>0xb937</load_address>
         <run_address>0xb937</run_address>
         <size>0x1</size>
         <input_file_ref idref="fl-48"/>
      </object_component>
      <object_component id="oc-8e">
         <name>.cinit</name>
         <load_address>0x8000</load_address>
         <run_address>0x8000</run_address>
         <size>0x2da</size>
         <input_file_ref idref="fl-f"/>
      </object_component>
      <object_component id="oc-144">
         <name>.cinit</name>
         <load_address>0x82da</load_address>
         <run_address>0x82da</run_address>
         <size>0x66</size>
         <input_file_ref idref="fl-29"/>
      </object_component>
      <object_component id="oc-19a">
         <name>.cinit</name>
         <load_address>0x8340</load_address>
         <run_address>0x8340</run_address>
         <size>0xe</size>
         <input_file_ref idref="fl-49"/>
      </object_component>
      <object_component id="oc-131">
         <name>.cinit</name>
         <load_address>0x834e</load_address>
         <run_address>0x834e</run_address>
         <size>0xc</size>
         <input_file_ref idref="fl-26"/>
      </object_component>
      <object_component id="oc-13d">
         <name>.cinit</name>
         <load_address>0x835a</load_address>
         <run_address>0x835a</run_address>
         <size>0x8</size>
         <input_file_ref idref="fl-28"/>
      </object_component>
      <object_component id="oc-1bb">
         <name>.cinit:__lock</name>
         <load_address>0x8362</load_address>
         <run_address>0x8362</run_address>
         <size>0x5</size>
         <input_file_ref idref="fl-4a"/>
      </object_component>
      <object_component id="oc-1ca">
         <name>.cinit:__unlock</name>
         <load_address>0x8367</load_address>
         <run_address>0x8367</run_address>
         <size>0x5</size>
         <input_file_ref idref="fl-4a"/>
      </object_component>
      <object_component id="oc-1ab">
         <name>.cinit</name>
         <load_address>0x836c</load_address>
         <run_address>0x836c</run_address>
         <size>0x4</size>
         <input_file_ref idref="fl-4c"/>
      </object_component>
      <object_component id="oc-170">
         <name>.stack</name>
         <uninitialized>true</uninitialized>
         <run_address>0x400</run_address>
         <size>0x0</size>
         <input_file_ref idref="fl-41"/>
      </object_component>
      <object_component id="oc-226">
         <name>.stack</name>
         <uninitialized>true</uninitialized>
         <run_address>0x400</run_address>
         <size>0x0</size>
      </object_component>
      <object_component id="oc-5f">
         <name>.ebss</name>
         <uninitialized>true</uninitialized>
         <run_address>0xc240</run_address>
         <size>0x18</size>
         <input_file_ref idref="fl-6"/>
      </object_component>
      <object_component id="oc-8f">
         <name>.ebss</name>
         <uninitialized>true</uninitialized>
         <run_address>0xc000</run_address>
         <size>0x122</size>
         <input_file_ref idref="fl-f"/>
      </object_component>
      <object_component id="oc-1be">
         <name>.ebss:_data_ptr</name>
         <uninitialized>true</uninitialized>
         <run_address>0xc140</run_address>
         <size>0xc6</size>
         <input_file_ref idref="fl-f"/>
      </object_component>
      <object_component id="oc-132">
         <name>.ebss</name>
         <uninitialized>true</uninitialized>
         <run_address>0xc26a</run_address>
         <size>0x3</size>
         <input_file_ref idref="fl-26"/>
      </object_component>
      <object_component id="oc-1c0">
         <name>.ebss:_ezDSP_ringBuffer</name>
         <uninitialized>true</uninitialized>
         <run_address>0xc206</run_address>
         <size>0x32</size>
         <input_file_ref idref="fl-26"/>
      </object_component>
      <object_component id="oc-13e">
         <name>.ebss</name>
         <uninitialized>true</uninitialized>
         <run_address>0xc258</run_address>
         <size>0x12</size>
         <input_file_ref idref="fl-28"/>
      </object_component>
      <object_component id="oc-145">
         <name>.ebss</name>
         <uninitialized>true</uninitialized>
         <run_address>0xc122</run_address>
         <size>0x1e</size>
         <input_file_ref idref="fl-29"/>
      </object_component>
      <object_component id="oc-19b">
         <name>.ebss</name>
         <uninitialized>true</uninitialized>
         <run_address>0xc238</run_address>
         <size>0x6</size>
         <input_file_ref idref="fl-49"/>
      </object_component>
      <object_component id="oc-1ba">
         <name>.ebss:__lock</name>
         <uninitialized>true</uninitialized>
         <run_address>0xc23e</run_address>
         <size>0x2</size>
         <input_file_ref idref="fl-4a"/>
      </object_component>
      <object_component id="oc-1d1">
         <name>.ebss:__unlock</name>
         <uninitialized>true</uninitialized>
         <run_address>0xc26e</run_address>
         <size>0x2</size>
         <input_file_ref idref="fl-4a"/>
      </object_component>
      <object_component id="oc-1ac">
         <name>.ebss</name>
         <uninitialized>true</uninitialized>
         <run_address>0xc26d</run_address>
         <size>0x1</size>
         <input_file_ref idref="fl-4c"/>
      </object_component>
      <object_component id="oc-1ce">
         <name>.econst:_PieVectTableInit</name>
         <load_address>0xd000</load_address>
         <run_address>0xd000</run_address>
         <size>0x100</size>
         <input_file_ref idref="fl-15"/>
      </object_component>
      <object_component id="oc-156">
         <name>.econst</name>
         <load_address>0xd100</load_address>
         <run_address>0xd100</run_address>
         <size>0xc</size>
         <input_file_ref idref="fl-3c"/>
      </object_component>
      <object_component id="oc-1cd">
         <name>.econst:_aT</name>
         <load_address>0xd10c</load_address>
         <run_address>0xd10c</run_address>
         <size>0xa</size>
         <input_file_ref idref="fl-3e"/>
      </object_component>
      <object_component id="oc-1cb">
         <name>.econst:_atanhi</name>
         <load_address>0xd116</load_address>
         <run_address>0xd116</run_address>
         <size>0x8</size>
         <input_file_ref idref="fl-3e"/>
      </object_component>
      <object_component id="oc-1cc">
         <name>.econst:_atanlo</name>
         <load_address>0xd11e</load_address>
         <run_address>0xd11e</run_address>
         <size>0x8</size>
         <input_file_ref idref="fl-3e"/>
      </object_component>
      <object_component id="oc-161">
         <name>.econst</name>
         <load_address>0xd126</load_address>
         <run_address>0xd126</run_address>
         <size>0x4</size>
         <input_file_ref idref="fl-3e"/>
      </object_component>
      <object_component id="oc-171">
         <name>.reset</name>
         <load_address>0x3fffc0</load_address>
         <run_address>0x3fffc0</run_address>
         <size>0x2</size>
         <input_file_ref idref="fl-41"/>
      </object_component>
      <object_component id="oc-57">
         <name>csm_rsvd</name>
         <load_address>0x33ff80</load_address>
         <run_address>0x33ff80</run_address>
         <size>0x76</size>
         <input_file_ref idref="fl-4"/>
      </object_component>
      <object_component id="oc-56">
         <name>csmpasswds</name>
         <load_address>0x33fff8</load_address>
         <run_address>0x33fff8</run_address>
         <size>0x8</size>
         <input_file_ref idref="fl-4"/>
      </object_component>
      <object_component id="oc-51">
         <name>.adc_cal</name>
         <load_address>0x380080</load_address>
         <run_address>0x380080</run_address>
         <size>0x7</size>
         <input_file_ref idref="fl-3"/>
      </object_component>
      <object_component id="oc-c0">
         <name>PieVectTableFile</name>
         <uninitialized>true</uninitialized>
         <run_address>0xd00</run_address>
         <size>0x100</size>
         <input_file_ref idref="fl-f"/>
      </object_component>
      <object_component id="oc-bc">
         <name>DevEmuRegsFile</name>
         <uninitialized>true</uninitialized>
         <run_address>0x880</run_address>
         <size>0xd0</size>
         <input_file_ref idref="fl-f"/>
      </object_component>
      <object_component id="oc-94">
         <name>FlashRegsFile</name>
         <uninitialized>true</uninitialized>
         <run_address>0xa80</run_address>
         <size>0x8</size>
         <input_file_ref idref="fl-f"/>
      </object_component>
      <object_component id="oc-97">
         <name>CsmRegsFile</name>
         <uninitialized>true</uninitialized>
         <run_address>0xae0</run_address>
         <size>0x10</size>
         <input_file_ref idref="fl-f"/>
      </object_component>
      <object_component id="oc-96">
         <name>AdcMirrorFile</name>
         <uninitialized>true</uninitialized>
         <run_address>0xb00</run_address>
         <size>0x10</size>
         <input_file_ref idref="fl-f"/>
      </object_component>
      <object_component id="oc-9f">
         <name>XintfRegsFile</name>
         <uninitialized>true</uninitialized>
         <run_address>0xb20</run_address>
         <size>0x1e</size>
         <input_file_ref idref="fl-f"/>
      </object_component>
      <object_component id="oc-90">
         <name>CpuTimer0RegsFile</name>
         <uninitialized>true</uninitialized>
         <run_address>0xc00</run_address>
         <size>0x8</size>
         <input_file_ref idref="fl-f"/>
      </object_component>
      <object_component id="oc-91">
         <name>CpuTimer1RegsFile</name>
         <uninitialized>true</uninitialized>
         <run_address>0xc08</run_address>
         <size>0x8</size>
         <input_file_ref idref="fl-f"/>
      </object_component>
      <object_component id="oc-92">
         <name>CpuTimer2RegsFile</name>
         <uninitialized>true</uninitialized>
         <run_address>0xc10</run_address>
         <size>0x8</size>
         <input_file_ref idref="fl-f"/>
      </object_component>
      <object_component id="oc-9d">
         <name>PieCtrlRegsFile</name>
         <uninitialized>true</uninitialized>
         <run_address>0xce0</run_address>
         <size>0x1a</size>
         <input_file_ref idref="fl-f"/>
      </object_component>
      <object_component id="oc-bd">
         <name>DmaRegsFile</name>
         <uninitialized>true</uninitialized>
         <run_address>0x1000</run_address>
         <size>0xe0</size>
         <input_file_ref idref="fl-f"/>
      </object_component>
      <object_component id="oc-af">
         <name>McbspaRegsFile</name>
         <uninitialized>true</uninitialized>
         <run_address>0x5000</run_address>
         <size>0x25</size>
         <input_file_ref idref="fl-f"/>
      </object_component>
      <object_component id="oc-b0">
         <name>McbspbRegsFile</name>
         <uninitialized>true</uninitialized>
         <run_address>0x5040</run_address>
         <size>0x25</size>
         <input_file_ref idref="fl-f"/>
      </object_component>
      <object_component id="oc-b2">
         <name>ECanaRegsFile</name>
         <uninitialized>true</uninitialized>
         <run_address>0x6000</run_address>
         <size>0x34</size>
         <input_file_ref idref="fl-f"/>
      </object_component>
      <object_component id="oc-b4">
         <name>ECanaLAMRegsFile</name>
         <uninitialized>true</uninitialized>
         <run_address>0x6040</run_address>
         <size>0x40</size>
         <input_file_ref idref="fl-f"/>
      </object_component>
      <object_component id="oc-be">
         <name>ECanaMboxesFile</name>
         <uninitialized>true</uninitialized>
         <run_address>0x6100</run_address>
         <size>0x100</size>
         <input_file_ref idref="fl-f"/>
      </object_component>
      <object_component id="oc-b5">
         <name>ECanaMOTSRegsFile</name>
         <uninitialized>true</uninitialized>
         <run_address>0x6080</run_address>
         <size>0x40</size>
         <input_file_ref idref="fl-f"/>
      </object_component>
      <object_component id="oc-b6">
         <name>ECanaMOTORegsFile</name>
         <uninitialized>true</uninitialized>
         <run_address>0x60c0</run_address>
         <size>0x40</size>
         <input_file_ref idref="fl-f"/>
      </object_component>
      <object_component id="oc-b3">
         <name>ECanbRegsFile</name>
         <uninitialized>true</uninitialized>
         <run_address>0x6200</run_address>
         <size>0x34</size>
         <input_file_ref idref="fl-f"/>
      </object_component>
      <object_component id="oc-b7">
         <name>ECanbLAMRegsFile</name>
         <uninitialized>true</uninitialized>
         <run_address>0x6240</run_address>
         <size>0x40</size>
         <input_file_ref idref="fl-f"/>
      </object_component>
      <object_component id="oc-bf">
         <name>ECanbMboxesFile</name>
         <uninitialized>true</uninitialized>
         <run_address>0x6300</run_address>
         <size>0x100</size>
         <input_file_ref idref="fl-f"/>
      </object_component>
      <object_component id="oc-b8">
         <name>ECanbMOTSRegsFile</name>
         <uninitialized>true</uninitialized>
         <run_address>0x6280</run_address>
         <size>0x40</size>
         <input_file_ref idref="fl-f"/>
      </object_component>
      <object_component id="oc-b9">
         <name>ECanbMOTORegsFile</name>
         <uninitialized>true</uninitialized>
         <run_address>0x62c0</run_address>
         <size>0x40</size>
         <input_file_ref idref="fl-f"/>
      </object_component>
      <object_component id="oc-a8">
         <name>EPwm1RegsFile</name>
         <uninitialized>true</uninitialized>
         <run_address>0x6800</run_address>
         <size>0x22</size>
         <input_file_ref idref="fl-f"/>
      </object_component>
      <object_component id="oc-a9">
         <name>EPwm2RegsFile</name>
         <uninitialized>true</uninitialized>
         <run_address>0x6840</run_address>
         <size>0x22</size>
         <input_file_ref idref="fl-f"/>
      </object_component>
      <object_component id="oc-aa">
         <name>EPwm3RegsFile</name>
         <uninitialized>true</uninitialized>
         <run_address>0x6880</run_address>
         <size>0x22</size>
         <input_file_ref idref="fl-f"/>
      </object_component>
      <object_component id="oc-ab">
         <name>EPwm4RegsFile</name>
         <uninitialized>true</uninitialized>
         <run_address>0x68c0</run_address>
         <size>0x22</size>
         <input_file_ref idref="fl-f"/>
      </object_component>
      <object_component id="oc-ac">
         <name>EPwm5RegsFile</name>
         <uninitialized>true</uninitialized>
         <run_address>0x6900</run_address>
         <size>0x22</size>
         <input_file_ref idref="fl-f"/>
      </object_component>
      <object_component id="oc-ad">
         <name>EPwm6RegsFile</name>
         <uninitialized>true</uninitialized>
         <run_address>0x6940</run_address>
         <size>0x22</size>
         <input_file_ref idref="fl-f"/>
      </object_component>
      <object_component id="oc-a0">
         <name>ECap1RegsFile</name>
         <uninitialized>true</uninitialized>
         <run_address>0x6a00</run_address>
         <size>0x20</size>
         <input_file_ref idref="fl-f"/>
      </object_component>
      <object_component id="oc-a1">
         <name>ECap2RegsFile</name>
         <uninitialized>true</uninitialized>
         <run_address>0x6a20</run_address>
         <size>0x20</size>
         <input_file_ref idref="fl-f"/>
      </object_component>
      <object_component id="oc-a2">
         <name>ECap3RegsFile</name>
         <uninitialized>true</uninitialized>
         <run_address>0x6a40</run_address>
         <size>0x20</size>
         <input_file_ref idref="fl-f"/>
      </object_component>
      <object_component id="oc-a3">
         <name>ECap4RegsFile</name>
         <uninitialized>true</uninitialized>
         <run_address>0x6a60</run_address>
         <size>0x20</size>
         <input_file_ref idref="fl-f"/>
      </object_component>
      <object_component id="oc-a4">
         <name>ECap5RegsFile</name>
         <uninitialized>true</uninitialized>
         <run_address>0x6a80</run_address>
         <size>0x20</size>
         <input_file_ref idref="fl-f"/>
      </object_component>
      <object_component id="oc-a5">
         <name>ECap6RegsFile</name>
         <uninitialized>true</uninitialized>
         <run_address>0x6aa0</run_address>
         <size>0x20</size>
         <input_file_ref idref="fl-f"/>
      </object_component>
      <object_component id="oc-ba">
         <name>EQep1RegsFile</name>
         <uninitialized>true</uninitialized>
         <run_address>0x6b00</run_address>
         <size>0x40</size>
         <input_file_ref idref="fl-f"/>
      </object_component>
      <object_component id="oc-bb">
         <name>EQep2RegsFile</name>
         <uninitialized>true</uninitialized>
         <run_address>0x6b40</run_address>
         <size>0x40</size>
         <input_file_ref idref="fl-f"/>
      </object_component>
      <object_component id="oc-b1">
         <name>GpioCtrlRegsFile</name>
         <uninitialized>true</uninitialized>
         <run_address>0x6f80</run_address>
         <size>0x2e</size>
         <input_file_ref idref="fl-f"/>
      </object_component>
      <object_component id="oc-a6">
         <name>GpioDataRegsFile</name>
         <uninitialized>true</uninitialized>
         <run_address>0x6fc0</run_address>
         <size>0x20</size>
         <input_file_ref idref="fl-f"/>
      </object_component>
      <object_component id="oc-95">
         <name>GpioIntRegsFile</name>
         <uninitialized>true</uninitialized>
         <run_address>0x6fe0</run_address>
         <size>0xa</size>
         <input_file_ref idref="fl-f"/>
      </object_component>
      <object_component id="oc-a7">
         <name>SysCtrlRegsFile</name>
         <uninitialized>true</uninitialized>
         <run_address>0x7010</run_address>
         <size>0x20</size>
         <input_file_ref idref="fl-f"/>
      </object_component>
      <object_component id="oc-9b">
         <name>SpiaRegsFile</name>
         <uninitialized>true</uninitialized>
         <run_address>0x7040</run_address>
         <size>0x10</size>
         <input_file_ref idref="fl-f"/>
      </object_component>
      <object_component id="oc-98">
         <name>SciaRegsFile</name>
         <uninitialized>true</uninitialized>
         <run_address>0x7050</run_address>
         <size>0x10</size>
         <input_file_ref idref="fl-f"/>
      </object_component>
      <object_component id="oc-9c">
         <name>XIntruptRegsFile</name>
         <uninitialized>true</uninitialized>
         <run_address>0x7070</run_address>
         <size>0x10</size>
         <input_file_ref idref="fl-f"/>
      </object_component>
      <object_component id="oc-9e">
         <name>AdcRegsFile</name>
         <uninitialized>true</uninitialized>
         <run_address>0x7100</run_address>
         <size>0x1e</size>
         <input_file_ref idref="fl-f"/>
      </object_component>
      <object_component id="oc-99">
         <name>ScibRegsFile</name>
         <uninitialized>true</uninitialized>
         <run_address>0x7750</run_address>
         <size>0x10</size>
         <input_file_ref idref="fl-f"/>
      </object_component>
      <object_component id="oc-9a">
         <name>ScicRegsFile</name>
         <uninitialized>true</uninitialized>
         <run_address>0x7770</run_address>
         <size>0x10</size>
         <input_file_ref idref="fl-f"/>
      </object_component>
      <object_component id="oc-ae">
         <name>I2caRegsFile</name>
         <uninitialized>true</uninitialized>
         <run_address>0x7900</run_address>
         <size>0x22</size>
         <input_file_ref idref="fl-f"/>
      </object_component>
      <object_component id="oc-93">
         <name>CsmPwlFile</name>
         <uninitialized>true</uninitialized>
         <run_address>0x33fff8</run_address>
         <size>0x8</size>
         <input_file_ref idref="fl-f"/>
      </object_component>
      <object_component id="oc-4c">
         <name>.debug_info</name>
         <load_address>0x0</load_address>
         <run_address>0x0</run_address>
         <size>0x1d6f</size>
         <input_file_ref idref="fl-2"/>
      </object_component>
      <object_component id="oc-53">
         <name>.debug_info</name>
         <load_address>0x1d6f</load_address>
         <run_address>0x1d6f</run_address>
         <size>0x13b</size>
         <input_file_ref idref="fl-3"/>
      </object_component>
      <object_component id="oc-5b">
         <name>.debug_info</name>
         <load_address>0x1eaa</load_address>
         <run_address>0x1eaa</run_address>
         <size>0x179</size>
         <input_file_ref idref="fl-5"/>
      </object_component>
      <object_component id="oc-5e">
         <name>.debug_info</name>
         <load_address>0x2023</load_address>
         <run_address>0x2023</run_address>
         <size>0x9c8</size>
         <input_file_ref idref="fl-6"/>
      </object_component>
      <object_component id="oc-66">
         <name>.debug_info</name>
         <load_address>0x29eb</load_address>
         <run_address>0x29eb</run_address>
         <size>0x139</size>
         <input_file_ref idref="fl-7"/>
      </object_component>
      <object_component id="oc-69">
         <name>.debug_info</name>
         <load_address>0x2b24</load_address>
         <run_address>0x2b24</run_address>
         <size>0x173b</size>
         <input_file_ref idref="fl-8"/>
      </object_component>
      <object_component id="oc-6e">
         <name>.debug_info</name>
         <load_address>0x425f</load_address>
         <run_address>0x425f</run_address>
         <size>0x3ba2</size>
         <input_file_ref idref="fl-9"/>
      </object_component>
      <object_component id="oc-76">
         <name>.debug_info</name>
         <load_address>0x7e01</load_address>
         <run_address>0x7e01</run_address>
         <size>0x13f</size>
         <input_file_ref idref="fl-a"/>
      </object_component>
      <object_component id="oc-79">
         <name>.debug_info</name>
         <load_address>0x7f40</load_address>
         <run_address>0x7f40</run_address>
         <size>0x5da2</size>
         <input_file_ref idref="fl-b"/>
      </object_component>
      <object_component id="oc-7e">
         <name>.debug_info</name>
         <load_address>0xdce2</load_address>
         <run_address>0xdce2</run_address>
         <size>0x1bb0</size>
         <input_file_ref idref="fl-c"/>
      </object_component>
      <object_component id="oc-83">
         <name>.debug_info</name>
         <load_address>0xf892</load_address>
         <run_address>0xf892</run_address>
         <size>0x41f4</size>
         <input_file_ref idref="fl-d"/>
      </object_component>
      <object_component id="oc-88">
         <name>.debug_info</name>
         <load_address>0x13a86</load_address>
         <run_address>0x13a86</run_address>
         <size>0x1bb0</size>
         <input_file_ref idref="fl-e"/>
      </object_component>
      <object_component id="oc-8d">
         <name>.debug_info</name>
         <load_address>0x15636</load_address>
         <run_address>0x15636</run_address>
         <size>0x14850</size>
         <input_file_ref idref="fl-f"/>
      </object_component>
      <object_component id="oc-c2">
         <name>.debug_info</name>
         <load_address>0x29e86</load_address>
         <run_address>0x29e86</run_address>
         <size>0x1da7</size>
         <input_file_ref idref="fl-10"/>
      </object_component>
      <object_component id="oc-c7">
         <name>.debug_info</name>
         <load_address>0x2bc2d</load_address>
         <run_address>0x2bc2d</run_address>
         <size>0x1baf</size>
         <input_file_ref idref="fl-11"/>
      </object_component>
      <object_component id="oc-cc">
         <name>.debug_info</name>
         <load_address>0x2d7dc</load_address>
         <run_address>0x2d7dc</run_address>
         <size>0x49cb</size>
         <input_file_ref idref="fl-12"/>
      </object_component>
      <object_component id="oc-d1">
         <name>.debug_info</name>
         <load_address>0x321a7</load_address>
         <run_address>0x321a7</run_address>
         <size>0x37b</size>
         <input_file_ref idref="fl-13"/>
      </object_component>
      <object_component id="oc-d6">
         <name>.debug_info</name>
         <load_address>0x32522</load_address>
         <run_address>0x32522</run_address>
         <size>0xb70</size>
         <input_file_ref idref="fl-14"/>
      </object_component>
      <object_component id="oc-db">
         <name>.debug_info</name>
         <load_address>0x33092</load_address>
         <run_address>0x33092</run_address>
         <size>0x22d4</size>
         <input_file_ref idref="fl-15"/>
      </object_component>
      <object_component id="oc-e0">
         <name>.debug_info</name>
         <load_address>0x35366</load_address>
         <run_address>0x35366</run_address>
         <size>0x1baf</size>
         <input_file_ref idref="fl-16"/>
      </object_component>
      <object_component id="oc-e5">
         <name>.debug_info</name>
         <load_address>0x36f15</load_address>
         <run_address>0x36f15</run_address>
         <size>0x1baf</size>
         <input_file_ref idref="fl-17"/>
      </object_component>
      <object_component id="oc-ea">
         <name>.debug_info</name>
         <load_address>0x38ac4</load_address>
         <run_address>0x38ac4</run_address>
         <size>0x2074</size>
         <input_file_ref idref="fl-18"/>
      </object_component>
      <object_component id="oc-ef">
         <name>.debug_info</name>
         <load_address>0x3ab38</load_address>
         <run_address>0x3ab38</run_address>
         <size>0x211a</size>
         <input_file_ref idref="fl-19"/>
      </object_component>
      <object_component id="oc-f6">
         <name>.debug_info</name>
         <load_address>0x3cc52</load_address>
         <run_address>0x3cc52</run_address>
         <size>0x13b</size>
         <input_file_ref idref="fl-1a"/>
      </object_component>
      <object_component id="oc-f9">
         <name>.debug_info</name>
         <load_address>0x3cd8d</load_address>
         <run_address>0x3cd8d</run_address>
         <size>0x2218</size>
         <input_file_ref idref="fl-1b"/>
      </object_component>
      <object_component id="oc-fe">
         <name>.debug_info</name>
         <load_address>0x3efa5</load_address>
         <run_address>0x3efa5</run_address>
         <size>0x5cb5</size>
         <input_file_ref idref="fl-1c"/>
      </object_component>
      <object_component id="oc-103">
         <name>.debug_info</name>
         <load_address>0x44c5a</load_address>
         <run_address>0x44c5a</run_address>
         <size>0x3d1c</size>
         <input_file_ref idref="fl-1d"/>
      </object_component>
      <object_component id="oc-10a">
         <name>.debug_info</name>
         <load_address>0x48976</load_address>
         <run_address>0x48976</run_address>
         <size>0x1fb</size>
         <input_file_ref idref="fl-1e"/>
      </object_component>
      <object_component id="oc-10f">
         <name>.debug_info</name>
         <load_address>0x48b71</load_address>
         <run_address>0x48b71</run_address>
         <size>0x1c5</size>
         <input_file_ref idref="fl-1f"/>
      </object_component>
      <object_component id="oc-114">
         <name>.debug_info</name>
         <load_address>0x48d36</load_address>
         <run_address>0x48d36</run_address>
         <size>0x1e3</size>
         <input_file_ref idref="fl-20"/>
      </object_component>
      <object_component id="oc-119">
         <name>.debug_info</name>
         <load_address>0x48f19</load_address>
         <run_address>0x48f19</run_address>
         <size>0x140</size>
         <input_file_ref idref="fl-21"/>
      </object_component>
      <object_component id="oc-11e">
         <name>.debug_info</name>
         <load_address>0x49059</load_address>
         <run_address>0x49059</run_address>
         <size>0x152</size>
         <input_file_ref idref="fl-22"/>
      </object_component>
      <object_component id="oc-121">
         <name>.debug_info</name>
         <load_address>0x491ab</load_address>
         <run_address>0x491ab</run_address>
         <size>0x49c</size>
         <input_file_ref idref="fl-23"/>
      </object_component>
      <object_component id="oc-128">
         <name>.debug_info</name>
         <load_address>0x49647</load_address>
         <run_address>0x49647</run_address>
         <size>0x142</size>
         <input_file_ref idref="fl-24"/>
      </object_component>
      <object_component id="oc-12d">
         <name>.debug_info</name>
         <load_address>0x49789</load_address>
         <run_address>0x49789</run_address>
         <size>0x1b1</size>
         <input_file_ref idref="fl-25"/>
      </object_component>
      <object_component id="oc-130">
         <name>.debug_info</name>
         <load_address>0x4993a</load_address>
         <run_address>0x4993a</run_address>
         <size>0x6f5</size>
         <input_file_ref idref="fl-26"/>
      </object_component>
      <object_component id="oc-137">
         <name>.debug_info</name>
         <load_address>0x4a02f</load_address>
         <run_address>0x4a02f</run_address>
         <size>0x100a</size>
         <input_file_ref idref="fl-27"/>
      </object_component>
      <object_component id="oc-13c">
         <name>.debug_info</name>
         <load_address>0x4b039</load_address>
         <run_address>0x4b039</run_address>
         <size>0x2f46</size>
         <input_file_ref idref="fl-28"/>
      </object_component>
      <object_component id="oc-143">
         <name>.debug_info</name>
         <load_address>0x4df7f</load_address>
         <run_address>0x4df7f</run_address>
         <size>0x5104</size>
         <input_file_ref idref="fl-29"/>
      </object_component>
      <object_component id="oc-14b">
         <name>.debug_info</name>
         <load_address>0x53083</load_address>
         <run_address>0x53083</run_address>
         <size>0x1ba6</size>
         <input_file_ref idref="fl-2a"/>
      </object_component>
      <object_component id="oc-150">
         <name>.debug_info</name>
         <load_address>0x54c29</load_address>
         <run_address>0x54c29</run_address>
         <size>0x12f8</size>
         <input_file_ref idref="fl-2b"/>
      </object_component>
      <object_component id="oc-155">
         <name>.debug_info</name>
         <load_address>0x55f21</load_address>
         <run_address>0x55f21</run_address>
         <size>0x4ff</size>
         <input_file_ref idref="fl-3c"/>
      </object_component>
      <object_component id="oc-15b">
         <name>.debug_info</name>
         <load_address>0x56420</load_address>
         <run_address>0x56420</run_address>
         <size>0x3c3</size>
         <input_file_ref idref="fl-3d"/>
      </object_component>
      <object_component id="oc-160">
         <name>.debug_info</name>
         <load_address>0x567e3</load_address>
         <run_address>0x567e3</run_address>
         <size>0x4d7</size>
         <input_file_ref idref="fl-3e"/>
      </object_component>
      <object_component id="oc-166">
         <name>.debug_info</name>
         <load_address>0x56cba</load_address>
         <run_address>0x56cba</run_address>
         <size>0x3b7</size>
         <input_file_ref idref="fl-3f"/>
      </object_component>
      <object_component id="oc-16b">
         <name>.debug_info</name>
         <load_address>0x57071</load_address>
         <run_address>0x57071</run_address>
         <size>0x3c9</size>
         <input_file_ref idref="fl-40"/>
      </object_component>
      <object_component id="oc-172">
         <name>.debug_info</name>
         <load_address>0x5743a</load_address>
         <run_address>0x5743a</run_address>
         <size>0x15b</size>
         <input_file_ref idref="fl-41"/>
      </object_component>
      <object_component id="oc-177">
         <name>.debug_info</name>
         <load_address>0x57595</load_address>
         <run_address>0x57595</run_address>
         <size>0xfc</size>
         <input_file_ref idref="fl-42"/>
      </object_component>
      <object_component id="oc-17c">
         <name>.debug_info</name>
         <load_address>0x57691</load_address>
         <run_address>0x57691</run_address>
         <size>0x15e</size>
         <input_file_ref idref="fl-43"/>
      </object_component>
      <object_component id="oc-181">
         <name>.debug_info</name>
         <load_address>0x577ef</load_address>
         <run_address>0x577ef</run_address>
         <size>0x136</size>
         <input_file_ref idref="fl-44"/>
      </object_component>
      <object_component id="oc-185">
         <name>.debug_info</name>
         <load_address>0x57925</load_address>
         <run_address>0x57925</run_address>
         <size>0x549</size>
         <input_file_ref idref="fl-45"/>
      </object_component>
      <object_component id="oc-18a">
         <name>.debug_info</name>
         <load_address>0x57e6e</load_address>
         <run_address>0x57e6e</run_address>
         <size>0x422</size>
         <input_file_ref idref="fl-46"/>
      </object_component>
      <object_component id="oc-18f">
         <name>.debug_info</name>
         <load_address>0x58290</load_address>
         <run_address>0x58290</run_address>
         <size>0x395</size>
         <input_file_ref idref="fl-47"/>
      </object_component>
      <object_component id="oc-194">
         <name>.debug_info</name>
         <load_address>0x58625</load_address>
         <run_address>0x58625</run_address>
         <size>0x392</size>
         <input_file_ref idref="fl-48"/>
      </object_component>
      <object_component id="oc-199">
         <name>.debug_info</name>
         <load_address>0x589b7</load_address>
         <run_address>0x589b7</run_address>
         <size>0x52c</size>
         <input_file_ref idref="fl-49"/>
      </object_component>
      <object_component id="oc-1a0">
         <name>.debug_info</name>
         <load_address>0x58ee3</load_address>
         <run_address>0x58ee3</run_address>
         <size>0x4b4</size>
         <input_file_ref idref="fl-4a"/>
      </object_component>
      <object_component id="oc-1a5">
         <name>.debug_info</name>
         <load_address>0x59397</load_address>
         <run_address>0x59397</run_address>
         <size>0x44f</size>
         <input_file_ref idref="fl-4b"/>
      </object_component>
      <object_component id="oc-1aa">
         <name>.debug_info</name>
         <load_address>0x597e6</load_address>
         <run_address>0x597e6</run_address>
         <size>0x1ae</size>
         <input_file_ref idref="fl-4c"/>
      </object_component>
      <object_component id="oc-227">
         <name>.debug_info</name>
         <load_address>0x59994</load_address>
         <run_address>0x59994</run_address>
         <size>0xe6</size>
      </object_component>
      <object_component id="oc-4d">
         <name>.debug_frame</name>
         <load_address>0x0</load_address>
         <run_address>0x0</run_address>
         <size>0x70</size>
         <input_file_ref idref="fl-2"/>
      </object_component>
      <object_component id="oc-60">
         <name>.debug_frame</name>
         <load_address>0x70</load_address>
         <run_address>0x70</run_address>
         <size>0x5c</size>
         <input_file_ref idref="fl-6"/>
      </object_component>
      <object_component id="oc-6a">
         <name>.debug_frame</name>
         <load_address>0xcc</load_address>
         <run_address>0xcc</run_address>
         <size>0x28</size>
         <input_file_ref idref="fl-8"/>
      </object_component>
      <object_component id="oc-70">
         <name>.debug_frame</name>
         <load_address>0xf4</load_address>
         <run_address>0xf4</run_address>
         <size>0xa94</size>
         <input_file_ref idref="fl-9"/>
      </object_component>
      <object_component id="oc-7a">
         <name>.debug_frame</name>
         <load_address>0xb88</load_address>
         <run_address>0xb88</run_address>
         <size>0x28</size>
         <input_file_ref idref="fl-b"/>
      </object_component>
      <object_component id="oc-7f">
         <name>.debug_frame</name>
         <load_address>0xbb0</load_address>
         <run_address>0xbb0</run_address>
         <size>0x28</size>
         <input_file_ref idref="fl-c"/>
      </object_component>
      <object_component id="oc-84">
         <name>.debug_frame</name>
         <load_address>0xbd8</load_address>
         <run_address>0xbd8</run_address>
         <size>0x118</size>
         <input_file_ref idref="fl-d"/>
      </object_component>
      <object_component id="oc-89">
         <name>.debug_frame</name>
         <load_address>0xcf0</load_address>
         <run_address>0xcf0</run_address>
         <size>0x28</size>
         <input_file_ref idref="fl-e"/>
      </object_component>
      <object_component id="oc-c3">
         <name>.debug_frame</name>
         <load_address>0xd18</load_address>
         <run_address>0xd18</run_address>
         <size>0x40</size>
         <input_file_ref idref="fl-10"/>
      </object_component>
      <object_component id="oc-c8">
         <name>.debug_frame</name>
         <load_address>0xd58</load_address>
         <run_address>0xd58</run_address>
         <size>0x28</size>
         <input_file_ref idref="fl-11"/>
      </object_component>
      <object_component id="oc-cd">
         <name>.debug_frame</name>
         <load_address>0xd80</load_address>
         <run_address>0xd80</run_address>
         <size>0x28</size>
         <input_file_ref idref="fl-12"/>
      </object_component>
      <object_component id="oc-d2">
         <name>.debug_frame</name>
         <load_address>0xda8</load_address>
         <run_address>0xda8</run_address>
         <size>0x28</size>
         <input_file_ref idref="fl-13"/>
      </object_component>
      <object_component id="oc-d7">
         <name>.debug_frame</name>
         <load_address>0xdd0</load_address>
         <run_address>0xdd0</run_address>
         <size>0x58</size>
         <input_file_ref idref="fl-14"/>
      </object_component>
      <object_component id="oc-dc">
         <name>.debug_frame</name>
         <load_address>0xe28</load_address>
         <run_address>0xe28</run_address>
         <size>0x44</size>
         <input_file_ref idref="fl-15"/>
      </object_component>
      <object_component id="oc-e1">
         <name>.debug_frame</name>
         <load_address>0xe6c</load_address>
         <run_address>0xe6c</run_address>
         <size>0x28</size>
         <input_file_ref idref="fl-16"/>
      </object_component>
      <object_component id="oc-e6">
         <name>.debug_frame</name>
         <load_address>0xe94</load_address>
         <run_address>0xe94</run_address>
         <size>0x28</size>
         <input_file_ref idref="fl-17"/>
      </object_component>
      <object_component id="oc-eb">
         <name>.debug_frame</name>
         <load_address>0xebc</load_address>
         <run_address>0xebc</run_address>
         <size>0xc0</size>
         <input_file_ref idref="fl-18"/>
      </object_component>
      <object_component id="oc-f0">
         <name>.debug_frame</name>
         <load_address>0xf7c</load_address>
         <run_address>0xf7c</run_address>
         <size>0x28</size>
         <input_file_ref idref="fl-19"/>
      </object_component>
      <object_component id="oc-fa">
         <name>.debug_frame</name>
         <load_address>0xfa4</load_address>
         <run_address>0xfa4</run_address>
         <size>0xd0</size>
         <input_file_ref idref="fl-1b"/>
      </object_component>
      <object_component id="oc-ff">
         <name>.debug_frame</name>
         <load_address>0x1074</load_address>
         <run_address>0x1074</run_address>
         <size>0x3f8</size>
         <input_file_ref idref="fl-1c"/>
      </object_component>
      <object_component id="oc-104">
         <name>.debug_frame</name>
         <load_address>0x146c</load_address>
         <run_address>0x146c</run_address>
         <size>0x28</size>
         <input_file_ref idref="fl-1d"/>
      </object_component>
      <object_component id="oc-122">
         <name>.debug_frame</name>
         <load_address>0x1494</load_address>
         <run_address>0x1494</run_address>
         <size>0x28</size>
         <input_file_ref idref="fl-23"/>
      </object_component>
      <object_component id="oc-133">
         <name>.debug_frame</name>
         <load_address>0x14bc</load_address>
         <run_address>0x14bc</run_address>
         <size>0xc8</size>
         <input_file_ref idref="fl-26"/>
      </object_component>
      <object_component id="oc-138">
         <name>.debug_frame</name>
         <load_address>0x1584</load_address>
         <run_address>0x1584</run_address>
         <size>0x40</size>
         <input_file_ref idref="fl-27"/>
      </object_component>
      <object_component id="oc-13f">
         <name>.debug_frame</name>
         <load_address>0x15c4</load_address>
         <run_address>0x15c4</run_address>
         <size>0xc4</size>
         <input_file_ref idref="fl-28"/>
      </object_component>
      <object_component id="oc-147">
         <name>.debug_frame</name>
         <load_address>0x1688</load_address>
         <run_address>0x1688</run_address>
         <size>0x154</size>
         <input_file_ref idref="fl-29"/>
      </object_component>
      <object_component id="oc-14c">
         <name>.debug_frame</name>
         <load_address>0x17dc</load_address>
         <run_address>0x17dc</run_address>
         <size>0x28</size>
         <input_file_ref idref="fl-2a"/>
      </object_component>
      <object_component id="oc-151">
         <name>.debug_frame</name>
         <load_address>0x1804</load_address>
         <run_address>0x1804</run_address>
         <size>0x40</size>
         <input_file_ref idref="fl-2b"/>
      </object_component>
      <object_component id="oc-157">
         <name>.debug_frame</name>
         <load_address>0x1844</load_address>
         <run_address>0x1844</run_address>
         <size>0x44</size>
         <input_file_ref idref="fl-3c"/>
      </object_component>
      <object_component id="oc-15c">
         <name>.debug_frame</name>
         <load_address>0x1888</load_address>
         <run_address>0x1888</run_address>
         <size>0x44</size>
         <input_file_ref idref="fl-3d"/>
      </object_component>
      <object_component id="oc-162">
         <name>.debug_frame</name>
         <load_address>0x18cc</load_address>
         <run_address>0x18cc</run_address>
         <size>0x6c</size>
         <input_file_ref idref="fl-3e"/>
      </object_component>
      <object_component id="oc-167">
         <name>.debug_frame</name>
         <load_address>0x1938</load_address>
         <run_address>0x1938</run_address>
         <size>0x44</size>
         <input_file_ref idref="fl-3f"/>
      </object_component>
      <object_component id="oc-16c">
         <name>.debug_frame</name>
         <load_address>0x197c</load_address>
         <run_address>0x197c</run_address>
         <size>0x64</size>
         <input_file_ref idref="fl-40"/>
      </object_component>
      <object_component id="oc-186">
         <name>.debug_frame</name>
         <load_address>0x19e0</load_address>
         <run_address>0x19e0</run_address>
         <size>0x60</size>
         <input_file_ref idref="fl-45"/>
      </object_component>
      <object_component id="oc-18b">
         <name>.debug_frame</name>
         <load_address>0x1a40</load_address>
         <run_address>0x1a40</run_address>
         <size>0x40</size>
         <input_file_ref idref="fl-46"/>
      </object_component>
      <object_component id="oc-190">
         <name>.debug_frame</name>
         <load_address>0x1a80</load_address>
         <run_address>0x1a80</run_address>
         <size>0x40</size>
         <input_file_ref idref="fl-47"/>
      </object_component>
      <object_component id="oc-195">
         <name>.debug_frame</name>
         <load_address>0x1ac0</load_address>
         <run_address>0x1ac0</run_address>
         <size>0x40</size>
         <input_file_ref idref="fl-48"/>
      </object_component>
      <object_component id="oc-19c">
         <name>.debug_frame</name>
         <load_address>0x1b00</load_address>
         <run_address>0x1b00</run_address>
         <size>0x60</size>
         <input_file_ref idref="fl-49"/>
      </object_component>
      <object_component id="oc-1a1">
         <name>.debug_frame</name>
         <load_address>0x1b60</load_address>
         <run_address>0x1b60</run_address>
         <size>0x70</size>
         <input_file_ref idref="fl-4a"/>
      </object_component>
      <object_component id="oc-1a6">
         <name>.debug_frame</name>
         <load_address>0x1bd0</load_address>
         <run_address>0x1bd0</run_address>
         <size>0x40</size>
         <input_file_ref idref="fl-4b"/>
      </object_component>
      <object_component id="oc-4e">
         <name>.debug_line</name>
         <load_address>0x0</load_address>
         <run_address>0x0</run_address>
         <size>0xdb</size>
         <input_file_ref idref="fl-2"/>
      </object_component>
      <object_component id="oc-52">
         <name>.debug_line</name>
         <load_address>0xdb</load_address>
         <run_address>0xdb</run_address>
         <size>0x50</size>
         <input_file_ref idref="fl-3"/>
      </object_component>
      <object_component id="oc-5a">
         <name>.debug_line</name>
         <load_address>0x12b</load_address>
         <run_address>0x12b</run_address>
         <size>0x68</size>
         <input_file_ref idref="fl-5"/>
      </object_component>
      <object_component id="oc-61">
         <name>.debug_line</name>
         <load_address>0x193</load_address>
         <run_address>0x193</run_address>
         <size>0x8f</size>
         <input_file_ref idref="fl-6"/>
      </object_component>
      <object_component id="oc-65">
         <name>.debug_line</name>
         <load_address>0x222</load_address>
         <run_address>0x222</run_address>
         <size>0x4e</size>
         <input_file_ref idref="fl-7"/>
      </object_component>
      <object_component id="oc-6b">
         <name>.debug_line</name>
         <load_address>0x270</load_address>
         <run_address>0x270</run_address>
         <size>0x39</size>
         <input_file_ref idref="fl-8"/>
      </object_component>
      <object_component id="oc-71">
         <name>.debug_line</name>
         <load_address>0x2a9</load_address>
         <run_address>0x2a9</run_address>
         <size>0x766</size>
         <input_file_ref idref="fl-9"/>
      </object_component>
      <object_component id="oc-75">
         <name>.debug_line</name>
         <load_address>0xa0f</load_address>
         <run_address>0xa0f</run_address>
         <size>0x52</size>
         <input_file_ref idref="fl-a"/>
      </object_component>
      <object_component id="oc-7b">
         <name>.debug_line</name>
         <load_address>0xa61</load_address>
         <run_address>0xa61</run_address>
         <size>0x3a</size>
         <input_file_ref idref="fl-b"/>
      </object_component>
      <object_component id="oc-80">
         <name>.debug_line</name>
         <load_address>0xa9b</load_address>
         <run_address>0xa9b</run_address>
         <size>0x3a</size>
         <input_file_ref idref="fl-c"/>
      </object_component>
      <object_component id="oc-85">
         <name>.debug_line</name>
         <load_address>0xad5</load_address>
         <run_address>0xad5</run_address>
         <size>0x1a4</size>
         <input_file_ref idref="fl-d"/>
      </object_component>
      <object_component id="oc-8a">
         <name>.debug_line</name>
         <load_address>0xc79</load_address>
         <run_address>0xc79</run_address>
         <size>0x3a</size>
         <input_file_ref idref="fl-e"/>
      </object_component>
      <object_component id="oc-c4">
         <name>.debug_line</name>
         <load_address>0xcb3</load_address>
         <run_address>0xcb3</run_address>
         <size>0x63</size>
         <input_file_ref idref="fl-10"/>
      </object_component>
      <object_component id="oc-c9">
         <name>.debug_line</name>
         <load_address>0xd16</load_address>
         <run_address>0xd16</run_address>
         <size>0x39</size>
         <input_file_ref idref="fl-11"/>
      </object_component>
      <object_component id="oc-ce">
         <name>.debug_line</name>
         <load_address>0xd4f</load_address>
         <run_address>0xd4f</run_address>
         <size>0x3b</size>
         <input_file_ref idref="fl-12"/>
      </object_component>
      <object_component id="oc-d3">
         <name>.debug_line</name>
         <load_address>0xd8a</load_address>
         <run_address>0xd8a</run_address>
         <size>0x3d</size>
         <input_file_ref idref="fl-13"/>
      </object_component>
      <object_component id="oc-d8">
         <name>.debug_line</name>
         <load_address>0xdc7</load_address>
         <run_address>0xdc7</run_address>
         <size>0x99</size>
         <input_file_ref idref="fl-14"/>
      </object_component>
      <object_component id="oc-dd">
         <name>.debug_line</name>
         <load_address>0xe60</load_address>
         <run_address>0xe60</run_address>
         <size>0x6f</size>
         <input_file_ref idref="fl-15"/>
      </object_component>
      <object_component id="oc-e2">
         <name>.debug_line</name>
         <load_address>0xecf</load_address>
         <run_address>0xecf</run_address>
         <size>0x39</size>
         <input_file_ref idref="fl-16"/>
      </object_component>
      <object_component id="oc-e7">
         <name>.debug_line</name>
         <load_address>0xf08</load_address>
         <run_address>0xf08</run_address>
         <size>0x39</size>
         <input_file_ref idref="fl-17"/>
      </object_component>
      <object_component id="oc-ec">
         <name>.debug_line</name>
         <load_address>0xf41</load_address>
         <run_address>0xf41</run_address>
         <size>0x14c</size>
         <input_file_ref idref="fl-18"/>
      </object_component>
      <object_component id="oc-f1">
         <name>.debug_line</name>
         <load_address>0x108d</load_address>
         <run_address>0x108d</run_address>
         <size>0x3b</size>
         <input_file_ref idref="fl-19"/>
      </object_component>
      <object_component id="oc-f5">
         <name>.debug_line</name>
         <load_address>0x10c8</load_address>
         <run_address>0x10c8</run_address>
         <size>0x4f</size>
         <input_file_ref idref="fl-1a"/>
      </object_component>
      <object_component id="oc-fb">
         <name>.debug_line</name>
         <load_address>0x1117</load_address>
         <run_address>0x1117</run_address>
         <size>0xf0</size>
         <input_file_ref idref="fl-1b"/>
      </object_component>
      <object_component id="oc-100">
         <name>.debug_line</name>
         <load_address>0x1207</load_address>
         <run_address>0x1207</run_address>
         <size>0x5c4</size>
         <input_file_ref idref="fl-1c"/>
      </object_component>
      <object_component id="oc-105">
         <name>.debug_line</name>
         <load_address>0x17cb</load_address>
         <run_address>0x17cb</run_address>
         <size>0x30</size>
         <input_file_ref idref="fl-1d"/>
      </object_component>
      <object_component id="oc-109">
         <name>.debug_line</name>
         <load_address>0x17fb</load_address>
         <run_address>0x17fb</run_address>
         <size>0x134</size>
         <input_file_ref idref="fl-1e"/>
      </object_component>
      <object_component id="oc-10e">
         <name>.debug_line</name>
         <load_address>0x192f</load_address>
         <run_address>0x192f</run_address>
         <size>0xc1</size>
         <input_file_ref idref="fl-1f"/>
      </object_component>
      <object_component id="oc-113">
         <name>.debug_line</name>
         <load_address>0x19f0</load_address>
         <run_address>0x19f0</run_address>
         <size>0x12a</size>
         <input_file_ref idref="fl-20"/>
      </object_component>
      <object_component id="oc-118">
         <name>.debug_line</name>
         <load_address>0x1b1a</load_address>
         <run_address>0x1b1a</run_address>
         <size>0x7a</size>
         <input_file_ref idref="fl-21"/>
      </object_component>
      <object_component id="oc-11d">
         <name>.debug_line</name>
         <load_address>0x1b94</load_address>
         <run_address>0x1b94</run_address>
         <size>0x80</size>
         <input_file_ref idref="fl-22"/>
      </object_component>
      <object_component id="oc-123">
         <name>.debug_line</name>
         <load_address>0x1c14</load_address>
         <run_address>0x1c14</run_address>
         <size>0x41</size>
         <input_file_ref idref="fl-23"/>
      </object_component>
      <object_component id="oc-127">
         <name>.debug_line</name>
         <load_address>0x1c55</load_address>
         <run_address>0x1c55</run_address>
         <size>0x85</size>
         <input_file_ref idref="fl-24"/>
      </object_component>
      <object_component id="oc-12c">
         <name>.debug_line</name>
         <load_address>0x1cda</load_address>
         <run_address>0x1cda</run_address>
         <size>0xb8</size>
         <input_file_ref idref="fl-25"/>
      </object_component>
      <object_component id="oc-134">
         <name>.debug_line</name>
         <load_address>0x1d92</load_address>
         <run_address>0x1d92</run_address>
         <size>0x108</size>
         <input_file_ref idref="fl-26"/>
      </object_component>
      <object_component id="oc-139">
         <name>.debug_line</name>
         <load_address>0x1e9a</load_address>
         <run_address>0x1e9a</run_address>
[...]
      </symbol>
      <symbol id="sm-46f">
         <name>_Cal_Average_Voltages</name>
         <value>0x97c0</value>
         <object_component_ref idref="oc-1b3"/>
      </symbol>
      <symbol id="sm-471">
         <name>_Max_Mid_Min</name>
         <value>0x9b15</value>
         <object_component_ref idref="oc-1b3"/>
      </symbol>
      <symbol id="sm-473">
         <name>_NormalPFCOperation</name>
         <value>0x9357</value>
         <object_component_ref idref="oc-1b3"/>
      </symbol>
      <symbol id="sm-475">
         <name>_UserButtonRead</name>
         <value>0x938a</value>
         <object_component_ref idref="oc-1b3"/>
      </symbol>
      <symbol id="sm-477">
         <name>_PreChargeCap</name>
         <value>0x92ad</value>
         <object_component_ref idref="oc-1b3"/>
      </symbol>
      <symbol id="sm-479">
         <name>_PWM_ON</name>
         <value>0x97a0</value>
         <object_component_ref idref="oc-1b3"/>
      </symbol>
      <symbol id="sm-47b">
         <name>_abc_to_dqe</name>
         <value>0x98a7</value>
         <object_component_ref idref="oc-1b3"/>
      </symbol>
      <symbol id="sm-47d">
         <name>_abc_to_dqs</name>
         <value>0x9839</value>
         <object_component_ref idref="oc-1b3"/>
      </symbol>
      <symbol id="sm-47f">
         <name>_VoltageControl_PI</name>
         <value>0x964b</value>
         <object_component_ref idref="oc-1b3"/>
      </symbol>
      <symbol id="sm-481">
         <name>_StopPFCOperation</name>
         <value>0x936d</value>
         <object_component_ref idref="oc-1b3"/>
      </symbol>
      <symbol id="sm-483">
         <name>_PLLCheck</name>
         <value>0x927c</value>
         <object_component_ref idref="oc-1b3"/>
      </symbol>
      <symbol id="sm-485">
         <name>_CalculateADC</name>
         <value>0x909c</value>
         <object_component_ref idref="oc-1b3"/>
      </symbol>
      <symbol id="sm-487">
         <name>_abc_to_dqze</name>
         <value>0x992c</value>
         <object_component_ref idref="oc-1b3"/>
      </symbol>
      <symbol id="sm-489">
         <name>_PLL</name>
         <value>0x93e1</value>
         <object_component_ref idref="oc-1b3"/>
      </symbol>
      <symbol id="sm-48b">
         <name>_PWM_CUT</name>
         <value>0x97b0</value>
         <object_component_ref idref="oc-1b3"/>
      </symbol>
      <symbol id="sm-48d">
         <name>_dqs_to_abc</name>
         <value>0x99fe</value>
         <object_component_ref idref="oc-1b3"/>
      </symbol>
      <symbol id="sm-48f">
         <name>_dqe_to_abc</name>
         <value>0x9a35</value>
         <object_component_ref idref="oc-1b3"/>
      </symbol>
      <symbol id="sm-491">
         <name>_SysFaultCheck_Cycle</name>
         <value>0x9521</value>
         <object_component_ref idref="oc-1b3"/>
      </symbol>
      <symbol id="sm-493">
         <name>_dqze_to_abc</name>
         <value>0x9a9e</value>
         <object_component_ref idref="oc-1b3"/>
      </symbol>
      <symbol id="sm-495">
         <name>_InitParameter</name>
         <value>0x9000</value>
         <object_component_ref idref="oc-1b3"/>
      </symbol>
      <symbol id="sm-497">
         <name>_ControlRoutine</name>
         <value>0x9230</value>
         <object_component_ref idref="oc-1b3"/>
      </symbol>
      <symbol id="sm-499">
         <name>_InitPFC</name>
         <value>0x92e6</value>
         <object_component_ref idref="oc-1b3"/>
      </symbol>
      <symbol id="sm-49b">
         <name>_dqs_to_dqe</name>
         <value>0x9866</value>
         <object_component_ref idref="oc-1b3"/>
      </symbol>
      <symbol id="sm-49d">
         <name>_dqe_to_dqs</name>
         <value>0x99bf</value>
         <object_component_ref idref="oc-1b3"/>
      </symbol>
      <symbol id="sm-49f">
         <name>_PWM_OUTPUT</name>
         <value>0x9788</value>
         <object_component_ref idref="oc-1b3"/>
      </symbol>
      <symbol id="sm-4a1">
         <name>_Modulation</name>
         <value>0x96c8</value>
         <object_component_ref idref="oc-1b3"/>
      </symbol>
      <symbol id="sm-4a3">
         <name>_EmergencyStop</name>
         <value>0x9381</value>
         <object_component_ref idref="oc-1b3"/>
      </symbol>
      <symbol id="sm-4a5">
         <name>_CurrentControl_PI</name>
         <value>0x9522</value>
         <object_component_ref idref="oc-1b3"/>
      </symbol>
      <symbol id="sm-4dc">
         <name>_rfft_adc_f32_Stages4andUp</name>
         <value>0xacee</value>
         <object_component_ref idref="oc-108"/>
      </symbol>
      <symbol id="sm-4dd">
         <name>_RFFT_adc_f32</name>
         <value>0xac5e</value>
         <object_component_ref idref="oc-108"/>
      </symbol>
      <symbol id="sm-4f4">
         <name>_RFFT_adc_f32u</name>
         <value>0xb26c</value>
         <object_component_ref idref="oc-10d"/>
      </symbol>
      <symbol id="sm-520">
         <name>_rfft_f32_Stages1and2and3andBitReverse</name>
         <value>0xaec5</value>
         <object_component_ref idref="oc-112"/>
      </symbol>
      <symbol id="sm-521">
         <name>_rfft_f32_Stages4andUp</name>
         <value>0xaf31</value>
         <object_component_ref idref="oc-112"/>
      </symbol>
      <symbol id="sm-522">
         <name>_RFFT_f32</name>
         <value>0xaebc</value>
         <object_component_ref idref="oc-112"/>
      </symbol>
      <symbol id="sm-530">
         <name>_RFFT_f32_mag</name>
         <value>0xb767</value>
         <object_component_ref idref="oc-117"/>
      </symbol>
      <symbol id="sm-53f">
         <name>_RFFT_f32_phase</name>
         <value>0xb6d5</value>
         <object_component_ref idref="oc-11c"/>
      </symbol>
      <symbol id="sm-557">
         <name>_RFFT_f32s_mag</name>
         <value>0xb635</value>
         <object_component_ref idref="oc-126"/>
      </symbol>
      <symbol id="sm-56d">
         <name>_RFFT_f32u</name>
         <value>0xb392</value>
         <object_component_ref idref="oc-12b"/>
      </symbol>
      <symbol id="sm-56e">
         <name>_rfft_f32u_Stages1and2and3andBitReverse</name>
         <value>0xb39b</value>
         <object_component_ref idref="oc-12b"/>
      </symbol>
      <symbol id="sm-58e">
         <name>_GetSizeRing</name>
         <value>0xb487</value>
         <object_component_ref idref="oc-1b7"/>
      </symbol>
      <symbol id="sm-590">
         <name>_ezDSP_nStartPos</name>
         <value>0xc26a</value>
         <object_component_ref idref="oc-132"/>
      </symbol>
      <symbol id="sm-591">
         <name>_ReadRing</name>
         <value>0xb46d</value>
         <object_component_ref idref="oc-1b7"/>
      </symbol>
      <symbol id="sm-593">
         <name>_ezDSP_ringBuffer</name>
         <value>0xc206</value>
         <object_component_ref idref="oc-1c0"/>
      </symbol>
      <symbol id="sm-594">
         <name>_ezDSP_nMaxBuffSize</name>
         <value>0xc26c</value>
         <object_component_ref idref="oc-132"/>
      </symbol>
      <symbol id="sm-595">
         <name>_ExtractRing</name>
         <value>0xb459</value>
         <object_component_ref idref="oc-1b7"/>
      </symbol>
      <symbol id="sm-597">
         <name>_IsRingEmpty</name>
         <value>0xb493</value>
         <object_component_ref idref="oc-1b7"/>
      </symbol>
      <symbol id="sm-599">
         <name>_ezDSP_nEndPos</name>
         <value>0xc26b</value>
         <object_component_ref idref="oc-132"/>
      </symbol>
      <symbol id="sm-59a">
         <name>_AddRing</name>
         <value>0xb42d</value>
         <object_component_ref idref="oc-1b7"/>
      </symbol>
      <symbol id="sm-59c">
         <name>_ResetRing</name>
         <value>0xb417</value>
         <object_component_ref idref="oc-1b7"/>
      </symbol>
      <symbol id="sm-5a9">
         <name>_Timer_Init</name>
         <value>0xb873</value>
         <object_component_ref idref="oc-1c5"/>
      </symbol>
      <symbol id="sm-5be">
         <name>_dac_configuration</name>
         <value>0xc25a</value>
         <object_component_ref idref="oc-13e"/>
      </symbol>
      <symbol id="sm-5bf">
         <name>_OutputDAC</name>
         <value>0xa0b5</value>
         <object_component_ref idref="oc-1b4"/>
      </symbol>
      <symbol id="sm-5c1">
         <name>_Set_DA_Offset</name>
         <value>0xa044</value>
         <object_component_ref idref="oc-1b4"/>
      </symbol>
      <symbol id="sm-5c3">
         <name>_Init_Code</name>
         <value>0x9ba5</value>
         <object_component_ref idref="oc-1b4"/>
      </symbol>
      <symbol id="sm-5c5">
         <name>_dac_setup</name>
         <value>0xa07a</value>
         <object_component_ref idref="oc-1b4"/>
      </symbol>
      <symbol id="sm-5c7">
         <name>_Set_DA_Code</name>
         <value>0xa02e</value>
         <object_component_ref idref="oc-1b4"/>
      </symbol>
      <symbol id="sm-5c9">
         <name>_dac_temp</name>
         <value>0xc258</value>
         <object_component_ref idref="oc-13e"/>
      </symbol>
      <symbol id="sm-5ca">
         <name>_DACTXBUF</name>
         <value>0xc259</value>
         <object_component_ref idref="oc-13e"/>
      </symbol>
      <symbol id="sm-5cb">
         <name>_Set_DA_Scale</name>
         <value>0xa05f</value>
         <object_component_ref idref="oc-1b4"/>
      </symbol>
      <symbol id="sm-62f">
         <name>_ezDSP_uOECount</name>
         <value>0xc12a</value>
         <object_component_ref idref="oc-145"/>
      </symbol>
      <symbol id="sm-630">
         <name>_ezDSP_uBlockSize</name>
         <value>0xc133</value>
         <object_component_ref idref="oc-145"/>
      </symbol>
      <symbol id="sm-631">
         <name>_ezDSP_uPECount</name>
         <value>0xc12b</value>
         <object_component_ref idref="oc-145"/>
      </symbol>
      <symbol id="sm-632">
         <name>_ezDSP_ulData</name>
         <value>0xc138</value>
         <object_component_ref idref="oc-145"/>
      </symbol>
      <symbol id="sm-633">
         <name>_ezDSP_uBlockIndex</name>
         <value>0xc134</value>
         <object_component_ref idref="oc-145"/>
      </symbol>
      <symbol id="sm-634">
         <name>_ezDSP_uChksum</name>
         <value>0xc130</value>
         <object_component_ref idref="oc-145"/>
      </symbol>
      <symbol id="sm-635">
         <name>_ezDSP_uData</name>
         <value>0xc12f</value>
         <object_component_ref idref="oc-145"/>
      </symbol>
      <symbol id="sm-636">
         <name>_ezDSP_DSP</name>
         <value>0xc122</value>
         <object_component_ref idref="oc-145"/>
      </symbol>
      <symbol id="sm-637">
         <name>_easy_TXINT_ISR</name>
         <value>0xa584</value>
         <object_component_ref idref="oc-146"/>
      </symbol>
      <symbol id="sm-639">
         <name>_ezDSP_uBRKDTCount</name>
         <value>0xc128</value>
         <object_component_ref idref="oc-145"/>
      </symbol>
      <symbol id="sm-63a">
         <name>_ezDSP_uState</name>
         <value>0xc12e</value>
         <object_component_ref idref="oc-145"/>
      </symbol>
      <symbol id="sm-63b">
         <name>_ezDSP_ullData</name>
         <value>0xc13c</value>
         <object_component_ref idref="oc-145"/>
      </symbol>
      <symbol id="sm-63c">
         <name>_ezDSP_uWrongISRCount</name>
         <value>0xc12c</value>
         <object_component_ref idref="oc-145"/>
      </symbol>
      <symbol id="sm-63d">
         <name>_ezDSP_uRead16BPossible</name>
         <value>0xc125</value>
         <object_component_ref idref="oc-145"/>
      </symbol>
      <symbol id="sm-63e">
         <name>_ezDSP_uFECount</name>
         <value>0xc129</value>
         <object_component_ref idref="oc-145"/>
      </symbol>
      <symbol id="sm-63f">
         <name>_ezDSP_uAddrRdCnt</name>
         <value>0xc131</value>
         <object_component_ref idref="oc-145"/>
      </symbol>
      <symbol id="sm-640">
         <name>_ezDSP_uRead8BPossible</name>
         <value>0xc126</value>
         <object_component_ref idref="oc-145"/>
      </symbol>
      <symbol id="sm-641">
         <name>_ezDSP_fFloat</name>
         <value>0xc136</value>
         <object_component_ref idref="oc-145"/>
      </symbol>
      <symbol id="sm-642">
         <name>_easy_RXINT_ISR</name>
         <value>0xa18d</value>
         <object_component_ref idref="oc-146"/>
      </symbol>
      <symbol id="sm-644">
         <name>_ezDSP_ucRx</name>
         <value>0xc12d</value>
         <object_component_ref idref="oc-145"/>
      </symbol>
      <symbol id="sm-645">
         <name>_ezDSP_uChkSumCalculated</name>
         <value>0xc135</value>
         <object_component_ref idref="oc-145"/>
      </symbol>
      <symbol id="sm-646">
         <name>_ezDSP_uBlockTransfer</name>
         <value>0xc127</value>
         <object_component_ref idref="oc-145"/>
      </symbol>
      <symbol id="sm-647">
         <name>_ezDSP_ulAddr</name>
         <value>0xc13a</value>
         <object_component_ref idref="oc-145"/>
      </symbol>
      <symbol id="sm-648">
         <name>_ezDSP_uDataRdCnt</name>
         <value>0xc132</value>
         <object_component_ref idref="oc-145"/>
      </symbol>
      <symbol id="sm-649">
         <name>_ezDSP_Version_SCI</name>
         <value>0xc123</value>
         <object_component_ref idref="oc-145"/>
      </symbol>
      <symbol id="sm-64a">
         <name>_ezDSP_SW_Reset</name>
         <value>0xc124</value>
         <object_component_ref idref="oc-145"/>
      </symbol>
      <symbol id="sm-64b">
         <name>_easyDSP_SCI_Init</name>
         <value>0xb68a</value>
         <object_component_ref idref="oc-1c7"/>
      </symbol>
      <symbol id="sm-662">
         <name>_main</name>
         <value>0xb71e</value>
         <object_component_ref idref="oc-1b9"/>
      </symbol>
      <symbol id="sm-692">
         <name>_atan2f</name>
         <value>0xb0d0</value>
         <object_component_ref idref="oc-1b6"/>
      </symbol>
      <symbol id="sm-694">
         <name>_atan2</name>
         <value>0xb0d0</value>
         <object_component_ref idref="oc-1b6"/>
      </symbol>
      <symbol id="sm-6a4">
         <name>_sqrtf</name>
         <value>0xb804</value>
         <object_component_ref idref="oc-1b5"/>
      </symbol>
      <symbol id="sm-6a6">
         <name>_sqrt</name>
         <value>0xb804</value>
         <object_component_ref idref="oc-1b5"/>
      </symbol>
      <symbol id="sm-6cb">
         <name>_atan</name>
         <value>0xb1a2</value>
         <object_component_ref idref="oc-1bf"/>
      </symbol>
      <symbol id="sm-6cc">
         <name>_atanf</name>
         <value>0xb1a2</value>
         <object_component_ref idref="oc-1bf"/>
      </symbol>
      <symbol id="sm-6db">
         <name>_cos</name>
         <value>0xb57c</value>
         <object_component_ref idref="oc-1bc"/>
      </symbol>
      <symbol id="sm-6dc">
         <name>_cosf</name>
         <value>0xb57c</value>
         <object_component_ref idref="oc-1bc"/>
      </symbol>
      <symbol id="sm-6ea">
         <name>_sin</name>
         <value>0xb516</value>
         <object_component_ref idref="oc-1bd"/>
      </symbol>
      <symbol id="sm-6eb">
         <name>_sinf</name>
         <value>0xb516</value>
         <object_component_ref idref="oc-1bd"/>
      </symbol>
      <symbol id="sm-707">
         <name>_c_int00</name>
         <value>0xb5df</value>
         <object_component_ref idref="oc-4b"/>
      </symbol>
      <symbol id="sm-708">
         <name>__stack</name>
         <value>0x400</value>
         <object_component_ref idref="oc-170"/>
      </symbol>
      <symbol id="sm-719">
         <name>FS$$DIV</name>
         <value>0xb30a</value>
         <object_component_ref idref="oc-176"/>
      </symbol>
      <symbol id="sm-725">
         <name>LL$$AND</name>
         <value>0xb8f0</value>
         <object_component_ref idref="oc-17b"/>
      </symbol>
      <symbol id="sm-726">
         <name>LL$$OR</name>
         <value>0xb8f8</value>
         <object_component_ref idref="oc-17b"/>
      </symbol>
      <symbol id="sm-727">
         <name>LL$$XOR</name>
         <value>0xb900</value>
         <object_component_ref idref="oc-17b"/>
      </symbol>
      <symbol id="sm-735">
         <name>ULL$$CMP</name>
         <value>0xb8c7</value>
         <object_component_ref idref="oc-180"/>
      </symbol>
      <symbol id="sm-736">
         <name>LL$$CMP</name>
         <value>0xb8b5</value>
         <object_component_ref idref="oc-180"/>
      </symbol>
      <symbol id="sm-745">
         <name>_copy_in</name>
         <value>0xb84f</value>
         <object_component_ref idref="oc-1af"/>
      </symbol>
      <symbol id="sm-757">
         <name>_memcpy</name>
         <value>0xb8d3</value>
         <object_component_ref idref="oc-1b8"/>
      </symbol>
      <symbol id="sm-764">
         <name>__system_pre_init</name>
         <value>0xb935</value>
         <object_component_ref idref="oc-1ae"/>
      </symbol>
      <symbol id="sm-772">
         <name>__system_post_cinit</name>
         <value>0xb937</value>
         <object_component_ref idref="oc-1b0"/>
      </symbol>
      <symbol id="sm-787">
         <name>C$$EXIT</name>
         <value>0xb7db</value>
         <object_component_ref idref="oc-1b2"/>
      </symbol>
      <symbol id="sm-788">
         <name>_exit</name>
         <value>0xb7dd</value>
         <object_component_ref idref="oc-1b2"/>
      </symbol>
      <symbol id="sm-78a">
         <name>___TI_cleanup_ptr</name>
         <value>0xc23a</value>
         <object_component_ref idref="oc-19b"/>
      </symbol>
      <symbol id="sm-78b">
         <name>___TI_enable_exit_profile_output</name>
         <value>0xc238</value>
         <object_component_ref idref="oc-19b"/>
      </symbol>
      <symbol id="sm-78c">
         <name>_abort</name>
         <value>0xb7db</value>
         <object_component_ref idref="oc-1b2"/>
      </symbol>
      <symbol id="sm-78e">
         <name>___TI_dtors_ptr</name>
         <value>0xc23c</value>
         <object_component_ref idref="oc-19b"/>
      </symbol>
      <symbol id="sm-7a2">
         <name>__unlock</name>
         <value>0xc26e</value>
         <object_component_ref idref="oc-1d1"/>
      </symbol>
      <symbol id="sm-7a3">
         <name>__lock</name>
         <value>0xc23e</value>
         <object_component_ref idref="oc-1ba"/>
      </symbol>
      <symbol id="sm-7a4">
         <name>__register_lock</name>
         <value>0xb91e</value>
         <object_component_ref idref="oc-1c9"/>
      </symbol>
      <symbol id="sm-7a6">
         <name>__nop</name>
         <value>0xb922</value>
         <object_component_ref idref="oc-1c9"/>
      </symbol>
      <symbol id="sm-7a8">
         <name>__register_unlock</name>
         <value>0xb91a</value>
         <object_component_ref idref="oc-1c9"/>
      </symbol>
      <symbol id="sm-7b8">
         <name>__args_main</name>
         <value>0xb908</value>
         <object_component_ref idref="oc-1b1"/>
      </symbol>
      <symbol id="sm-7c3">
         <name>_errno</name>
         <value>0xc26d</value>
         <object_component_ref idref="oc-1ac"/>
      </symbol>
   </symbol_table>
   <title>Link successful</title>
</link_info>
