******************************************************************************
             TMS320C2000 Linker PC v22.6.3                     
******************************************************************************
>> Linked Fri Feb 13 10:44:57 2026

OUTPUT FILE NAME:   <PFC800_V1.out>
ENTRY POINT SYMBOL: "_c_int00"  address: 0000b5df


MEMORY CONFIGURATION

         name            origin    length      used     unused   attr    fill
----------------------  --------  ---------  --------  --------  ----  --------
PAGE 0:
  BEGIN                 00000000   00000002  00000002  00000000  RWIX
  BOOT_RSVD             00000002   0000004e  00000000  0000004e  RWIX
  RAMM0                 00000050   000003b0  00000000  000003b0  RWIX
  RAML0                 00008000   00001000  00000376  00000c8a  RWIX
  RAML1                 00009000   00003000  00002938  000006c8  RWIX
  ZONE7A                00200000   0000fc00  00000000  0000fc00  RWIX
  CSM_RSVD              0033ff80   00000076  00000000  00000076  RWIX
  CSM_PWL               0033fff8   00000008  00000000  00000008  RWIX
  ADC_CAL               00380080   00000009  00000007  00000002  RWIX
  IQTABLES              003fe000   00000b50  00000000  00000b50  RWIX
  IQTABLES2             003feb50   0000008c  00000000  0000008c  RWIX
  FPUTABLES             003febdc   000006a0  00000000  000006a0  RWIX
  BOOTROM               003ff27c   00000d44  00000000  00000d44  RWIX
  RESET                 003fffc0   00000002  00000000  00000002  RWIX

PAGE 1:
  RAMM1                 00000400   00000400  00000300  00000100  RWIX
  DEV_EMU               00000880   00000180  000000d0  000000b0  RWIX
  FLASH_REGS            00000a80   00000060  00000008  00000058  RWIX
  CSM                   00000ae0   00000010  00000010  00000000  RWIX
  ADC_MIRROR            00000b00   00000010  00000010  00000000  RWIX
  XINTF                 00000b20   00000020  0000001e  00000002  RWIX
  CPU_TIMER0            00000c00   00000008  00000008  00000000  RWIX
  CPU_TIMER1            00000c08   00000008  00000008  00000000  RWIX
  CPU_TIMER2            00000c10   00000008  00000008  00000000  RWIX
  PIE_CTRL              00000ce0   00000020  0000001a  00000006  RWIX
  PIE_VECT              00000d00   00000100  00000100  00000000  RWIX
  DMA                   00001000   00000200  000000e0  00000120  RWIX
  MCBSPA                00005000   00000040  00000025  0000001b  RWIX
  MCBSPB                00005040   00000040  00000025  0000001b  RWIX
  ECANA                 00006000   00000040  00000034  0000000c  RWIX
  ECANA_LAM             00006040   00000040  00000040  00000000  RWIX
  ECANA_MOTS            00006080   00000040  00000040  00000000  RWIX
  ECANA_MOTO            000060c0   00000040  00000040  00000000  RWIX
  ECANA_MBOX            00006100   00000100  00000100  00000000  RWIX
  ECANB                 00006200   00000040  00000034  0000000c  RWIX
  ECANB_LAM             00006240   00000040  00000040  00000000  RWIX
  ECANB_MOTS            00006280   00000040  00000040  00000000  RWIX
  ECANB_MOTO            000062c0   00000040  00000040  00000000  RWIX
  ECANB_MBOX            00006300   00000100  00000100  00000000  RWIX
  EPWM1                 00006800   00000022  00000022  00000000  RWIX
  EPWM2                 00006840   00000022  00000022  00000000  RWIX
  EPWM3                 00006880   00000022  00000022  00000000  RWIX
  EPWM4                 000068c0   00000022  00000022  00000000  RWIX
  EPWM5                 00006900   00000022  00000022  00000000  RWIX
  EPWM6                 00006940   00000022  00000022  00000000  RWIX
  ECAP1                 00006a00   00000020  00000020  00000000  RWIX
  ECAP2                 00006a20   00000020  00000020  00000000  RWIX
  ECAP3                 00006a40   00000020  00000020  00000000  RWIX
  ECAP4                 00006a60   00000020  00000020  00000000  RWIX
  ECAP5                 00006a80   00000020  00000020  00000000  RWIX
  ECAP6                 00006aa0   00000020  00000020  00000000  RWIX
  EQEP1                 00006b00   00000040  00000040  00000000  RWIX
  EQEP2                 00006b40   00000040  00000040  00000000  RWIX
  GPIOCTRL              00006f80   00000040  0000002e  00000012  RWIX
  GPIODAT               00006fc0   00000020  00000020  00000000  RWIX
  GPIOINT               00006fe0   00000020  0000000a  00000016  RWIX
  SYSTEM                00007010   00000020  00000020  00000000  RWIX
  SPIA                  00007040   00000010  00000010  00000000  RWIX
  SCIA                  00007050   00000010  00000010  00000000  RWIX
  XINTRUPT              00007070   00000010  00000010  00000000  RWIX
  ADC                   00007100   00000020  0000001e  00000002  RWIX
  SCIB                  00007750   00000010  00000010  00000000  RWIX
  SCIC                  00007770   00000010  00000010  00000000  RWIX
  I2CA                  00007900   00000040  00000022  0000001e  RWIX
  RAML4                 0000c000   00001000  00000270  00000d90  RWIX
  RAML5                 0000d000   00001000  0000012a  00000ed6  RWIX
  RAML6                 0000e000   00001000  00000000  00001000  RWIX
  RAML7                 0000f000   00001000  00000000  00001000  RWIX
  ZONE7B                0020fc00   00000400  00000000  00000400  RWIX
  CSM_PWL               0033fff8   00000008  00000008  00000000  RWIX
  PARTID                00380090   00000001  00000000  00000001  RWIX


SECTION ALLOCATION MAP

 output                                  attributes/
section   page    origin      length       input sections
--------  ----  ----------  ----------   ----------------
codestart 
*          0    00000000    00000002     
                  00000000    00000002     DSP2833x_CodeStartBranch.obj (codestart)

.cinit     0    00008000    00000372     
                  00008000    000002da     DSP2833x_GlobalVariableDefs.obj (.cinit)
                  000082da    00000066     easy2833x_sci_v8.5.obj (.cinit)
                  00008340    0000000e     rts2800_fpu32.lib : exit.c.obj (.cinit)
                  0000834e    0000000c     RingBuff.obj (.cinit)
                  0000835a    00000008     dac_easyDSP.obj (.cinit)
                  00008362    00000005     rts2800_fpu32.lib : _lock.c.obj (.cinit:__lock)
                  00008367    00000005                       : _lock.c.obj (.cinit:__unlock)
                  0000836c    00000004                       : errno.c.obj (.cinit)
                  00008370    00000002     --HOLE-- [fill = 0]

ramfuncs   0    00008372    00000004     
                  00008372    00000004     DSP2833x_usDelay.obj (ramfuncs)

.text      0    00009000    00002938     
                  00009000    00000ba5     Pelab_Func.obj (.text)
                  00009ba5    000005e8     dac_easyDSP.obj (.text)
                  0000a18d    0000043c     easy2833x_sci_v8.5.obj (.text:retain)
                  0000a5c9    00000364     DSP2833x_DefaultIsr.obj (.text:retain)
                  0000a92d    000001f0     Adc.obj (.text)
                  0000ab1d    00000141     DSP2833x_EPwm.obj (.text)
                  0000ac5e    00000138     RFFT_adc_f32.obj (.text)
                  0000ad96    00000126     Pelab_EPWM.obj (.text)
                  0000aebc    0000011d     RFFT_f32.obj (.text)
                  0000afd9    000000f7     DSP2833x_SysCtrl.obj (.text)
                  0000b0d0    000000d2     rts2800_fpu32.lib : e_atan2f.c.obj (.text)
                  0000b1a2    000000ca                       : s_atanf.c.obj (.text)
                  0000b26c    0000009e     RFFT_adc_f32u.obj (.text)
                  0000b30a    00000088     rts2800_fpu32.lib : fs_div28.asm.obj (.text)
                  0000b392    00000085     RFFT_f32u.obj (.text)
                  0000b417    00000084     RingBuff.obj (.text)
                  0000b49b    0000007b     DSP2833x_CpuTimers.obj (.text)
                  0000b516    00000066     rts2800_fpu32.lib : s_sinf.c.obj (.text)
                  0000b57c    00000063                       : s_cosf.c.obj (.text)
                  0000b5df    00000056                       : boot28.asm.obj (.text)
                  0000b635    00000055     RFFT_f32s_mag.obj (.text)
                  0000b68a    0000004b     easy2833x_sci_v8.5.obj (.text)
                  0000b6d5    00000049     RFFT_f32_phase.obj (.text)
                  0000b71e    00000049     main.obj (.text)
                  0000b767    00000044     RFFT_f32_mag.obj (.text)
                  0000b7ab    00000030     DSP2833x_PieCtrl.obj (.text)
                  0000b7db    00000029     rts2800_fpu32.lib : exit.c.obj (.text)
                  0000b804    00000027                       : e_sqrtf.c.obj (.text)
                  0000b82b    00000024     DSP2833x_Gpio.obj (.text)
                  0000b84f    00000024     rts2800_fpu32.lib : cpy_tbl.c.obj (.text)
                  0000b873    00000022     Timer.obj (.text)
                  0000b895    00000020     DSP2833x_PieVect.obj (.text)
                  0000b8b5    0000001e     rts2800_fpu32.lib : ll_cmp28.asm.obj (.text)
                  0000b8d3    0000001d                       : memcpy.c.obj (.text)
                  0000b8f0    00000018                       : ll_aox28.asm.obj (.text)
                  0000b908    00000012                       : args_main.c.obj (.text)
                  0000b91a    00000009                       : _lock.c.obj (.text)
                  0000b923    00000008     DSP2833x_CodeStartBranch.obj (.text)
                  0000b92b    00000007     DSP2833x_DisInt.obj (.text)
                  0000b932    00000003     DSP2833x_DBGIER.obj (.text)
                  0000b935    00000002     rts2800_fpu32.lib : pre_init.c.obj (.text)
                  0000b937    00000001                       : startup.c.obj (.text)

.pinit     0    00008000    00000000     UNINITIALIZED

.stack     1    00000400    00000300     UNINITIALIZED
                  00000400    00000300     --HOLE--

DevEmuRegsFile 
*          1    00000880    000000d0     UNINITIALIZED
                  00000880    000000d0     DSP2833x_GlobalVariableDefs.obj (DevEmuRegsFile)

FlashRegsFile 
*          1    00000a80    00000008     UNINITIALIZED
                  00000a80    00000008     DSP2833x_GlobalVariableDefs.obj (FlashRegsFile)

CsmRegsFile 
*          1    00000ae0    00000010     UNINITIALIZED
                  00000ae0    00000010     DSP2833x_GlobalVariableDefs.obj (CsmRegsFile)

AdcMirrorFile 
*          1    00000b00    00000010     UNINITIALIZED
                  00000b00    00000010     DSP2833x_GlobalVariableDefs.obj (AdcMirrorFile)

XintfRegsFile 
*          1    00000b20    0000001e     UNINITIALIZED
                  00000b20    0000001e     DSP2833x_GlobalVariableDefs.obj (XintfRegsFile)

CpuTimer0RegsFile 
*          1    00000c00    00000008     UNINITIALIZED
                  00000c00    00000008     DSP2833x_GlobalVariableDefs.obj (CpuTimer0RegsFile)

CpuTimer1RegsFile 
*          1    00000c08    00000008     UNINITIALIZED
                  00000c08    00000008     DSP2833x_GlobalVariableDefs.obj (CpuTimer1RegsFile)

CpuTimer2RegsFile 
*          1    00000c10    00000008     UNINITIALIZED
                  00000c10    00000008     DSP2833x_GlobalVariableDefs.obj (CpuTimer2RegsFile)

PieCtrlRegsFile 
*          1    00000ce0    0000001a     UNINITIALIZED
                  00000ce0    0000001a     DSP2833x_GlobalVariableDefs.obj (PieCtrlRegsFile)

ECanaMOTSRegsFile 
*          1    00006080    00000040     UNINITIALIZED
                  00006080    00000040     DSP2833x_GlobalVariableDefs.obj (ECanaMOTSRegsFile)

ECanaMOTORegsFile 
*          1    000060c0    00000040     UNINITIALIZED
                  000060c0    00000040     DSP2833x_GlobalVariableDefs.obj (ECanaMOTORegsFile)

ECanbMOTSRegsFile 
*          1    00006280    00000040     UNINITIALIZED
                  00006280    00000040     DSP2833x_GlobalVariableDefs.obj (ECanbMOTSRegsFile)

ECanbMOTORegsFile 
*          1    000062c0    00000040     UNINITIALIZED
                  000062c0    00000040     DSP2833x_GlobalVariableDefs.obj (ECanbMOTORegsFile)

.ebss      1    0000c000    00000270     UNINITIALIZED
                  0000c000    00000122     DSP2833x_GlobalVariableDefs.obj (.ebss)
                  0000c122    0000001e     easy2833x_sci_v8.5.obj (.ebss)
                  0000c140    000000c6     DSP2833x_GlobalVariableDefs.obj (.ebss:_data_ptr)
                  0000c206    00000032     RingBuff.obj (.ebss:_ezDSP_ringBuffer)
                  0000c238    00000006     rts2800_fpu32.lib : exit.c.obj (.ebss)
                  0000c23e    00000002                       : _lock.c.obj (.ebss:__lock)
                  0000c240    00000018     DSP2833x_CpuTimers.obj (.ebss)
                  0000c258    00000012     dac_easyDSP.obj (.ebss)
                  0000c26a    00000003     RingBuff.obj (.ebss)
                  0000c26d    00000001     rts2800_fpu32.lib : errno.c.obj (.ebss)
                  0000c26e    00000002                       : _lock.c.obj (.ebss:__unlock)

.econst    1    0000d000    0000012a     
                  0000d000    00000100     DSP2833x_PieVect.obj (.econst:_PieVectTableInit)
                  0000d100    0000000c     rts2800_fpu32.lib : e_atan2f.c.obj (.econst)
                  0000d10c    0000000a                       : s_atanf.c.obj (.econst:_aT)
                  0000d116    00000008                       : s_atanf.c.obj (.econst:_atanhi)
                  0000d11e    00000008                       : s_atanf.c.obj (.econst:_atanlo)
                  0000d126    00000004                       : s_atanf.c.obj (.econst)

.reset     0    003fffc0    00000002     DSECT
                  003fffc0    00000002     rts2800_fpu32.lib : boot28.asm.obj (.reset)

csm_rsvd   0    0033ff80    00000076     DSECT
                  0033ff80    00000076     DSP2833x_CSMPasswords.obj (csm_rsvd)

csmpasswds 
*          0    0033fff8    00000008     DSECT
                  0033fff8    00000008     DSP2833x_CSMPasswords.obj (csmpasswds)

.adc_cal   0    00380080    00000007     NOLOAD SECTION
                  00380080    00000007     DSP2833x_ADC_cal.obj (.adc_cal)

PieVectTableFile 
*          1    00000d00    00000100     UNINITIALIZED
                  00000d00    00000100     DSP2833x_GlobalVariableDefs.obj (PieVectTableFile)

DmaRegsFile 
*          1    00001000    000000e0     UNINITIALIZED
                  00001000    000000e0     DSP2833x_GlobalVariableDefs.obj (DmaRegsFile)

McbspaRegsFile 
*          1    00005000    00000025     UNINITIALIZED
                  00005000    00000025     DSP2833x_GlobalVariableDefs.obj (McbspaRegsFile)

McbspbRegsFile 
*          1    00005040    00000025     UNINITIALIZED
                  00005040    00000025     DSP2833x_GlobalVariableDefs.obj (McbspbRegsFile)

ECanaRegsFile 
*          1    00006000    00000034     UNINITIALIZED
                  00006000    00000034     DSP2833x_GlobalVariableDefs.obj (ECanaRegsFile)

ECanaLAMRegsFile 
*          1    00006040    00000040     UNINITIALIZED
                  00006040    00000040     DSP2833x_GlobalVariableDefs.obj (ECanaLAMRegsFile)

ECanaMboxesFile 
*          1    00006100    00000100     UNINITIALIZED
                  00006100    00000100     DSP2833x_GlobalVariableDefs.obj (ECanaMboxesFile)

ECanbRegsFile 
*          1    00006200    00000034     UNINITIALIZED
                  00006200    00000034     DSP2833x_GlobalVariableDefs.obj (ECanbRegsFile)

ECanbLAMRegsFile 
*          1    00006240    00000040     UNINITIALIZED
                  00006240    00000040     DSP2833x_GlobalVariableDefs.obj (ECanbLAMRegsFile)

ECanbMboxesFile 
*          1    00006300    00000100     UNINITIALIZED
                  00006300    00000100     DSP2833x_GlobalVariableDefs.obj (ECanbMboxesFile)

EPwm1RegsFile 
*          1    00006800    00000022     UNINITIALIZED
                  00006800    00000022     DSP2833x_GlobalVariableDefs.obj (EPwm1RegsFile)

EPwm2RegsFile 
*          1    00006840    00000022     UNINITIALIZED
                  00006840    00000022     DSP2833x_GlobalVariableDefs.obj (EPwm2RegsFile)

EPwm3RegsFile 
*          1    00006880    00000022     UNINITIALIZED
                  00006880    00000022     DSP2833x_GlobalVariableDefs.obj (EPwm3RegsFile)

EPwm4RegsFile 
*          1    000068c0    00000022     UNINITIALIZED
                  000068c0    00000022     DSP2833x_GlobalVariableDefs.obj (EPwm4RegsFile)

EPwm5RegsFile 
*          1    00006900    00000022     UNINITIALIZED
                  00006900    00000022     DSP2833x_GlobalVariableDefs.obj (EPwm5RegsFile)

EPwm6RegsFile 
*          1    00006940    00000022     UNINITIALIZED
                  00006940    00000022     DSP2833x_GlobalVariableDefs.obj (EPwm6RegsFile)

ECap1RegsFile 
*          1    00006a00    00000020     UNINITIALIZED
                  00006a00    00000020     DSP2833x_GlobalVariableDefs.obj (ECap1RegsFile)

ECap2RegsFile 
*          1    00006a20    00000020     UNINITIALIZED
                  00006a20    00000020     DSP2833x_GlobalVariableDefs.obj (ECap2RegsFile)

ECap3RegsFile 
*          1    00006a40    00000020     UNINITIALIZED
                  00006a40    00000020     DSP2833x_GlobalVariableDefs.obj (ECap3RegsFile)

ECap4RegsFile 
*          1    00006a60    00000020     UNINITIALIZED
                  00006a60    00000020     DSP2833x_GlobalVariableDefs.obj (ECap4RegsFile)

ECap5RegsFile 
*          1    00006a80    00000020     UNINITIALIZED
                  00006a80    00000020     DSP2833x_GlobalVariableDefs.obj (ECap5RegsFile)

ECap6RegsFile 
*          1    00006aa0    00000020     UNINITIALIZED
                  00006aa0    00000020     DSP2833x_GlobalVariableDefs.obj (ECap6RegsFile)

EQep1RegsFile 
*          1    00006b00    00000040     UNINITIALIZED
                  00006b00    00000040     DSP2833x_GlobalVariableDefs.obj (EQep1RegsFile)

EQep2RegsFile 
*          1    00006b40    00000040     UNINITIALIZED
                  00006b40    00000040     DSP2833x_GlobalVariableDefs.obj (EQep2RegsFile)

GpioCtrlRegsFile 
*          1    00006f80    0000002e     UNINITIALIZED
                  00006f80    0000002e     DSP2833x_GlobalVariableDefs.obj (GpioCtrlRegsFile)

GpioDataRegsFile 
*          1    00006fc0    00000020     UNINITIALIZED
                  00006fc0    00000020     DSP2833x_GlobalVariableDefs.obj (GpioDataRegsFile)

GpioIntRegsFile 
*          1    00006fe0    0000000a     UNINITIALIZED
                  00006fe0    0000000a     DSP2833x_GlobalVariableDefs.obj (GpioIntRegsFile)

SysCtrlRegsFile 
*          1    00007010    00000020     UNINITIALIZED
                  00007010    00000020     DSP2833x_GlobalVariableDefs.obj (SysCtrlRegsFile)

SpiaRegsFile 
*          1    00007040    00000010     UNINITIALIZED
                  00007040    00000010     DSP2833x_GlobalVariableDefs.obj (SpiaRegsFile)

SciaRegsFile 
*          1    00007050    00000010     UNINITIALIZED
                  00007050    00000010     DSP2833x_GlobalVariableDefs.obj (SciaRegsFile)

XIntruptRegsFile 
*          1    00007070    00000010     UNINITIALIZED
                  00007070    00000010     DSP2833x_GlobalVariableDefs.obj (XIntruptRegsFile)

AdcRegsFile 
*          1    00007100    0000001e     UNINITIALIZED
                  00007100    0000001e     DSP2833x_GlobalVariableDefs.obj (AdcRegsFile)

ScibRegsFile 
*          1    00007750    00000010     UNINITIALIZED
                  00007750    00000010     DSP2833x_GlobalVariableDefs.obj (ScibRegsFile)

ScicRegsFile 
*          1    00007770    00000010     UNINITIALIZED
                  00007770    00000010     DSP2833x_GlobalVariableDefs.obj (ScicRegsFile)

I2caRegsFile 
*          1    00007900    00000022     UNINITIALIZED
                  00007900    00000022     DSP2833x_GlobalVariableDefs.obj (I2caRegsFile)

CsmPwlFile 
*          1    0033fff8    00000008     UNINITIALIZED
                  0033fff8    00000008     DSP2833x_GlobalVariableDefs.obj (CsmPwlFile)

MODULE SUMMARY

       Module                            code    initialized data   uninitialized data
       ------                            ----    ----------------   ------------------
    .\source\
       DSP2833x_GlobalVariableDefs.obj   0       730                3166              
       Pelab_Func.obj                    2981    0                  0                 
       dac_easyDSP.obj                   1512    8                  18                
       easy2833x_sci_v8.5.obj            1159    102                30                
       DSP2833x_DefaultIsr.obj           868     0                  0                 
       Adc.obj                           496     0                  0                 
       DSP2833x_EPwm.obj                 321     0                  0                 
       RFFT_adc_f32.obj                  312     0                  0                 
       Pelab_EPWM.obj                    294     0                  0                 
       DSP2833x_PieVect.obj              32      256                0                 
       RFFT_f32.obj                      285     0                  0                 
       DSP2833x_SysCtrl.obj              247     0                  0                 
       RingBuff.obj                      132     12                 53                
       RFFT_adc_f32u.obj                 158     0                  0                 
       DSP2833x_CpuTimers.obj            123     0                  24                
       RFFT_f32u.obj                     133     0                  0                 
       RFFT_f32s_mag.obj                 85      0                  0                 
       RFFT_f32_phase.obj                73      0                  0                 
       main.obj                          73      0                  0                 
       RFFT_f32_mag.obj                  68      0                  0                 
       DSP2833x_PieCtrl.obj              48      0                  0                 
       DSP2833x_Gpio.obj                 36      0                  0                 
       Timer.obj                         34      0                  0                 
       DSP2833x_CodeStartBranch.obj      10      0                  0                 
       DSP2833x_ADC_cal.obj              7       0                  0                 
       DSP2833x_DisInt.obj               7       0                  0                 
       DSP2833x_usDelay.obj              4       0                  0                 
       DSP2833x_DBGIER.obj               3       0                  0                 
    +--+---------------------------------+-------+------------------+--------------------+
       Total:                            9501    1108               3291              
                                                                                      
    C:\ti\ccs2041\ccs\tools\compiler\ti-cgt-c2000_22.6.3.LTS\lib\rts2800_fpu32.lib
       s_atanf.c.obj                     202     30                 0                 
       e_atan2f.c.obj                    210     12                 0                 
       fs_div28.asm.obj                  136     0                  0                 
       s_sinf.c.obj                      102     0                  0                 
       s_cosf.c.obj                      99      0                  0                 
       boot28.asm.obj                    86      0                  0                 
       exit.c.obj                        41      14                 6                 
       e_sqrtf.c.obj                     39      0                  0                 
       cpy_tbl.c.obj                     36      0                  0                 
       ll_cmp28.asm.obj                  30      0                  0                 
       memcpy.c.obj                      29      0                  0                 
       ll_aox28.asm.obj                  24      0                  0                 
       _lock.c.obj                       9       10                 4                 
       args_main.c.obj                   18      0                  0                 
       errno.c.obj                       0       4                  1                 
       pre_init.c.obj                    2       0                  0                 
       startup.c.obj                     1       0                  0                 
    +--+---------------------------------+-------+------------------+--------------------+
       Total:                            1064    70                 11                
                                                                                      
       Stack:                            0       0                  768               
    +--+---------------------------------+-------+------------------+--------------------+
       Grand Total:                      10565   1178               4070              


GLOBAL DATA SYMBOLS: SORTED BY DATA PAGE

address     data page           name
--------    ----------------    ----
00000400      10 (00000400)     __stack

00000880      22 (00000880)     _DevEmuRegs

00000a80      2a (00000a80)     _FlashRegs

00000ae0      2b (00000ac0)     _CsmRegs

00000b00      2c (00000b00)     _AdcMirror
00000b20      2c (00000b00)     _XintfRegs

00000c00      30 (00000c00)     _CpuTimer0Regs
00000c08      30 (00000c00)     _CpuTimer1Regs
00000c10      30 (00000c00)     _CpuTimer2Regs

00000ce0      33 (00000cc0)     _PieCtrlRegs

00000d00      34 (00000d00)     _PieVectTable

00001000      40 (00001000)     _DmaRegs

00005000     140 (00005000)     _McbspaRegs

00005040     141 (00005040)     _McbspbRegs

00006000     180 (00006000)     _ECanaRegs

00006040     181 (00006040)     _ECanaLAMRegs

00006080     182 (00006080)     _ECanaMOTSRegs

000060c0     183 (000060c0)     _ECanaMOTORegs

00006100     184 (00006100)     _ECanaMboxes

00006200     188 (00006200)     _ECanbRegs

00006240     189 (00006240)     _ECanbLAMRegs

00006280     18a (00006280)     _ECanbMOTSRegs

000062c0     18b (000062c0)     _ECanbMOTORegs

00006300     18c (00006300)     _ECanbMboxes

00006800     1a0 (00006800)     _EPwm1Regs

00006840     1a1 (00006840)     _EPwm2Regs

00006880     1a2 (00006880)     _EPwm3Regs

000068c0     1a3 (000068c0)     _EPwm4Regs

00006900     1a4 (00006900)     _EPwm5Regs

00006940     1a5 (00006940)     _EPwm6Regs

00006a00     1a8 (00006a00)     _ECap1Regs
00006a20     1a8 (00006a00)     _ECap2Regs

00006a40     1a9 (00006a40)     _ECap3Regs
00006a60     1a9 (00006a40)     _ECap4Regs

00006a80     1aa (00006a80)     _ECap5Regs
00006aa0     1aa (00006a80)     _ECap6Regs

00006b00     1ac (00006b00)     _EQep1Regs

00006b40     1ad (00006b40)     _EQep2Regs

00006f80     1be (00006f80)     _GpioCtrlRegs

00006fc0     1bf (00006fc0)     _GpioDataRegs
00006fe0     1bf (00006fc0)     _GpioIntRegs

00007010     1c0 (00007000)     _SysCtrlRegs

00007040     1c1 (00007040)     _SpiaRegs
00007050     1c1 (00007040)     _SciaRegs
00007070     1c1 (00007040)     _XIntruptRegs

00007100     1c4 (00007100)     _AdcRegs

00007750     1dd (00007740)     _ScibRegs
00007770     1dd (00007740)     _ScicRegs

00007900     1e4 (00007900)     _I2caRegs

0000c000     300 (0000c000)     _DA_Code_ch0
0000c001     300 (0000c000)     _DA_Code_ch1
0000c002     300 (0000c000)     _DA_Code_ch2
0000c003     300 (0000c000)     _DA_Code_ch3
0000c004     300 (0000c000)     _dac_data0
0000c005     300 (0000c000)     _dac_data1
0000c006     300 (0000c000)     _dac_data2
0000c007     300 (0000c000)     _dac_data3
0000c008     300 (0000c000)     _flag_SystemOK
0000c009     300 (0000c000)     _flag_PLLDone
0000c00a     300 (0000c000)     _flag_PreChgDone
0000c00b     300 (0000c000)     _OPMode_Code
0000c00c     300 (0000c000)     _Fault_Code
0000c00d     300 (0000c000)     _BtnCountA
0000c00e     300 (0000c000)     _BtnCountB
0000c00f     300 (0000c000)     _CalculatingAvg_Count
0000c010     300 (0000c000)     _V_Count
0000c011     300 (0000c000)     _CMP1_Ref
0000c012     300 (0000c000)     _CMP2_Ref
0000c013     300 (0000c000)     _CMP3_Ref
0000c014     300 (0000c000)     _yH
0000c016     300 (0000c000)     _yL
0000c018     300 (0000c000)     _CalGain
0000c01a     300 (0000c000)     _CalOffset
0000c01c     300 (0000c000)     _CalGainError
0000c01e     300 (0000c000)     _CalOffsetError
0000c020     300 (0000c000)     _Cal_Offset_Chk
0000c022     300 (0000c000)     _A1OffsetSum
0000c024     300 (0000c000)     _A2OffsetSum
0000c026     300 (0000c000)     _A3OffsetSum
0000c028     300 (0000c000)     _A4OffsetSum
0000c02a     300 (0000c000)     _A1OffsetCal
0000c02c     300 (0000c000)     _A2OffsetCal
0000c02e     300 (0000c000)     _A3OffsetCal
0000c030     300 (0000c000)     _A4OffsetCal
0000c032     300 (0000c000)     _CntSequenceTime
0000c034     300 (0000c000)     _DA_Data_ch0
0000c036     300 (0000c000)     _DA_Data_ch1
0000c038     300 (0000c000)     _DA_Data_ch2
0000c03a     300 (0000c000)     _DA_Data_ch3
0000c03c     300 (0000c000)     _DA_ScaleIn_ch0
0000c03e     300 (0000c000)     _DA_ScaleIn_ch1

0000c040     301 (0000c040)     _DA_ScaleIn_ch2
0000c042     301 (0000c040)     _DA_ScaleIn_ch3
0000c044     301 (0000c040)     _DA_Offset_ch0
0000c046     301 (0000c040)     _DA_Offset_ch1
0000c048     301 (0000c040)     _DA_Offset_ch2
0000c04a     301 (0000c040)     _DA_Offset_ch3
0000c04c     301 (0000c040)     _DA_Scale_ch0
0000c04e     301 (0000c040)     _DA_Scale_ch1
0000c050     301 (0000c040)     _DA_Scale_ch2
0000c052     301 (0000c040)     _DA_Scale_ch3
0000c054     301 (0000c040)     _DA_Mid_ch0
0000c056     301 (0000c040)     _DA_Mid_ch1
0000c058     301 (0000c040)     _DA_Mid_ch2
0000c05a     301 (0000c040)     _DA_Mid_ch3
0000c05c     301 (0000c040)     _fdummy
0000c05e     301 (0000c040)     _CMP1
0000c060     301 (0000c040)     _CMP2
0000c062     301 (0000c040)     _CMP3
0000c064     301 (0000c040)     _VaGain
0000c066     301 (0000c040)     _VbGain
0000c068     301 (0000c040)     _VcGain
0000c06a     301 (0000c040)     _VaADCOffset
0000c06c     301 (0000c040)     _VbADCOffset
0000c06e     301 (0000c040)     _VcADCOffset
0000c070     301 (0000c040)     _IaGain
0000c072     301 (0000c040)     _IcGain
0000c074     301 (0000c040)     _IaADCOffset
0000c076     301 (0000c040)     _IcADCOffset
0000c078     301 (0000c040)     _IbGain
0000c07a     301 (0000c040)     _IbADCOffset
0000c07c     301 (0000c040)     _VdcGain
0000c07e     301 (0000c040)     _VdcADCOffset

0000c080     302 (0000c080)     _Va_grid
0000c082     302 (0000c080)     _Vb_grid
0000c084     302 (0000c080)     _Vc_grid
0000c086     302 (0000c080)     _Ia_grid
0000c088     302 (0000c080)     _Ib_grid
0000c08a     302 (0000c080)     _Ic_grid
0000c08c     302 (0000c080)     _Vdc
0000c08e     302 (0000c080)     _Vds_grid
0000c090     302 (0000c080)     _Vqs_grid
0000c092     302 (0000c080)     _Vde_grid
0000c094     302 (0000c080)     _Vqe_grid
0000c096     302 (0000c080)     _theta_grid
0000c098     302 (0000c080)     _Em
0000c09a     302 (0000c080)     _Zeta
0000c09c     302 (0000c080)     _Wn
0000c09e     302 (0000c080)     _Wc
0000c0a0     302 (0000c080)     _Vde_LPF
0000c0a2     302 (0000c080)     _Vde_old
0000c0a4     302 (0000c080)     _Vde_err
0000c0a6     302 (0000c080)     _Kp_PLL
0000c0a8     302 (0000c080)     _Ki_PLL
0000c0aa     302 (0000c080)     _Vde_err_int
0000c0ac     302 (0000c080)     _Wde_ref
0000c0ae     302 (0000c080)     _W_rated
0000c0b0     302 (0000c080)     _Wde_ref_fb
0000c0b2     302 (0000c080)     _Vqe_old
0000c0b4     302 (0000c080)     _Vqe_LPF
0000c0b6     302 (0000c080)     _Avg_Vqe_LPF
0000c0b8     302 (0000c080)     _Avg_Vde_LPF
0000c0ba     302 (0000c080)     _Avg_Vdc
0000c0bc     302 (0000c080)     _PreAvg_Vqe_LPF
0000c0be     302 (0000c080)     _PreAvg_Vde_LPF

0000c0c0     303 (0000c0c0)     _PreAvg_Vdc
0000c0c2     303 (0000c0c0)     _CalculatingAvg_Vqe_LPF
0000c0c4     303 (0000c0c0)     _CalculatingAvg_Vde_LPF
0000c0c6     303 (0000c0c0)     _CalculatingAvg_Vdc
0000c0c8     303 (0000c0c0)     _Vde_fb
0000c0ca     303 (0000c0c0)     _Vqe_fb
0000c0cc     303 (0000c0c0)     _Vde_ff
0000c0ce     303 (0000c0c0)     _Vqe_ff
0000c0d0     303 (0000c0c0)     _Iqs_Grid
0000c0d2     303 (0000c0c0)     _Ids_Grid
0000c0d4     303 (0000c0c0)     _Iqe_Grid
0000c0d6     303 (0000c0c0)     _Ide_Grid
0000c0d8     303 (0000c0c0)     _Iqe_Grid_err
0000c0da     303 (0000c0c0)     _Ide_Grid_err
0000c0dc     303 (0000c0c0)     _Iqe_Grid_err_int
0000c0de     303 (0000c0c0)     _Ide_Grid_err_int
0000c0e0     303 (0000c0c0)     _Iqe_Grid_ref
0000c0e2     303 (0000c0c0)     _Ide_Grid_ref
0000c0e4     303 (0000c0c0)     _Cur_Ki_cc
0000c0e6     303 (0000c0c0)     _Cur_Kp_cc
0000c0e8     303 (0000c0c0)     _CurrentController_AntiWindUp_LimitVal_Upper
0000c0ea     303 (0000c0c0)     _CurrentController_AntiWindUp_LimitVal_Lower
0000c0ec     303 (0000c0c0)     _User_Vout_Target
0000c0ee     303 (0000c0c0)     _Vout_ref
0000c0f0     303 (0000c0c0)     _Vout_err
0000c0f2     303 (0000c0c0)     _Vout_err_int
0000c0f4     303 (0000c0c0)     _Vout_Ki_cc
0000c0f6     303 (0000c0c0)     _Vout_Kp_cc
0000c0f8     303 (0000c0c0)     _Vdc_LPF
0000c0fa     303 (0000c0c0)     _Vdc_LPF_old
0000c0fc     303 (0000c0c0)     _VDC_LPF_1
0000c0fe     303 (0000c0c0)     _VDC_LPF_2

0000c100     304 (0000c100)     _t_cnt
0000c102     304 (0000c100)     _carrierCNT
0000c104     304 (0000c100)     _carrierWave
0000c106     304 (0000c100)     _Vde_ref
0000c108     304 (0000c100)     _Vqe_ref
0000c10a     304 (0000c100)     _Vds_ref
0000c10c     304 (0000c100)     _Vqs_ref
0000c10e     304 (0000c100)     _Vas_ref
0000c110     304 (0000c100)     _Vbs_ref
0000c112     304 (0000c100)     _Vcs_ref
0000c114     304 (0000c100)     _Van_ref
0000c116     304 (0000c100)     _Vbn_ref
0000c118     304 (0000c100)     _Vcn_ref
0000c11a     304 (0000c100)     _VOut_max
0000c11c     304 (0000c100)     _VOut_mid
0000c11e     304 (0000c100)     _VOut_min
0000c120     304 (0000c100)     _Vsn
0000c122     304 (0000c100)     _ezDSP_DSP
0000c123     304 (0000c100)     _ezDSP_Version_SCI
0000c124     304 (0000c100)     _ezDSP_SW_Reset
0000c125     304 (0000c100)     _ezDSP_uRead16BPossible
0000c126     304 (0000c100)     _ezDSP_uRead8BPossible
0000c127     304 (0000c100)     _ezDSP_uBlockTransfer
0000c128     304 (0000c100)     _ezDSP_uBRKDTCount
0000c129     304 (0000c100)     _ezDSP_uFECount
0000c12a     304 (0000c100)     _ezDSP_uOECount
0000c12b     304 (0000c100)     _ezDSP_uPECount
0000c12c     304 (0000c100)     _ezDSP_uWrongISRCount
0000c12d     304 (0000c100)     _ezDSP_ucRx
0000c12e     304 (0000c100)     _ezDSP_uState
0000c12f     304 (0000c100)     _ezDSP_uData
0000c130     304 (0000c100)     _ezDSP_uChksum
0000c131     304 (0000c100)     _ezDSP_uAddrRdCnt
0000c132     304 (0000c100)     _ezDSP_uDataRdCnt
0000c133     304 (0000c100)     _ezDSP_uBlockSize
0000c134     304 (0000c100)     _ezDSP_uBlockIndex
0000c135     304 (0000c100)     _ezDSP_uChkSumCalculated
0000c136     304 (0000c100)     _ezDSP_fFloat
0000c138     304 (0000c100)     _ezDSP_ulData
0000c13a     304 (0000c100)     _ezDSP_ulAddr
0000c13c     304 (0000c100)     _ezDSP_ullData

0000c140     305 (0000c140)     _data_ptr

0000c206     308 (0000c200)     _ezDSP_ringBuffer
0000c238     308 (0000c200)     ___TI_enable_exit_profile_output
0000c23a     308 (0000c200)     ___TI_cleanup_ptr
0000c23c     308 (0000c200)     ___TI_dtors_ptr
0000c23e     308 (0000c200)     __lock

0000c240     309 (0000c240)     _CpuTimer0
0000c248     309 (0000c240)     _CpuTimer1
0000c250     309 (0000c240)     _CpuTimer2
0000c258     309 (0000c240)     _dac_temp
0000c259     309 (0000c240)     _DACTXBUF
0000c25a     309 (0000c240)     _dac_configuration
0000c26a     309 (0000c240)     _ezDSP_nStartPos
0000c26b     309 (0000c240)     _ezDSP_nEndPos
0000c26c     309 (0000c240)     _ezDSP_nMaxBuffSize
0000c26d     309 (0000c240)     _errno
0000c26e     309 (0000c240)     __unlock

0000d000     340 (0000d000)     _PieVectTableInit

0033fff8    cfff (0033ffc0)     _CsmPwl


GLOBAL SYMBOLS: SORTED ALPHABETICALLY BY Name 

page  address   name                                        
----  -------   ----                                        
0     00009000  .text                                       
0     0000b7db  C$$EXIT                                     
0     0000b30a  FS$$DIV                                     
0     0000b8f0  LL$$AND                                     
0     0000b8b5  LL$$CMP                                     
0     0000b8f8  LL$$OR                                      
0     0000b900  LL$$XOR                                     
0     0000b8c7  ULL$$CMP                                    
1     0000c02a  _A1OffsetCal                                
1     0000c022  _A1OffsetSum                                
1     0000c02c  _A2OffsetCal                                
1     0000c024  _A2OffsetSum                                
1     0000c02e  _A3OffsetCal                                
1     0000c026  _A3OffsetSum                                
1     0000c030  _A4OffsetCal                                
1     0000c028  _A4OffsetSum                                
0     0000a6af  _ADCINT_ISR                                 
0     00380080  _ADC_cal                                    
1     00000b00  _AdcMirror                                  
1     00007100  _AdcRegs                                    
0     0000b42d  _AddRing                                    
1     0000c0ba  _Avg_Vdc                                    
1     0000c0b8  _Avg_Vde_LPF                                
1     0000c0b6  _Avg_Vqe_LPF                                
1     0000c00d  _BtnCountA                                  
1     0000c00e  _BtnCountB                                  
1     0000c05e  _CMP1                                       
1     0000c011  _CMP1_Ref                                   
1     0000c060  _CMP2                                       
1     0000c012  _CMP2_Ref                                   
1     0000c062  _CMP3                                       
1     0000c013  _CMP3_Ref                                   
1     0000c018  _CalGain                                    
1     0000c01c  _CalGainError                               
1     0000c01a  _CalOffset                                  
1     0000c01e  _CalOffsetError                             
0     000097c0  _Cal_Average_Voltages                       
1     0000c020  _Cal_Offset_Chk                             
0     0000909c  _CalculateADC                               
0     0000aa4e  _CalculateADCOffset                         
1     0000c00f  _CalculatingAvg_Count                       
1     0000c0c6  _CalculatingAvg_Vdc                         
1     0000c0c4  _CalculatingAvg_Vde_LPF                     
1     0000c0c2  _CalculatingAvg_Vqe_LPF                     
0     0000a998  _CalibrateADC                               
1     0000c032  _CntSequenceTime                            
0     0000b4dc  _ConfigCpuTimer                             
0     00009230  _ControlRoutine                             
1     0000c240  _CpuTimer0                                  
1     00000c00  _CpuTimer0Regs                              
1     0000c248  _CpuTimer1                                  
1     00000c08  _CpuTimer1Regs                              
1     0000c250  _CpuTimer2                                  
1     00000c10  _CpuTimer2Regs                              
1     0033fff8  _CsmPwl                                     
1     00000ae0  _CsmRegs                                    
0     0000b09f  _CsmUnlock                                  
1     0000c0e4  _Cur_Ki_cc                                  
1     0000c0e6  _Cur_Kp_cc                                  
0     00009522  _CurrentControl_PI                          
1     0000c0ea  _CurrentController_AntiWindUp_LimitVal_Lower
1     0000c0e8  _CurrentController_AntiWindUp_LimitVal_Upper
1     0000c259  _DACTXBUF                                   
0     0000a5dd  _DATALOG_ISR                                
1     0000c000  _DA_Code_ch0                                
1     0000c001  _DA_Code_ch1                                
1     0000c002  _DA_Code_ch2                                
1     0000c003  _DA_Code_ch3                                
1     0000c034  _DA_Data_ch0                                
1     0000c036  _DA_Data_ch1                                
1     0000c038  _DA_Data_ch2                                
1     0000c03a  _DA_Data_ch3                                
1     0000c054  _DA_Mid_ch0                                 
1     0000c056  _DA_Mid_ch1                                 
1     0000c058  _DA_Mid_ch2                                 
1     0000c05a  _DA_Mid_ch3                                 
1     0000c044  _DA_Offset_ch0                              
1     0000c046  _DA_Offset_ch1                              
1     0000c048  _DA_Offset_ch2                              
1     0000c04a  _DA_Offset_ch3                              
1     0000c03c  _DA_ScaleIn_ch0                             
1     0000c03e  _DA_ScaleIn_ch1                             
1     0000c040  _DA_ScaleIn_ch2                             
1     0000c042  _DA_ScaleIn_ch3                             
1     0000c04c  _DA_Scale_ch0                               
1     0000c04e  _DA_Scale_ch1                               
1     0000c050  _DA_Scale_ch2                               
1     0000c052  _DA_Scale_ch3                               
0     0000a81f  _DINTCH1_ISR                                
0     0000a829  _DINTCH2_ISR                                
0     0000a833  _DINTCH3_ISR                                
0     0000a83d  _DINTCH4_ISR                                
0     0000a847  _DINTCH5_ISR                                
0     0000a851  _DINTCH6_ISR                                
0     0000b92b  _DSP28x_DisableInt                          
0     0000b92f  _DSP28x_RestoreInt                          
0     00008372  _DSP28x_usDelay                             
1     00000880  _DevEmuRegs                                 
0     0000afec  _DisableDog                                 
1     00001000  _DmaRegs                                    
0     0000a8ab  _ECAN0INTA_ISR                              
0     0000a8bf  _ECAN0INTB_ISR                              
0     0000a8b5  _ECAN1INTA_ISR                              
0     0000a8c9  _ECAN1INTB_ISR                              
0     0000a785  _ECAP1_INT_ISR                              
0     0000a78f  _ECAP2_INT_ISR                              
0     0000a799  _ECAP3_INT_ISR                              
0     0000a7a3  _ECAP4_INT_ISR                              
0     0000a7ad  _ECAP5_INT_ISR                              
0     0000a7b7  _ECAP6_INT_ISR                              
1     00006040  _ECanaLAMRegs                               
1     000060c0  _ECanaMOTORegs                              
1     00006080  _ECanaMOTSRegs                              
1     00006100  _ECanaMboxes                                
1     00006000  _ECanaRegs                                  
1     00006240  _ECanbLAMRegs                               
1     000062c0  _ECanbMOTORegs                              
1     00006280  _ECanbMOTSRegs                              
1     00006300  _ECanbMboxes                                
1     00006200  _ECanbRegs                                  
1     00006a00  _ECap1Regs                                  
1     00006a20  _ECap2Regs                                  
1     00006a40  _ECap3Regs                                  
1     00006a60  _ECap4Regs                                  
1     00006a80  _ECap5Regs                                  
1     00006aa0  _ECap6Regs                                  
0     0000a5f1  _EMUINT_ISR                                 
0     0000a742  _EPWM1_INT_ISR                              
0     0000a703  _EPWM1_TZINT_ISR                            
0     0000a753  _EPWM2_INT_ISR                              
0     0000a710  _EPWM2_TZINT_ISR                            
0     0000a75d  _EPWM3_INT_ISR                              
0     0000a71a  _EPWM3_TZINT_ISR                            
0     0000a767  _EPWM4_INT_ISR                              
0     0000a724  _EPWM4_TZINT_ISR                            
0     0000a771  _EPWM5_INT_ISR                              
0     0000a72e  _EPWM5_TZINT_ISR                            
0     0000a77b  _EPWM6_INT_ISR                              
0     0000a738  _EPWM6_TZINT_ISR                            
1     00006800  _EPwm1Regs                                  
1     00006840  _EPwm2Regs                                  
1     00006880  _EPwm3Regs                                  
1     000068c0  _EPwm4Regs                                  
1     00006900  _EPwm5Regs                                  
1     00006940  _EPwm6Regs                                  
0     0000a7c1  _EQEP1_INT_ISR                              
0     0000a7d2  _EQEP2_INT_ISR                              
1     00006b00  _EQep1Regs                                  
1     00006b40  _EQep2Regs                                  
1     0000c098  _Em                                         
0     00009381  _EmergencyStop                              
0     0000b7ca  _EnableInterrupts                           
0     0000b459  _ExtractRing                                
1     0000c00c  _Fault_Code                                 
1     00000a80  _FlashRegs                                  
0     0000b487  _GetSizeRing                                
1     00006f80  _GpioCtrlRegs                               
1     00006fc0  _GpioDataRegs                               
1     00006fe0  _GpioIntRegs                                
0     0000a85b  _I2CINT1A_ISR                               
0     0000a865  _I2CINT2A_ISR                               
1     00007900  _I2caRegs                                   
0     0000a605  _ILLEGAL_ISR                                
0     0000a5c9  _INT13_ISR                                  
0     0000a5d3  _INT14_ISR                                  
1     0000c074  _IaADCOffset                                
1     0000c070  _IaGain                                     
1     0000c086  _Ia_grid                                    
1     0000c07a  _IbADCOffset                                
1     0000c078  _IbGain                                     
1     0000c088  _Ib_grid                                    
1     0000c076  _IcADCOffset                                
1     0000c072  _IcGain                                     
1     0000c08a  _Ic_grid                                    
1     0000c0d6  _Ide_Grid                                   
1     0000c0da  _Ide_Grid_err                               
1     0000c0de  _Ide_Grid_err_int                           
1     0000c0e2  _Ide_Grid_ref                               
1     0000c0d2  _Ids_Grid                                   
0     0000add0  _InitAQ                                     
0     0000a92d  _InitAdc                                    
0     0000adb4  _InitCC                                     
0     0000b49b  _InitCpuTimers                              
0     0000ae18  _InitDB                                     
0     0000ab1d  _InitEPWM                                   
0     0000abb0  _InitEPwm1Gpio                              
0     0000abbe  _InitEPwm2Gpio                              
0     0000abcc  _InitEPwm3Gpio                              
0     0000abdc  _InitEPwm4Gpio                              
0     0000abf0  _InitEPwm5Gpio                              
0     0000ac02  _InitEPwm6Gpio                              
0     0000aba3  _InitEPwmGpio                               
0     0000ac14  _InitEPwmSyncGpio                           
0     0000ae3b  _InitET                                     
0     0000b82b  _InitGpio                                   
0     000092e6  _InitPFC                                    
0     00009000  _InitParameter                              
0     0000b044  _InitPeripheralClocks                       
0     0000b7ab  _InitPieCtrl                                
0     0000b895  _InitPieVectTable                           
0     0000aff4  _InitPll                                    
0     0000afd9  _InitSysCtrl                                
0     0000ad96  _InitTB                                     
0     0000ae9a  _InitTZ                                     
0     0000ac28  _InitTzGpio                                 
0     00009ba5  _Init_Code                                  
1     0000c0d4  _Iqe_Grid                                   
1     0000c0d8  _Iqe_Grid_err                               
1     0000c0dc  _Iqe_Grid_err_int                           
1     0000c0e0  _Iqe_Grid_ref                               
1     0000c0d0  _Iqs_Grid                                   
0     0000b493  _IsRingEmpty                                
1     0000c0a8  _Ki_PLL                                     
1     0000c0a6  _Kp_PLL                                     
0     0000a90f  _LUF_ISR                                    
0     0000a905  _LVF_ISR                                    
0     0000a80b  _MRINTA_ISR                                 
0     0000a7f7  _MRINTB_ISR                                 
0     0000a815  _MXINTA_ISR                                 
0     0000a801  _MXINTB_ISR                                 
0     00009b15  _Max_Mid_Min                                
1     00005000  _McbspaRegs                                 
1     00005040  _McbspbRegs                                 
0     000096c8  _Modulation                                 
0     0000a5fb  _NMI_ISR                                    
0     00009357  _NormalPFCOperation                         
1     0000c00b  _OPMode_Code                                
0     0000a0b5  _OutputDAC                                  
0     0000a919  _PIE_RESERVED                               
0     000093e1  _PLL                                        
0     0000927c  _PLLCheck                                   
0     000097b0  _PWM_CUT                                    
0     000097a0  _PWM_ON                                     
0     00009788  _PWM_OUTPUT                                 
1     00000ce0  _PieCtrlRegs                                
1     00000d00  _PieVectTable                               
1     0000d000  _PieVectTableInit                           
1     0000c0c0  _PreAvg_Vdc                                 
1     0000c0be  _PreAvg_Vde_LPF                             
1     0000c0bc  _PreAvg_Vqe_LPF                             
0     000092ad  _PreChargeCap                               
0     0000ac5e  _RFFT_adc_f32                               
0     0000b26c  _RFFT_adc_f32u                              
0     0000aebc  _RFFT_f32                                   
0     0000b767  _RFFT_f32_mag                               
0     0000b6d5  _RFFT_f32_phase                             
0     0000b635  _RFFT_f32s_mag                              
0     0000b392  _RFFT_f32u                                  
0     0000a5e7  _RTOSINT_ISR                                
0     0000b46d  _ReadRing                                   
0     0000b417  _ResetRing                                  
0     0000a883  _SCIRXINTA_ISR                              
0     0000a897  _SCIRXINTB_ISR                              
0     0000a86f  _SCIRXINTC_ISR                              
0     0000a88d  _SCITXINTA_ISR                              
0     0000a8a1  _SCITXINTB_ISR                              
0     0000a879  _SCITXINTC_ISR                              
0     0000a687  _SEQ1INT_ISR                                
0     0000a691  _SEQ2INT_ISR                                
0     0000a7e3  _SPIRXINTA_ISR                              
0     0000a7ed  _SPITXINTA_ISR                              
1     00007050  _SciaRegs                                   
1     00007750  _ScibRegs                                   
1     00007770  _ScicRegs                                   
0     0000afe2  _ServiceDog                                 
0     0000b932  _SetDBGIER                                  
0     0000a02e  _Set_DA_Code                                
0     0000a044  _Set_DA_Offset                              
0     0000a05f  _Set_DA_Scale                               
0     00009332  _SoftStartUp                                
1     00007040  _SpiaRegs                                   
0     0000936d  _StopPFCOperation                           
1     00007010  _SysCtrlRegs                                
0     00009521  _SysFaultCheck_Cycle                        
0     0000a6e8  _TINT0_ISR                                  
0     0000b873  _Timer_Init                                 
0     0000a669  _USER10_ISR                                 
0     0000a673  _USER11_ISR                                 
0     0000a67d  _USER12_ISR                                 
0     0000a60f  _USER1_ISR                                  
0     0000a619  _USER2_ISR                                  
0     0000a623  _USER3_ISR                                  
0     0000a62d  _USER4_ISR                                  
0     0000a637  _USER5_ISR                                  
0     0000a641  _USER6_ISR                                  
0     0000a64b  _USER7_ISR                                  
0     0000a655  _USER8_ISR                                  
0     0000a65f  _USER9_ISR                                  
0     0000938a  _UserButtonRead                             
1     0000c0ec  _User_Vout_Target                           
1     0000c0fc  _VDC_LPF_1                                  
1     0000c0fe  _VDC_LPF_2                                  
1     0000c11a  _VOut_max                                   
1     0000c11c  _VOut_mid                                   
1     0000c11e  _VOut_min                                   
1     0000c010  _V_Count                                    
1     0000c06a  _VaADCOffset                                
1     0000c064  _VaGain                                     
1     0000c080  _Va_grid                                    
1     0000c114  _Van_ref                                    
1     0000c10e  _Vas_ref                                    
1     0000c06c  _VbADCOffset                                
1     0000c066  _VbGain                                     
1     0000c082  _Vb_grid                                    
1     0000c116  _Vbn_ref                                    
1     0000c110  _Vbs_ref                                    
1     0000c06e  _VcADCOffset                                
1     0000c068  _VcGain                                     
1     0000c084  _Vc_grid                                    
1     0000c118  _Vcn_ref                                    
1     0000c112  _Vcs_ref                                    
1     0000c08c  _Vdc                                        
1     0000c07e  _VdcADCOffset                               
1     0000c07c  _VdcGain                                    
1     0000c0f8  _Vdc_LPF                                    
1     0000c0fa  _Vdc_LPF_old                                
1     0000c0a0  _Vde_LPF                                    
1     0000c0a4  _Vde_err                                    
1     0000c0aa  _Vde_err_int                                
1     0000c0c8  _Vde_fb                                     
1     0000c0cc  _Vde_ff                                     
1     0000c092  _Vde_grid                                   
1     0000c0a2  _Vde_old                                    
1     0000c106  _Vde_ref                                    
1     0000c08e  _Vds_grid                                   
1     0000c10a  _Vds_ref                                    
0     0000964b  _VoltageControl_PI                          
1     0000c0f4  _Vout_Ki_cc                                 
1     0000c0f6  _Vout_Kp_cc                                 
1     0000c0f0  _Vout_err                                   
1     0000c0f2  _Vout_err_int                               
1     0000c0ee  _Vout_ref                                   
1     0000c0b4  _Vqe_LPF                                    
1     0000c0ca  _Vqe_fb                                     
1     0000c0ce  _Vqe_ff                                     
1     0000c094  _Vqe_grid                                   
1     0000c0b2  _Vqe_old                                    
1     0000c108  _Vqe_ref                                    
1     0000c090  _Vqs_grid                                   
1     0000c10c  _Vqs_ref                                    
1     0000c120  _Vsn                                        
0     0000a6f9  _WAKEINT_ISR                                
1     0000c0ae  _W_rated                                    
1     0000c09e  _Wc                                         
1     0000c0ac  _Wde_ref                                    
1     0000c0b0  _Wde_ref_fb                                 
1     0000c09c  _Wn                                         
0     0000a69b  _XINT1_ISR                                  
0     0000a6a5  _XINT2_ISR                                  
0     0000a8d3  _XINT3_ISR                                  
0     0000a8dd  _XINT4_ISR                                  
0     0000a8e7  _XINT5_ISR                                  
0     0000a8f1  _XINT6_ISR                                  
0     0000a8fb  _XINT7_ISR                                  
1     00007070  _XIntruptRegs                               
1     00000b20  _XintfRegs                                  
1     0000c09a  _Zeta                                       
1     00000700  __STACK_END                                 
abs   00000300  __STACK_SIZE                                
1     0000c23a  ___TI_cleanup_ptr                           
1     0000c23c  ___TI_dtors_ptr                             
1     0000c238  ___TI_enable_exit_profile_output            
abs   ffffffff  ___TI_pprof_out_hndl                        
abs   ffffffff  ___TI_prof_data_size                        
abs   ffffffff  ___TI_prof_data_start                       
abs   ffffffff  ___binit__                                  
abs   ffffffff  ___c_args__                                 
0     00008000  ___cinit__                                  
0     0000b938  ___etext__                                  
abs   ffffffff  ___pinit__                                  
0     00009000  ___text__                                   
0     0000b908  __args_main                                 
1     0000c23e  __lock                                      
0     0000b922  __nop                                       
0     0000b91e  __register_lock                             
0     0000b91a  __register_unlock                           
1     00000400  __stack                                     
0     0000b937  __system_post_cinit                         
0     0000b935  __system_pre_init                           
1     0000c26e  __unlock                                    
0     000098a7  _abc_to_dqe                                 
0     00009839  _abc_to_dqs                                 
0     0000992c  _abc_to_dqze                                
0     0000b7db  _abort                                      
0     0000b1a2  _atan                                       
0     0000b0d0  _atan2                                      
0     0000b0d0  _atan2f                                     
0     0000b1a2  _atanf                                      
0     0000b5df  _c_int00                                    
1     0000c102  _carrierCNT                                 
1     0000c104  _carrierWave                                
0     0000b84f  _copy_in                                    
0     0000b57c  _cos                                        
0     0000b57c  _cosf                                       
1     0000c25a  _dac_configuration                          
1     0000c004  _dac_data0                                  
1     0000c005  _dac_data1                                  
1     0000c006  _dac_data2                                  
1     0000c007  _dac_data3                                  
0     0000a07a  _dac_setup                                  
1     0000c258  _dac_temp                                   
1     0000c140  _data_ptr                                   
0     00009a35  _dqe_to_abc                                 
0     000099bf  _dqe_to_dqs                                 
0     000099fe  _dqs_to_abc                                 
0     00009866  _dqs_to_dqe                                 
0     00009a9e  _dqze_to_abc                                
0     0000b68a  _easyDSP_SCI_Init                           
0     0000a18d  _easy_RXINT_ISR                             
0     0000a584  _easy_TXINT_ISR                             
1     0000c26d  _errno                                      
0     0000b7dd  _exit                                       
1     0000c122  _ezDSP_DSP                                  
1     0000c124  _ezDSP_SW_Reset                             
1     0000c123  _ezDSP_Version_SCI                          
1     0000c136  _ezDSP_fFloat                               
1     0000c26b  _ezDSP_nEndPos                              
1     0000c26c  _ezDSP_nMaxBuffSize                         
1     0000c26a  _ezDSP_nStartPos                            
1     0000c206  _ezDSP_ringBuffer                           
1     0000c131  _ezDSP_uAddrRdCnt                           
1     0000c128  _ezDSP_uBRKDTCount                          
1     0000c134  _ezDSP_uBlockIndex                          
1     0000c133  _ezDSP_uBlockSize                           
1     0000c127  _ezDSP_uBlockTransfer                       
1     0000c135  _ezDSP_uChkSumCalculated                    
1     0000c130  _ezDSP_uChksum                              
1     0000c12f  _ezDSP_uData                                
1     0000c132  _ezDSP_uDataRdCnt                           
1     0000c129  _ezDSP_uFECount                             
1     0000c12a  _ezDSP_uOECount                             
1     0000c12b  _ezDSP_uPECount                             
1     0000c125  _ezDSP_uRead16BPossible                     
1     0000c126  _ezDSP_uRead8BPossible                      
1     0000c12e  _ezDSP_uState                               
1     0000c12c  _ezDSP_uWrongISRCount                       
1     0000c12d  _ezDSP_ucRx                                 
1     0000c13a  _ezDSP_ulAddr                               
1     0000c138  _ezDSP_ulData                               
1     0000c13c  _ezDSP_ullData                              
1     0000c05c  _fdummy                                     
1     0000c009  _flag_PLLDone                               
1     0000c00a  _flag_PreChgDone                            
1     0000c008  _flag_SystemOK                              
0     0000b71e  _main                                       
0     0000b8d3  _memcpy                                     
0     0000acee  _rfft_adc_f32_Stages4andUp                  
0     0000aec5  _rfft_f32_Stages1and2and3andBitReverse      
0     0000af31  _rfft_f32_Stages4andUp                      
0     0000b39b  _rfft_f32u_Stages1and2and3andBitReverse     
0     0000a923  _rsvd_ISR                                   
0     0000b516  _sin                                        
0     0000b516  _sinf                                       
0     0000b804  _sqrt                                       
0     0000b804  _sqrtf                                      
1     0000c100  _t_cnt                                      
1     0000c096  _theta_grid                                 
1     0000c014  _yH                                         
1     0000c016  _yL                                         
abs   ffffffff  binit                                       
0     00008000  cinit                                       
0     00000000  code_start                                  
0     0000b938  etext                                       
abs   ffffffff  pinit                                       


GLOBAL SYMBOLS: SORTED BY Symbol Address 

page  address   name                                        
----  -------   ----                                        
0     00000000  code_start                                  
0     00008000  ___cinit__                                  
0     00008000  cinit                                       
0     00008372  _DSP28x_usDelay                             
0     00009000  .text                                       
0     00009000  _InitParameter                              
0     00009000  ___text__                                   
0     0000909c  _CalculateADC                               
0     00009230  _ControlRoutine                             
0     0000927c  _PLLCheck                                   
0     000092ad  _PreChargeCap                               
0     000092e6  _InitPFC                                    
0     00009332  _SoftStartUp                                
0     00009357  _NormalPFCOperation                         
0     0000936d  _StopPFCOperation                           
0     00009381  _EmergencyStop                              
0     0000938a  _UserButtonRead                             
0     000093e1  _PLL                                        
0     00009521  _SysFaultCheck_Cycle                        
0     00009522  _CurrentControl_PI                          
0     0000964b  _VoltageControl_PI                          
0     000096c8  _Modulation                                 
0     00009788  _PWM_OUTPUT                                 
0     000097a0  _PWM_ON                                     
0     000097b0  _PWM_CUT                                    
0     000097c0  _Cal_Average_Voltages                       
0     00009839  _abc_to_dqs                                 
0     00009866  _dqs_to_dqe                                 
0     000098a7  _abc_to_dqe                                 
0     0000992c  _abc_to_dqze                                
0     000099bf  _dqe_to_dqs                                 
0     000099fe  _dqs_to_abc                                 
0     00009a35  _dqe_to_abc                                 
0     00009a9e  _dqze_to_abc                                
0     00009b15  _Max_Mid_Min                                
0     00009ba5  _Init_Code                                  
0     0000a02e  _Set_DA_Code                                
0     0000a044  _Set_DA_Offset                              
0     0000a05f  _Set_DA_Scale                               
0     0000a07a  _dac_setup                                  
0     0000a0b5  _OutputDAC                                  
0     0000a18d  _easy_RXINT_ISR                             
0     0000a584  _easy_TXINT_ISR                             
0     0000a5c9  _INT13_ISR                                  
0     0000a5d3  _INT14_ISR                                  
0     0000a5dd  _DATALOG_ISR                                
0     0000a5e7  _RTOSINT_ISR                                
0     0000a5f1  _EMUINT_ISR                                 
0     0000a5fb  _NMI_ISR                                    
0     0000a605  _ILLEGAL_ISR                                
0     0000a60f  _USER1_ISR                                  
0     0000a619  _USER2_ISR                                  
0     0000a623  _USER3_ISR                                  
0     0000a62d  _USER4_ISR                                  
0     0000a637  _USER5_ISR                                  
0     0000a641  _USER6_ISR                                  
0     0000a64b  _USER7_ISR                                  
0     0000a655  _USER8_ISR                                  
0     0000a65f  _USER9_ISR                                  
0     0000a669  _USER10_ISR                                 
0     0000a673  _USER11_ISR                                 
0     0000a67d  _USER12_ISR                                 
0     0000a687  _SEQ1INT_ISR                                
0     0000a691  _SEQ2INT_ISR                                
0     0000a69b  _XINT1_ISR                                  
0     0000a6a5  _XINT2_ISR                                  
0     0000a6af  _ADCINT_ISR                                 
0     0000a6e8  _TINT0_ISR                                  
0     0000a6f9  _WAKEINT_ISR                                
0     0000a703  _EPWM1_TZINT_ISR                            
0     0000a710  _EPWM2_TZINT_ISR                            
0     0000a71a  _EPWM3_TZINT_ISR                            
0     0000a724  _EPWM4_TZINT_ISR                            
0     0000a72e  _EPWM5_TZINT_ISR                            
0     0000a738  _EPWM6_TZINT_ISR                            
0     0000a742  _EPWM1_INT_ISR                              
0     0000a753  _EPWM2_INT_ISR                              
0     0000a75d  _EPWM3_INT_ISR                              
0     0000a767  _EPWM4_INT_ISR                              
0     0000a771  _EPWM5_INT_ISR                              
0     0000a77b  _EPWM6_INT_ISR                              
0     0000a785  _ECAP1_INT_ISR                              
0     0000a78f  _ECAP2_INT_ISR                              
0     0000a799  _ECAP3_INT_ISR                              
0     0000a7a3  _ECAP4_INT_ISR                              
0     0000a7ad  _ECAP5_INT_ISR                              
0     0000a7b7  _ECAP6_INT_ISR                              
0     0000a7c1  _EQEP1_INT_ISR                              
0     0000a7d2  _EQEP2_INT_ISR                              
0     0000a7e3  _SPIRXINTA_ISR                              
0     0000a7ed  _SPITXINTA_ISR                              
0     0000a7f7  _MRINTB_ISR                                 
0     0000a801  _MXINTB_ISR                                 
0     0000a80b  _MRINTA_ISR                                 
0     0000a815  _MXINTA_ISR                                 
0     0000a81f  _DINTCH1_ISR                                
0     0000a829  _DINTCH2_ISR                                
0     0000a833  _DINTCH3_ISR                                
0     0000a83d  _DINTCH4_ISR                                
0     0000a847  _DINTCH5_ISR                                
0     0000a851  _DINTCH6_ISR                                
0     0000a85b  _I2CINT1A_ISR                               
0     0000a865  _I2CINT2A_ISR                               
0     0000a86f  _SCIRXINTC_ISR                              
0     0000a879  _SCITXINTC_ISR                              
0     0000a883  _SCIRXINTA_ISR                              
0     0000a88d  _SCITXINTA_ISR                              
0     0000a897  _SCIRXINTB_ISR                              
0     0000a8a1  _SCITXINTB_ISR                              
0     0000a8ab  _ECAN0INTA_ISR                              
0     0000a8b5  _ECAN1INTA_ISR                              
0     0000a8bf  _ECAN0INTB_ISR                              
0     0000a8c9  _ECAN1INTB_ISR                              
0     0000a8d3  _XINT3_ISR                                  
0     0000a8dd  _XINT4_ISR                                  
0     0000a8e7  _XINT5_ISR                                  
0     0000a8f1  _XINT6_ISR                                  
0     0000a8fb  _XINT7_ISR                                  
0     0000a905  _LVF_ISR                                    
0     0000a90f  _LUF_ISR                                    
0     0000a919  _PIE_RESERVED                               
0     0000a923  _rsvd_ISR                                   
0     0000a92d  _InitAdc                                    
0     0000a998  _CalibrateADC                               
0     0000aa4e  _CalculateADCOffset                         
0     0000ab1d  _InitEPWM                                   
0     0000aba3  _InitEPwmGpio                               
0     0000abb0  _InitEPwm1Gpio                              
0     0000abbe  _InitEPwm2Gpio                              
0     0000abcc  _InitEPwm3Gpio                              
0     0000abdc  _InitEPwm4Gpio                              
0     0000abf0  _InitEPwm5Gpio                              
0     0000ac02  _InitEPwm6Gpio                              
0     0000ac14  _InitEPwmSyncGpio                           
0     0000ac28  _InitTzGpio                                 
0     0000ac5e  _RFFT_adc_f32                               
0     0000acee  _rfft_adc_f32_Stages4andUp                  
0     0000ad96  _InitTB                                     
0     0000adb4  _InitCC                                     
0     0000add0  _InitAQ                                     
0     0000ae18  _InitDB                                     
0     0000ae3b  _InitET                                     
0     0000ae9a  _InitTZ                                     
0     0000aebc  _RFFT_f32                                   
0     0000aec5  _rfft_f32_Stages1and2and3andBitReverse      
0     0000af31  _rfft_f32_Stages4andUp                      
0     0000afd9  _InitSysCtrl                                
0     0000afe2  _ServiceDog                                 
0     0000afec  _DisableDog                                 
0     0000aff4  _InitPll                                    
0     0000b044  _InitPeripheralClocks                       
0     0000b09f  _CsmUnlock                                  
0     0000b0d0  _atan2                                      
0     0000b0d0  _atan2f                                     
0     0000b1a2  _atan                                       
0     0000b1a2  _atanf                                      
0     0000b26c  _RFFT_adc_f32u                              
0     0000b30a  FS$$DIV                                     
0     0000b392  _RFFT_f32u                                  
0     0000b39b  _rfft_f32u_Stages1and2and3andBitReverse     
0     0000b417  _ResetRing                                  
0     0000b42d  _AddRing                                    
0     0000b459  _ExtractRing                                
0     0000b46d  _ReadRing                                   
0     0000b487  _GetSizeRing                                
0     0000b493  _IsRingEmpty                                
0     0000b49b  _InitCpuTimers                              
0     0000b4dc  _ConfigCpuTimer                             
0     0000b516  _sin                                        
0     0000b516  _sinf                                       
0     0000b57c  _cos                                        
0     0000b57c  _cosf                                       
0     0000b5df  _c_int00                                    
0     0000b635  _RFFT_f32s_mag                              
0     0000b68a  _easyDSP_SCI_Init                           
0     0000b6d5  _RFFT_f32_phase                             
0     0000b71e  _main                                       
0     0000b767  _RFFT_f32_mag                               
0     0000b7ab  _InitPieCtrl                                
0     0000b7ca  _EnableInterrupts                           
0     0000b7db  C$$EXIT                                     
0     0000b7db  _abort                                      
0     0000b7dd  _exit                                       
0     0000b804  _sqrt                                       
0     0000b804  _sqrtf                                      
0     0000b82b  _InitGpio                                   
0     0000b84f  _copy_in                                    
0     0000b873  _Timer_Init                                 
0     0000b895  _InitPieVectTable                           
0     0000b8b5  LL$$CMP                                     
0     0000b8c7  ULL$$CMP                                    
0     0000b8d3  _memcpy                                     
0     0000b8f0  LL$$AND                                     
0     0000b8f8  LL$$OR                                      
0     0000b900  LL$$XOR                                     
0     0000b908  __args_main                                 
0     0000b91a  __register_unlock                           
0     0000b91e  __register_lock                             
0     0000b922  __nop                                       
0     0000b92b  _DSP28x_DisableInt                          
0     0000b92f  _DSP28x_RestoreInt                          
0     0000b932  _SetDBGIER                                  
0     0000b935  __system_pre_init                           
0     0000b937  __system_post_cinit                         
0     0000b938  ___etext__                                  
0     0000b938  etext                                       
0     00380080  _ADC_cal                                    
1     00000400  __stack                                     
1     00000700  __STACK_END                                 
1     00000880  _DevEmuRegs                                 
1     00000a80  _FlashRegs                                  
1     00000ae0  _CsmRegs                                    
1     00000b00  _AdcMirror                                  
1     00000b20  _XintfRegs                                  
1     00000c00  _CpuTimer0Regs                              
1     00000c08  _CpuTimer1Regs                              
1     00000c10  _CpuTimer2Regs                              
1     00000ce0  _PieCtrlRegs                                
1     00000d00  _PieVectTable                               
1     00001000  _DmaRegs                                    
1     00005000  _McbspaRegs                                 
1     00005040  _McbspbRegs                                 
1     00006000  _ECanaRegs                                  
1     00006040  _ECanaLAMRegs                               
1     00006080  _ECanaMOTSRegs                              
1     000060c0  _ECanaMOTORegs                              
1     00006100  _ECanaMboxes                                
1     00006200  _ECanbRegs                                  
1     00006240  _ECanbLAMRegs                               
1     00006280  _ECanbMOTSRegs                              
1     000062c0  _ECanbMOTORegs                              
1     00006300  _ECanbMboxes                                
1     00006800  _EPwm1Regs                                  
1     00006840  _EPwm2Regs                                  
1     00006880  _EPwm3Regs                                  
1     000068c0  _EPwm4Regs                                  
1     00006900  _EPwm5Regs                                  
1     00006940  _EPwm6Regs                                  
1     00006a00  _ECap1Regs                                  
1     00006a20  _ECap2Regs                                  
1     00006a40  _ECap3Regs                                  
1     00006a60  _ECap4Regs                                  
1     00006a80  _ECap5Regs                                  
1     00006aa0  _ECap6Regs                                  
1     00006b00  _EQep1Regs                                  
1     00006b40  _EQep2Regs                                  
1     00006f80  _GpioCtrlRegs                               
1     00006fc0  _GpioDataRegs                               
1     00006fe0  _GpioIntRegs                                
1     00007010  _SysCtrlRegs                                
1     00007040  _SpiaRegs                                   
1     00007050  _SciaRegs                                   
1     00007070  _XIntruptRegs                               
1     00007100  _AdcRegs                                    
1     00007750  _ScibRegs                                   
1     00007770  _ScicRegs                                   
1     00007900  _I2caRegs                                   
1     0000c000  _DA_Code_ch0                                
1     0000c001  _DA_Code_ch1                                
1     0000c002  _DA_Code_ch2                                
1     0000c003  _DA_Code_ch3                                
1     0000c004  _dac_data0                                  
1     0000c005  _dac_data1                                  
1     0000c006  _dac_data2                                  
1     0000c007  _dac_data3                                  
1     0000c008  _flag_SystemOK                              
1     0000c009  _flag_PLLDone                               
1     0000c00a  _flag_PreChgDone                            
1     0000c00b  _OPMode_Code                                
1     0000c00c  _Fault_Code                                 
1     0000c00d  _BtnCountA                                  
1     0000c00e  _BtnCountB                                  
1     0000c00f  _CalculatingAvg_Count                       
1     0000c010  _V_Count                                    
1     0000c011  _CMP1_Ref                                   
1     0000c012  _CMP2_Ref                                   
1     0000c013  _CMP3_Ref                                   
1     0000c014  _yH                                         
1     0000c016  _yL                                         
1     0000c018  _CalGain                                    
1     0000c01a  _CalOffset                                  
1     0000c01c  _CalGainError                               
1     0000c01e  _CalOffsetError                             
1     0000c020  _Cal_Offset_Chk                             
1     0000c022  _A1OffsetSum                                
1     0000c024  _A2OffsetSum                                
1     0000c026  _A3OffsetSum                                
1     0000c028  _A4OffsetSum                                
1     0000c02a  _A1OffsetCal                                
1     0000c02c  _A2OffsetCal                                
1     0000c02e  _A3OffsetCal                                
1     0000c030  _A4OffsetCal                                
1     0000c032  _CntSequenceTime                            
1     0000c034  _DA_Data_ch0                                
1     0000c036  _DA_Data_ch1                                
1     0000c038  _DA_Data_ch2                                
1     0000c03a  _DA_Data_ch3                                
1     0000c03c  _DA_ScaleIn_ch0                             
1     0000c03e  _DA_ScaleIn_ch1                             
1     0000c040  _DA_ScaleIn_ch2                             
1     0000c042  _DA_ScaleIn_ch3                             
1     0000c044  _DA_Offset_ch0                              
1     0000c046  _DA_Offset_ch1                              
1     0000c048  _DA_Offset_ch2                              
1     0000c04a  _DA_Offset_ch3                              
1     0000c04c  _DA_Scale_ch0                               
1     0000c04e  _DA_Scale_ch1                               
1     0000c050  _DA_Scale_ch2                               
1     0000c052  _DA_Scale_ch3                               
1     0000c054  _DA_Mid_ch0                                 
1     0000c056  _DA_Mid_ch1                                 
1     0000c058  _DA_Mid_ch2                                 
1     0000c05a  _DA_Mid_ch3                                 
1     0000c05c  _fdummy                                     
1     0000c05e  _CMP1                                       
1     0000c060  _CMP2                                       
1     0000c062  _CMP3                                       
1     0000c064  _VaGain                                     
1     0000c066  _VbGain                                     
1     0000c068  _VcGain                                     
1     0000c06a  _VaADCOffset                                
1     0000c06c  _VbADCOffset                                
1     0000c06e  _VcADCOffset                                
1     0000c070  _IaGain                                     
1     0000c072  _IcGain                                     
1     0000c074  _IaADCOffset                                
1     0000c076  _IcADCOffset                                
1     0000c078  _IbGain                                     
1     0000c07a  _IbADCOffset                                
1     0000c07c  _VdcGain                                    
1     0000c07e  _VdcADCOffset                               
1     0000c080  _Va_grid                                    
1     0000c082  _Vb_grid                                    
1     0000c084  _Vc_grid                                    
1     0000c086  _Ia_grid                                    
1     0000c088  _Ib_grid                                    
1     0000c08a  _Ic_grid                                    
1     0000c08c  _Vdc                                        
1     0000c08e  _Vds_grid                                   
1     0000c090  _Vqs_grid                                   
1     0000c092  _Vde_grid                                   
1     0000c094  _Vqe_grid                                   
1     0000c096  _theta_grid                                 
1     0000c098  _Em                                         
1     0000c09a  _Zeta                                       
1     0000c09c  _Wn                                         
1     0000c09e  _Wc                                         
1     0000c0a0  _Vde_LPF                                    
1     0000c0a2  _Vde_old                                    
1     0000c0a4  _Vde_err                                    
1     0000c0a6  _Kp_PLL                                     
1     0000c0a8  _Ki_PLL                                     
1     0000c0aa  _Vde_err_int                                
1     0000c0ac  _Wde_ref                                    
1     0000c0ae  _W_rated                                    
1     0000c0b0  _Wde_ref_fb                                 
1     0000c0b2  _Vqe_old                                    
1     0000c0b4  _Vqe_LPF                                    
1     0000c0b6  _Avg_Vqe_LPF                                
1     0000c0b8  _Avg_Vde_LPF                                
1     0000c0ba  _Avg_Vdc                                    
1     0000c0bc  _PreAvg_Vqe_LPF                             
1     0000c0be  _PreAvg_Vde_LPF                             
1     0000c0c0  _PreAvg_Vdc                                 
1     0000c0c2  _CalculatingAvg_Vqe_LPF                     
1     0000c0c4  _CalculatingAvg_Vde_LPF                     
1     0000c0c6  _CalculatingAvg_Vdc                         
1     0000c0c8  _Vde_fb                                     
1     0000c0ca  _Vqe_fb                                     
1     0000c0cc  _Vde_ff                                     
1     0000c0ce  _Vqe_ff                                     
1     0000c0d0  _Iqs_Grid                                   
1     0000c0d2  _Ids_Grid                                   
1     0000c0d4  _Iqe_Grid                                   
1     0000c0d6  _Ide_Grid                                   
1     0000c0d8  _Iqe_Grid_err                               
1     0000c0da  _Ide_Grid_err                               
1     0000c0dc  _Iqe_Grid_err_int                           
1     0000c0de  _Ide_Grid_err_int                           
1     0000c0e0  _Iqe_Grid_ref                               
1     0000c0e2  _Ide_Grid_ref                               
1     0000c0e4  _Cur_Ki_cc                                  
1     0000c0e6  _Cur_Kp_cc                                  
1     0000c0e8  _CurrentController_AntiWindUp_LimitVal_Upper
1     0000c0ea  _CurrentController_AntiWindUp_LimitVal_Lower
1     0000c0ec  _User_Vout_Target                           
1     0000c0ee  _Vout_ref                                   
1     0000c0f0  _Vout_err                                   
1     0000c0f2  _Vout_err_int                               
1     0000c0f4  _Vout_Ki_cc                                 
1     0000c0f6  _Vout_Kp_cc                                 
1     0000c0f8  _Vdc_LPF                                    
1     0000c0fa  _Vdc_LPF_old                                
1     0000c0fc  _VDC_LPF_1                                  
1     0000c0fe  _VDC_LPF_2                                  
1     0000c100  _t_cnt                                      
1     0000c102  _carrierCNT                                 
1     0000c104  _carrierWave                                
1     0000c106  _Vde_ref                                    
1     0000c108  _Vqe_ref                                    
1     0000c10a  _Vds_ref                                    
1     0000c10c  _Vqs_ref                                    
1     0000c10e  _Vas_ref                                    
1     0000c110  _Vbs_ref                                    
1     0000c112  _Vcs_ref                                    
1     0000c114  _Van_ref                                    
1     0000c116  _Vbn_ref                                    
1     0000c118  _Vcn_ref                                    
1     0000c11a  _VOut_max                                   
1     0000c11c  _VOut_mid                                   
1     0000c11e  _VOut_min                                   
1     0000c120  _Vsn                                        
1     0000c122  _ezDSP_DSP                                  
1     0000c123  _ezDSP_Version_SCI                          
1     0000c124  _ezDSP_SW_Reset                             
1     0000c125  _ezDSP_uRead16BPossible                     
1     0000c126  _ezDSP_uRead8BPossible                      
1     0000c127  _ezDSP_uBlockTransfer                       
1     0000c128  _ezDSP_uBRKDTCount                          
1     0000c129  _ezDSP_uFECount                             
1     0000c12a  _ezDSP_uOECount                             
1     0000c12b  _ezDSP_uPECount                             
1     0000c12c  _ezDSP_uWrongISRCount                       
1     0000c12d  _ezDSP_ucRx                                 
1     0000c12e  _ezDSP_uState                               
1     0000c12f  _ezDSP_uData                                
1     0000c130  _ezDSP_uChksum                              
1     0000c131  _ezDSP_uAddrRdCnt                           
1     0000c132  _ezDSP_uDataRdCnt                           
1     0000c133  _ezDSP_uBlockSize                           
1     0000c134  _ezDSP_uBlockIndex                          
1     0000c135  _ezDSP_uChkSumCalculated                    
1     0000c136  _ezDSP_fFloat                               
1     0000c138  _ezDSP_ulData                               
1     0000c13a  _ezDSP_ulAddr                               
1     0000c13c  _ezDSP_ullData                              
1     0000c140  _data_ptr                                   
1     0000c206  _ezDSP_ringBuffer                           
1     0000c238  ___TI_enable_exit_profile_output            
1     0000c23a  ___TI_cleanup_ptr                           
1     0000c23c  ___TI_dtors_ptr                             
1     0000c23e  __lock                                      
1     0000c240  _CpuTimer0                                  
1     0000c248  _CpuTimer1                                  
1     0000c250  _CpuTimer2                                  
1     0000c258  _dac_temp                                   
1     0000c259  _DACTXBUF                                   
1     0000c25a  _dac_configuration                          
1     0000c26a  _ezDSP_nStartPos                            
1     0000c26b  _ezDSP_nEndPos                              
1     0000c26c  _ezDSP_nMaxBuffSize                         
1     0000c26d  _errno                                      
1     0000c26e  __unlock                                    
1     0000d000  _PieVectTableInit                           
1     0033fff8  _CsmPwl                                     
abs   00000300  __STACK_SIZE                                
abs   ffffffff  ___TI_pprof_out_hndl                        
abs   ffffffff  ___TI_prof_data_size                        
abs   ffffffff  ___TI_prof_data_start                       
abs   ffffffff  ___binit__                                  
abs   ffffffff  ___c_args__                                 
abs   ffffffff  ___pinit__                                  
abs   ffffffff  binit                                       
abs   ffffffff  pinit                                       

[464 symbols]
